Wireshark SSL debug log 

GnuTLS version:    3.8.4
Libgcrypt version: 1.10.2

KeyID[20]:
| cf 18 85 6d 7a 94 f3 20 69 e8 2a 3f ff 19 8f eb |...mz.. i.*?....|
| 25 06 eb 26                                     |%..&            |
ssl_init private key file /Volumes/home/projects/open/rama/.personal/key.pem successfully loaded.
invalid ssl_init_port: 

dissect_ssl enter frame #2 (first time)
packet_from_server: is from server - TRUE
  conversation = 0x138c46040, ssl_session = 0x138c46860
  record: offset = 0, reported_length_remaining = 45
ssl_try_set_version found version 0x0303 -> state 0x10
dissect_ssl3_record: content_type 23 Application Data
decrypt_ssl3_record: app_data len 40, ssl state 0x10
packet_from_server: is from server - TRUE
decrypt_ssl3_record: using server decoder
decrypt_ssl3_record: no decoder available

dissect_ssl enter frame #4 (first time)
packet_from_server: is from server - TRUE
  conversation = 0x138c47070, ssl_session = 0x138c47710
  record: offset = 0, reported_length_remaining = 60
ssl_try_set_version found version 0x0303 -> state 0x10
dissect_ssl3_record: content_type 23 Application Data
decrypt_ssl3_record: app_data len 55, ssl state 0x10
packet_from_server: is from server - TRUE
decrypt_ssl3_record: using server decoder
decrypt_ssl3_record: no decoder available

dissect_ssl enter frame #2 (already visited)
packet_from_server: is from server - TRUE
  conversation = 0x138c46040, ssl_session = 0x0
  record: offset = 0, reported_length_remaining = 45
dissect_ssl3_record: content_type 23 Application Data

dissect_ssl enter frame #4 (already visited)
packet_from_server: is from server - TRUE
  conversation = 0x138c47070, ssl_session = 0x0
  record: offset = 0, reported_length_remaining = 60
dissect_ssl3_record: content_type 23 Application Data

dissect_ssl enter frame #6 (first time)
packet_from_server: is from server - FALSE
  conversation = 0x138c46040, ssl_session = 0x138c46860
  record: offset = 0, reported_length_remaining = 300
dissect_ssl3_record: content_type 23 Application Data
decrypt_ssl3_record: app_data len 295, ssl state 0x10
packet_from_server: is from server - FALSE
decrypt_ssl3_record: using client decoder
decrypt_ssl3_record: no decoder available

dissect_ssl enter frame #8 (first time)
packet_from_server: is from server - FALSE
  conversation = 0x138c46040, ssl_session = 0x138c46860
  record: offset = 0, reported_length_remaining = 250
dissect_ssl3_record: content_type 23 Application Data
decrypt_ssl3_record: app_data len 245, ssl state 0x10
packet_from_server: is from server - FALSE
decrypt_ssl3_record: using client decoder
decrypt_ssl3_record: no decoder available

dissect_ssl enter frame #10 (first time)
packet_from_server: is from server - TRUE
  conversation = 0x138c46040, ssl_session = 0x138c46860
  record: offset = 0, reported_length_remaining = 45
dissect_ssl3_record: content_type 23 Application Data
decrypt_ssl3_record: app_data len 40, ssl state 0x10
packet_from_server: is from server - TRUE
decrypt_ssl3_record: using server decoder
decrypt_ssl3_record: no decoder available

dissect_ssl enter frame #11 (first time)
packet_from_server: is from server - TRUE
  conversation = 0x138c46040, ssl_session = 0x138c46860
  record: offset = 0, reported_length_remaining = 45
dissect_ssl3_record: content_type 23 Application Data
decrypt_ssl3_record: app_data len 40, ssl state 0x10
packet_from_server: is from server - TRUE
decrypt_ssl3_record: using server decoder
decrypt_ssl3_record: no decoder available

dissect_ssl enter frame #6 (already visited)
packet_from_server: is from server - FALSE
  conversation = 0x138c46040, ssl_session = 0x0
  record: offset = 0, reported_length_remaining = 300
dissect_ssl3_record: content_type 23 Application Data

dissect_ssl enter frame #8 (already visited)
packet_from_server: is from server - FALSE
  conversation = 0x138c46040, ssl_session = 0x0
  record: offset = 0, reported_length_remaining = 250
dissect_ssl3_record: content_type 23 Application Data

dissect_ssl enter frame #10 (already visited)
packet_from_server: is from server - TRUE
  conversation = 0x138c46040, ssl_session = 0x0
  record: offset = 0, reported_length_remaining = 45
dissect_ssl3_record: content_type 23 Application Data

dissect_ssl enter frame #11 (already visited)
packet_from_server: is from server - TRUE
  conversation = 0x138c46040, ssl_session = 0x0
  record: offset = 0, reported_length_remaining = 45
dissect_ssl3_record: content_type 23 Application Data

dissect_ssl enter frame #2 (already visited)
packet_from_server: is from server - TRUE
  conversation = 0x138c46040, ssl_session = 0x0
  record: offset = 0, reported_length_remaining = 45
dissect_ssl3_record: content_type 23 Application Data

dissect_ssl enter frame #4 (already visited)
packet_from_server: is from server - TRUE
  conversation = 0x138c47070, ssl_session = 0x0
  record: offset = 0, reported_length_remaining = 60
dissect_ssl3_record: content_type 23 Application Data

dissect_ssl enter frame #6 (already visited)
packet_from_server: is from server - FALSE
  conversation = 0x138c46040, ssl_session = 0x0
  record: offset = 0, reported_length_remaining = 300
dissect_ssl3_record: content_type 23 Application Data

dissect_ssl enter frame #8 (already visited)
packet_from_server: is from server - FALSE
  conversation = 0x138c46040, ssl_session = 0x0
  record: offset = 0, reported_length_remaining = 250
dissect_ssl3_record: content_type 23 Application Data

dissect_ssl enter frame #10 (already visited)
packet_from_server: is from server - TRUE
  conversation = 0x138c46040, ssl_session = 0x0
  record: offset = 0, reported_length_remaining = 45
dissect_ssl3_record: content_type 23 Application Data

dissect_ssl enter frame #11 (already visited)
packet_from_server: is from server - TRUE
  conversation = 0x138c46040, ssl_session = 0x0
  record: offset = 0, reported_length_remaining = 45
dissect_ssl3_record: content_type 23 Application Data

dissect_ssl enter frame #13 (first time)
packet_from_server: is from server - FALSE
  conversation = 0x138c46040, ssl_session = 0x138c46860
  record: offset = 0, reported_length_remaining = 198
dissect_ssl3_record: content_type 23 Application Data
decrypt_ssl3_record: app_data len 193, ssl state 0x10
packet_from_server: is from server - FALSE
decrypt_ssl3_record: using client decoder
decrypt_ssl3_record: no decoder available

dissect_ssl enter frame #13 (already visited)
packet_from_server: is from server - FALSE
  conversation = 0x138c46040, ssl_session = 0x0
  record: offset = 0, reported_length_remaining = 198
dissect_ssl3_record: content_type 23 Application Data

dissect_ssl enter frame #15 (first time)
packet_from_server: is from server - TRUE
  conversation = 0x138c46040, ssl_session = 0x138c46860
  record: offset = 0, reported_length_remaining = 45
dissect_ssl3_record: content_type 23 Application Data
decrypt_ssl3_record: app_data len 40, ssl state 0x10
packet_from_server: is from server - TRUE
decrypt_ssl3_record: using server decoder
decrypt_ssl3_record: no decoder available

dissect_ssl enter frame #18 (first time)
packet_from_server: is from server - FALSE
  conversation = 0x138c46040, ssl_session = 0x138c46860
  record: offset = 0, reported_length_remaining = 177
dissect_ssl3_record: content_type 23 Application Data
decrypt_ssl3_record: app_data len 172, ssl state 0x10
packet_from_server: is from server - FALSE
decrypt_ssl3_record: using client decoder
decrypt_ssl3_record: no decoder available

dissect_ssl enter frame #20 (first time)
packet_from_server: is from server - TRUE
  conversation = 0x138c46040, ssl_session = 0x138c46860
  record: offset = 0, reported_length_remaining = 45
dissect_ssl3_record: content_type 23 Application Data
decrypt_ssl3_record: app_data len 40, ssl state 0x10
packet_from_server: is from server - TRUE
decrypt_ssl3_record: using server decoder
decrypt_ssl3_record: no decoder available

dissect_ssl enter frame #15 (already visited)
packet_from_server: is from server - TRUE
  conversation = 0x138c46040, ssl_session = 0x0
  record: offset = 0, reported_length_remaining = 45
dissect_ssl3_record: content_type 23 Application Data

dissect_ssl enter frame #18 (already visited)
packet_from_server: is from server - FALSE
  conversation = 0x138c46040, ssl_session = 0x0
  record: offset = 0, reported_length_remaining = 177
dissect_ssl3_record: content_type 23 Application Data

dissect_ssl enter frame #20 (already visited)
packet_from_server: is from server - TRUE
  conversation = 0x138c46040, ssl_session = 0x0
  record: offset = 0, reported_length_remaining = 45
dissect_ssl3_record: content_type 23 Application Data

dissect_ssl enter frame #22 (first time)
packet_from_server: is from server - TRUE
  conversation = 0x138c4a1a0, ssl_session = 0x138c4a840
  record: offset = 0, reported_length_remaining = 60
ssl_try_set_version found version 0x0303 -> state 0x10
dissect_ssl3_record: content_type 23 Application Data
decrypt_ssl3_record: app_data len 55, ssl state 0x10
packet_from_server: is from server - TRUE
decrypt_ssl3_record: using server decoder
decrypt_ssl3_record: no decoder available

dissect_ssl enter frame #22 (already visited)
packet_from_server: is from server - TRUE
  conversation = 0x138c4a1a0, ssl_session = 0x0
  record: offset = 0, reported_length_remaining = 60
dissect_ssl3_record: content_type 23 Application Data

dissect_ssl enter frame #25 (first time)
packet_from_server: is from server - FALSE
  conversation = 0x138c4b820, ssl_session = 0x138c4bec0
  record: offset = 0, reported_length_remaining = 54
ssl_try_set_version found version 0x0303 -> state 0x10
dissect_ssl3_record: content_type 23 Application Data
decrypt_ssl3_record: app_data len 49, ssl state 0x10
packet_from_server: is from server - FALSE
decrypt_ssl3_record: using client decoder
decrypt_ssl3_record: no decoder available

dissect_ssl enter frame #27 (first time)
packet_from_server: is from server - TRUE
  conversation = 0x138c4b820, ssl_session = 0x138c4bec0
  record: offset = 0, reported_length_remaining = 56
dissect_ssl3_record: content_type 23 Application Data
decrypt_ssl3_record: app_data len 51, ssl state 0x10
packet_from_server: is from server - TRUE
decrypt_ssl3_record: using server decoder
decrypt_ssl3_record: no decoder available

dissect_ssl enter frame #25 (already visited)
packet_from_server: is from server - FALSE
  conversation = 0x138c4b820, ssl_session = 0x0
  record: offset = 0, reported_length_remaining = 54
dissect_ssl3_record: content_type 23 Application Data

dissect_ssl enter frame #27 (already visited)
packet_from_server: is from server - TRUE
  conversation = 0x138c4b820, ssl_session = 0x0
  record: offset = 0, reported_length_remaining = 56
dissect_ssl3_record: content_type 23 Application Data

dissect_ssl enter frame #30 (first time)
packet_from_server: is from server - TRUE
  conversation = 0x138c4cac0, ssl_session = 0x138c4d160
  record: offset = 0, reported_length_remaining = 60
ssl_try_set_version found version 0x0303 -> state 0x10
dissect_ssl3_record: content_type 23 Application Data
decrypt_ssl3_record: app_data len 55, ssl state 0x10
packet_from_server: is from server - TRUE
decrypt_ssl3_record: using server decoder
decrypt_ssl3_record: no decoder available

dissect_ssl enter frame #30 (already visited)
packet_from_server: is from server - TRUE
  conversation = 0x138c4cac0, ssl_session = 0x0
  record: offset = 0, reported_length_remaining = 60
dissect_ssl3_record: content_type 23 Application Data

dissect_ssl enter frame #32 (first time)
packet_from_server: is from server - FALSE
  conversation = 0x138c4d990, ssl_session = 0x138c4e0b0
  record: offset = 0, reported_length_remaining = 34
ssl_try_set_version found version 0x0303 -> state 0x10
dissect_ssl3_record: content_type 23 Application Data
decrypt_ssl3_record: app_data len 29, ssl state 0x10
packet_from_server: is from server - FALSE
decrypt_ssl3_record: using client decoder
decrypt_ssl3_record: no decoder available

dissect_ssl enter frame #34 (first time)
packet_from_server: is from server - FALSE
  conversation = 0x138c4d990, ssl_session = 0x138c4e0b0
  record: offset = 0, reported_length_remaining = 34
dissect_ssl3_record: content_type 23 Application Data
decrypt_ssl3_record: app_data len 29, ssl state 0x10
packet_from_server: is from server - FALSE
decrypt_ssl3_record: using client decoder
decrypt_ssl3_record: no decoder available

dissect_ssl enter frame #32 (already visited)
packet_from_server: is from server - FALSE
  conversation = 0x138c4d990, ssl_session = 0x0
  record: offset = 0, reported_length_remaining = 34
dissect_ssl3_record: content_type 23 Application Data

dissect_ssl enter frame #34 (already visited)
packet_from_server: is from server - FALSE
  conversation = 0x138c4d990, ssl_session = 0x0
  record: offset = 0, reported_length_remaining = 34
dissect_ssl3_record: content_type 23 Application Data

dissect_ssl enter frame #36 (first time)
packet_from_server: is from server - TRUE
  conversation = 0x138c47070, ssl_session = 0x138c47710
  record: offset = 0, reported_length_remaining = 60
dissect_ssl3_record: content_type 23 Application Data
decrypt_ssl3_record: app_data len 55, ssl state 0x10
packet_from_server: is from server - TRUE
decrypt_ssl3_record: using server decoder
decrypt_ssl3_record: no decoder available

dissect_ssl enter frame #36 (already visited)
packet_from_server: is from server - TRUE
  conversation = 0x138c47070, ssl_session = 0x0
  record: offset = 0, reported_length_remaining = 60
dissect_ssl3_record: content_type 23 Application Data

dissect_ssl enter frame #40 (first time)
packet_from_server: is from server - TRUE
  conversation = 0x138c4a1a0, ssl_session = 0x138c4a840
  record: offset = 0, reported_length_remaining = 60
dissect_ssl3_record: content_type 23 Application Data
decrypt_ssl3_record: app_data len 55, ssl state 0x10
packet_from_server: is from server - TRUE
decrypt_ssl3_record: using server decoder
decrypt_ssl3_record: no decoder available

dissect_ssl enter frame #40 (already visited)
packet_from_server: is from server - TRUE
  conversation = 0x138c4a1a0, ssl_session = 0x0
  record: offset = 0, reported_length_remaining = 60
dissect_ssl3_record: content_type 23 Application Data

dissect_ssl enter frame #2 (already visited)
packet_from_server: is from server - TRUE
  conversation = 0x138c46040, ssl_session = 0x0
  record: offset = 0, reported_length_remaining = 45
dissect_ssl3_record: content_type 23 Application Data

dissect_ssl enter frame #4 (already visited)
packet_from_server: is from server - TRUE
  conversation = 0x138c47070, ssl_session = 0x0
  record: offset = 0, reported_length_remaining = 60
dissect_ssl3_record: content_type 23 Application Data

dissect_ssl enter frame #6 (already visited)
packet_from_server: is from server - FALSE
  conversation = 0x138c46040, ssl_session = 0x0
  record: offset = 0, reported_length_remaining = 300
dissect_ssl3_record: content_type 23 Application Data

dissect_ssl enter frame #8 (already visited)
packet_from_server: is from server - FALSE
  conversation = 0x138c46040, ssl_session = 0x0
  record: offset = 0, reported_length_remaining = 250
dissect_ssl3_record: content_type 23 Application Data

dissect_ssl enter frame #10 (already visited)
packet_from_server: is from server - TRUE
  conversation = 0x138c46040, ssl_session = 0x0
  record: offset = 0, reported_length_remaining = 45
dissect_ssl3_record: content_type 23 Application Data

dissect_ssl enter frame #11 (already visited)
packet_from_server: is from server - TRUE
  conversation = 0x138c46040, ssl_session = 0x0
  record: offset = 0, reported_length_remaining = 45
dissect_ssl3_record: content_type 23 Application Data

dissect_ssl enter frame #13 (already visited)
packet_from_server: is from server - FALSE
  conversation = 0x138c46040, ssl_session = 0x0
  record: offset = 0, reported_length_remaining = 198
dissect_ssl3_record: content_type 23 Application Data

dissect_ssl enter frame #15 (already visited)
packet_from_server: is from server - TRUE
  conversation = 0x138c46040, ssl_session = 0x0
  record: offset = 0, reported_length_remaining = 45
dissect_ssl3_record: content_type 23 Application Data

dissect_ssl enter frame #18 (already visited)
packet_from_server: is from server - FALSE
  conversation = 0x138c46040, ssl_session = 0x0
  record: offset = 0, reported_length_remaining = 177
dissect_ssl3_record: content_type 23 Application Data

dissect_ssl enter frame #20 (already visited)
packet_from_server: is from server - TRUE
  conversation = 0x138c46040, ssl_session = 0x0
  record: offset = 0, reported_length_remaining = 45
dissect_ssl3_record: content_type 23 Application Data

dissect_ssl enter frame #22 (already visited)
packet_from_server: is from server - TRUE
  conversation = 0x138c4a1a0, ssl_session = 0x0
  record: offset = 0, reported_length_remaining = 60
dissect_ssl3_record: content_type 23 Application Data

dissect_ssl enter frame #25 (already visited)
packet_from_server: is from server - FALSE
  conversation = 0x138c4b820, ssl_session = 0x0
  record: offset = 0, reported_length_remaining = 54
dissect_ssl3_record: content_type 23 Application Data

dissect_ssl enter frame #27 (already visited)
packet_from_server: is from server - TRUE
  conversation = 0x138c4b820, ssl_session = 0x0
  record: offset = 0, reported_length_remaining = 56
dissect_ssl3_record: content_type 23 Application Data

dissect_ssl enter frame #30 (already visited)
packet_from_server: is from server - TRUE
  conversation = 0x138c4cac0, ssl_session = 0x0
  record: offset = 0, reported_length_remaining = 60
dissect_ssl3_record: content_type 23 Application Data

dissect_ssl enter frame #32 (already visited)
packet_from_server: is from server - FALSE
  conversation = 0x138c4d990, ssl_session = 0x0
  record: offset = 0, reported_length_remaining = 34
dissect_ssl3_record: content_type 23 Application Data

dissect_ssl enter frame #34 (already visited)
packet_from_server: is from server - FALSE
  conversation = 0x138c4d990, ssl_session = 0x0
  record: offset = 0, reported_length_remaining = 34
dissect_ssl3_record: content_type 23 Application Data

dissect_ssl enter frame #36 (already visited)
packet_from_server: is from server - TRUE
  conversation = 0x138c47070, ssl_session = 0x0
  record: offset = 0, reported_length_remaining = 60
dissect_ssl3_record: content_type 23 Application Data

dissect_ssl enter frame #40 (already visited)
packet_from_server: is from server - TRUE
  conversation = 0x138c4a1a0, ssl_session = 0x0
  record: offset = 0, reported_length_remaining = 60
dissect_ssl3_record: content_type 23 Application Data

dissect_ssl enter frame #42 (first time)
packet_from_server: is from server - FALSE
  conversation = 0x138c46040, ssl_session = 0x138c46860
  record: offset = 0, reported_length_remaining = 114
dissect_ssl3_record: content_type 23 Application Data
decrypt_ssl3_record: app_data len 109, ssl state 0x10
packet_from_server: is from server - FALSE
decrypt_ssl3_record: using client decoder
decrypt_ssl3_record: no decoder available

dissect_ssl enter frame #44 (first time)
packet_from_server: is from server - TRUE
  conversation = 0x138c46040, ssl_session = 0x138c46860
  record: offset = 0, reported_length_remaining = 45
dissect_ssl3_record: content_type 23 Application Data
decrypt_ssl3_record: app_data len 40, ssl state 0x10
packet_from_server: is from server - TRUE
decrypt_ssl3_record: using server decoder
decrypt_ssl3_record: no decoder available

dissect_ssl enter frame #48 (first time)
packet_from_server: is from server - TRUE
  conversation = 0x138c4cac0, ssl_session = 0x138c4d160
  record: offset = 0, reported_length_remaining = 60
dissect_ssl3_record: content_type 23 Application Data
decrypt_ssl3_record: app_data len 55, ssl state 0x10
packet_from_server: is from server - TRUE
decrypt_ssl3_record: using server decoder
decrypt_ssl3_record: no decoder available

dissect_ssl enter frame #52 (first time)
packet_from_server: is from server - FALSE
  conversation = 0x138c46040, ssl_session = 0x138c46860
  record: offset = 0, reported_length_remaining = 132
dissect_ssl3_record: content_type 23 Application Data
decrypt_ssl3_record: app_data len 127, ssl state 0x10
packet_from_server: is from server - FALSE
decrypt_ssl3_record: using client decoder
decrypt_ssl3_record: no decoder available

dissect_ssl enter frame #56 (first time)
packet_from_server: is from server - FALSE
  conversation = 0x138c46040, ssl_session = 0x138c46860
  record: offset = 0, reported_length_remaining = 132
dissect_ssl3_record: content_type 23 Application Data
decrypt_ssl3_record: app_data len 127, ssl state 0x10
packet_from_server: is from server - FALSE
decrypt_ssl3_record: using client decoder
decrypt_ssl3_record: no decoder available

dissect_ssl enter frame #59 (first time)
packet_from_server: is from server - FALSE
  conversation = 0x138c46040, ssl_session = 0x138c46860
  record: offset = 0, reported_length_remaining = 133
dissect_ssl3_record: content_type 23 Application Data
decrypt_ssl3_record: app_data len 128, ssl state 0x10
packet_from_server: is from server - FALSE
decrypt_ssl3_record: using client decoder
decrypt_ssl3_record: no decoder available

dissect_ssl enter frame #60 (first time)
packet_from_server: is from server - TRUE
  conversation = 0x138c46040, ssl_session = 0x138c46860
  record: offset = 0, reported_length_remaining = 45
dissect_ssl3_record: content_type 23 Application Data
decrypt_ssl3_record: app_data len 40, ssl state 0x10
packet_from_server: is from server - TRUE
decrypt_ssl3_record: using server decoder
decrypt_ssl3_record: no decoder available

dissect_ssl enter frame #61 (first time)
packet_from_server: is from server - TRUE
  conversation = 0x138c46040, ssl_session = 0x138c46860
  record: offset = 0, reported_length_remaining = 45
dissect_ssl3_record: content_type 23 Application Data
decrypt_ssl3_record: app_data len 40, ssl state 0x10
packet_from_server: is from server - TRUE
decrypt_ssl3_record: using server decoder
decrypt_ssl3_record: no decoder available

dissect_ssl enter frame #65 (first time)
packet_from_server: is from server - FALSE
  conversation = 0x138c52fc0, ssl_session = 0x138c54320
  record: offset = 0, reported_length_remaining = 517
dissect_ssl3_record: content_type 22 Handshake
decrypt_ssl3_record: app_data len 512, ssl state 0x00
packet_from_server: is from server - FALSE
decrypt_ssl3_record: using client decoder
decrypt_ssl3_record: no decoder available
dissect_ssl3_handshake iteration 1 type 1 offset 5 length 508 bytes
Calculating hash with offset 5 512
ssl_dissect_hnd_hello_common found CLIENT RANDOM -> state 0x01

dissect_ssl enter frame #68 (first time)
packet_from_server: is from server - TRUE
  conversation = 0x138c52fc0, ssl_session = 0x138c54320
  record: offset = 0, reported_length_remaining = 1440
ssl_try_set_version found version 0x0303 -> state 0x91
dissect_ssl3_record: content_type 22 Handshake
decrypt_ssl3_record: app_data len 122, ssl state 0x91
packet_from_server: is from server - TRUE
decrypt_ssl3_record: using server decoder
decrypt_ssl3_record: no decoder available
dissect_ssl3_handshake iteration 1 type 2 offset 5 length 118 bytes
ssl_try_set_version found version 0x0304 -> state 0x91
ssl_dissect_hnd_hello_common found SERVER RANDOM -> state 0x93
ssl_set_cipher found CIPHER 0x1302 TLS_AES_256_GCM_SHA384 -> state 0x97
trying to use TLS keylog in /Volumes/home/projects/open/rama/.personal/key.pem
  checking keylog line: -----BEGIN RSA PRIVATE KEY-----
    unrecognized line
  checking keylog line: MIIEowIBAAKCAQEAmxTFtw113RK70H9pQmdKs9AxhFmnQ6BdDtp3jOZlWlUO0Blt
    unrecognized line
  checking keylog line: MXOUML5905etgtCbcC6RdKRtgSAiDfgx3VWiFMJH++4gUtnaB9SN8GhNSPBpFfSa
    unrecognized line
  checking keylog line: 2JhWPo9HQNUsAZqlGTV4SzcGRqtWvdZxUiOfQ2TcvyXIqsaD19ivvqI1NhT6bl3t
    unrecognized line
  checking keylog line: redTZlzLLM6Wvkw6hfyHrJAPQP8LOlCIeDM4YIce6Gstv6qo9iCD4wJiY4u95HVL
    unrecognized line
  checking keylog line: 7RK8t8JpZAb7VR+dPhbHEvVpjwuYd5Q05OZ280gFyrhbrKLbqst104GOQT4kQMJG
    unrecognized line
  checking keylog line: WxGONyTX6np0Dx6O5jU7dvYvjVVawbJwGuaL6wIDAQABAoIBAGW9W/S6lO+DIcoo
    unrecognized line
  checking keylog line: PHL+9sg+tq2gb5ZzN3nOI45BfI6lrMEjXTqLG9ZasovFP2TJ3J/dPTnrwZdr8Et/
    unrecognized line
  checking keylog line: 357YViwORVFnKLeSCnMGpFPq6YEHj7mCrq+YSURjlRhYgbVPsi52oMOfhrOIJrEG
    unrecognized line
  checking keylog line: ZXPAwPRi0Ftqu1omQEqz8qA7JHOkjB2p0i2Xc/uOSJccCmUDMlksRYz8zFe8wHuD
    unrecognized line
  checking keylog line: XvUL2k23n2pBZ6wiez6Xjr0wUQ4ESI02x7PmYgA3aqF2Q6ECDwHhjVeQmAuypMF6
    unrecognized line
  checking keylog line: IaTjIJkWdZCW96pPaK1t+5nTNZ+Mg7tpJ/PRE4BkJvqcfHEOOl6wAE8gSk5uVApY
    unrecognized line
  checking keylog line: ZRKGmGkCgYEAzF9iRXYo7A/UphL11bR0gqxB6qnQl54iLhqS/E6CVNcmwJ2d9pF8
    unrecognized line
  checking keylog line: 5HTfSo1/lOXT3hGV8gizN2S5RmWBrc9HBZ+dNrVo7FYeeBiHu+opbX1X/C1HC0m1
    unrecognized line
  checking keylog line: wJNsyoXeqD1OFc1WbDpHz5iv4IOXzYdOdKiYEcTv5JkqE7jomqBLQk8CgYEAwkG/
    unrecognized line
  checking keylog line: rnwr4ThUo/DG5oH+l0LVnHkrJY+BUSI33g3eQ3eM0MSbfJXGT7snh5puJW0oXP7Z
    unrecognized line
  checking keylog line: Gw88nK3Vnz2nTPesiwtO2OkUVgrIgWryIvKHaqrYnapZHuM+io30jbZOVaVTMR9c
    unrecognized line
  checking keylog line: X/7/d5/evwXuP7p2DIdZKQKKFgROm1XnhNqVgaUCgYBD/ogHbCR5RVsOVciMbRlG
    unrecognized line
  checking keylog line: UGEt3YmUp/vfMuAsKUKbT2mJM+dWHVlb+LZBa4pC06QFgfxNJi/aAhzSGvtmBEww
    unrecognized line
  checking keylog line: xsXbaceauZwxgJfIIUPfNZCMSdQVIVTi2Smcx6UofBz6i/Jw14MEwlvhamaa7qVf
    unrecognized line
  checking keylog line: kqflYYwelga1wRNCPopLaQKBgQCWsZqZKQqBNMm0Q9yIhN+TR+2d7QFjqeePoRPl
    unrecognized line
  checking keylog line: 1qxNejhq25ojE607vNv1ff9kWUGuoqSZMUC76r6FQba/JoNbefI4otd7x/GzM9uS
    unrecognized line
  checking keylog line: 8MHMJazU4okwROkHYwgLxxkNp6rZuJJYheB4VDTfyyH/ng5lubmY7rdgTQcNyZ5I
    unrecognized line
  checking keylog line: majRYQKBgAMKJ3RlII0qvAfNFZr4Y2bNIq+60Z+Qu2W5xokIHCFNly3W1XDDKGFe
    unrecognized line
  checking keylog line: CCPHSvQljinke3P9gPt2HVdXxcnku9VkTti+JygxuLkVg7E0/SWwrWfGsaMJs+84
    unrecognized line
  checking keylog line: fK+mTZay2d3v24r9WKEKwLykngYPyZw5+BdWU0E+xx5lGUd3U4gG
    unrecognized line
  checking keylog line: -----END RSA PRIVATE KEY-----
    unrecognized line
tls13_load_secret transitioning to new key, old state 0x97
tls13_load_secret Cannot find CLIENT_HANDSHAKE_TRAFFIC_SECRET, decryption impossible
tls13_load_secret transitioning to new key, old state 0x97
tls13_load_secret Cannot find SERVER_HANDSHAKE_TRAFFIC_SECRET, decryption impossible
  record: offset = 127, reported_length_remaining = 1313
dissect_ssl3_record: content_type 20 Change Cipher Spec
  record: offset = 133, reported_length_remaining = 1307
dissect_ssl3_record: content_type 23 Application Data
decrypt_ssl3_record: app_data len 46, ssl state 0x97
packet_from_server: is from server - TRUE
decrypt_ssl3_record: using server decoder
decrypt_ssl3_record: no decoder available
  record: offset = 184, reported_length_remaining = 1256
  need_desegmentation: offset = 184, reported_length_remaining = 1256

dissect_ssl enter frame #76 (first time)
packet_from_server: is from server - TRUE
  conversation = 0x138c52fc0, ssl_session = 0x138c54320
  record: offset = 0, reported_length_remaining = 6381
dissect_ssl3_record: content_type 23 Application Data
decrypt_ssl3_record: app_data len 6376, ssl state 0x97
packet_from_server: is from server - TRUE
decrypt_ssl3_record: using server decoder
decrypt_ssl3_record: no decoder available

dissect_ssl enter frame #76 (first time)
packet_from_server: is from server - TRUE
  conversation = 0x138c52fc0, ssl_session = 0x138c54320
  record: offset = 0, reported_length_remaining = 360
dissect_ssl3_record: content_type 23 Application Data
decrypt_ssl3_record: app_data len 281, ssl state 0x97
packet_from_server: is from server - TRUE
decrypt_ssl3_record: using server decoder
decrypt_ssl3_record: no decoder available
  record: offset = 286, reported_length_remaining = 74
dissect_ssl3_record: content_type 23 Application Data
decrypt_ssl3_record: app_data len 69, ssl state 0x97
packet_from_server: is from server - TRUE
decrypt_ssl3_record: using server decoder
decrypt_ssl3_record: no decoder available

dissect_ssl enter frame #78 (first time)
packet_from_server: is from server - FALSE
  conversation = 0x138c52fc0, ssl_session = 0x138c54320
  record: offset = 0, reported_length_remaining = 80
dissect_ssl3_record: content_type 20 Change Cipher Spec
  record: offset = 6, reported_length_remaining = 74
dissect_ssl3_record: content_type 23 Application Data
decrypt_ssl3_record: app_data len 69, ssl state 0x97
packet_from_server: is from server - FALSE
decrypt_ssl3_record: using client decoder
decrypt_ssl3_record: no decoder available

dissect_ssl enter frame #79 (first time)
packet_from_server: is from server - FALSE
  conversation = 0x138c52fc0, ssl_session = 0x138c54320
  record: offset = 0, reported_length_remaining = 372
dissect_ssl3_record: content_type 23 Application Data
decrypt_ssl3_record: app_data len 367, ssl state 0x97
packet_from_server: is from server - FALSE
decrypt_ssl3_record: using client decoder
decrypt_ssl3_record: no decoder available

dissect_ssl enter frame #80 (first time)
packet_from_server: is from server - TRUE
  conversation = 0x138c52fc0, ssl_session = 0x138c54320
  record: offset = 0, reported_length_remaining = 287
dissect_ssl3_record: content_type 23 Application Data
decrypt_ssl3_record: app_data len 282, ssl state 0x97
packet_from_server: is from server - TRUE
decrypt_ssl3_record: using server decoder
decrypt_ssl3_record: no decoder available

dissect_ssl enter frame #81 (first time)
packet_from_server: is from server - TRUE
  conversation = 0x138c52fc0, ssl_session = 0x138c54320
  record: offset = 0, reported_length_remaining = 287
dissect_ssl3_record: content_type 23 Application Data
decrypt_ssl3_record: app_data len 282, ssl state 0x97
packet_from_server: is from server - TRUE
decrypt_ssl3_record: using server decoder
decrypt_ssl3_record: no decoder available

dissect_ssl enter frame #83 (first time)
packet_from_server: is from server - TRUE
  conversation = 0x138c52fc0, ssl_session = 0x138c54320
  record: offset = 0, reported_length_remaining = 61
dissect_ssl3_record: content_type 23 Application Data
decrypt_ssl3_record: app_data len 56, ssl state 0x97
packet_from_server: is from server - TRUE
decrypt_ssl3_record: using server decoder
decrypt_ssl3_record: no decoder available

dissect_ssl enter frame #84 (first time)
packet_from_server: is from server - TRUE
  conversation = 0x138c52fc0, ssl_session = 0x138c54320
  record: offset = 0, reported_length_remaining = 1211
dissect_ssl3_record: content_type 23 Application Data
decrypt_ssl3_record: app_data len 26, ssl state 0x97
packet_from_server: is from server - TRUE
decrypt_ssl3_record: using server decoder
decrypt_ssl3_record: no decoder available
  record: offset = 31, reported_length_remaining = 1180
dissect_ssl3_record: content_type 23 Application Data
decrypt_ssl3_record: app_data len 1175, ssl state 0x97
packet_from_server: is from server - TRUE
decrypt_ssl3_record: using server decoder
decrypt_ssl3_record: no decoder available

dissect_ssl enter frame #86 (first time)
packet_from_server: is from server - FALSE
  conversation = 0x138c52fc0, ssl_session = 0x138c54320
  record: offset = 0, reported_length_remaining = 31
dissect_ssl3_record: content_type 23 Application Data
decrypt_ssl3_record: app_data len 26, ssl state 0x97
packet_from_server: is from server - FALSE
decrypt_ssl3_record: using client decoder
decrypt_ssl3_record: no decoder available

dissect_ssl enter frame #87 (first time)
packet_from_server: is from server - TRUE
  conversation = 0x138c52fc0, ssl_session = 0x138c54320
  record: offset = 0, reported_length_remaining = 1440
  need_desegmentation: offset = 0, reported_length_remaining = 1440

dissect_ssl enter frame #96 (first time)
packet_from_server: is from server - FALSE
  conversation = 0x138c46040, ssl_session = 0x138c46860
  record: offset = 0, reported_length_remaining = 132
dissect_ssl3_record: content_type 23 Application Data
decrypt_ssl3_record: app_data len 127, ssl state 0x10
packet_from_server: is from server - FALSE
decrypt_ssl3_record: using client decoder
decrypt_ssl3_record: no decoder available

dissect_ssl enter frame #100 (first time)
packet_from_server: is from server - TRUE
  conversation = 0x138c46040, ssl_session = 0x138c46860
  record: offset = 0, reported_length_remaining = 45
dissect_ssl3_record: content_type 23 Application Data
decrypt_ssl3_record: app_data len 40, ssl state 0x10
packet_from_server: is from server - TRUE
decrypt_ssl3_record: using server decoder
decrypt_ssl3_record: no decoder available

dissect_ssl enter frame #112 (first time)
packet_from_server: is from server - TRUE
  conversation = 0x138c52fc0, ssl_session = 0x138c54320
  record: offset = 0, reported_length_remaining = 16406
dissect_ssl3_record: content_type 23 Application Data
decrypt_ssl3_record: app_data len 16401, ssl state 0x97
packet_from_server: is from server - TRUE
decrypt_ssl3_record: using server decoder
decrypt_ssl3_record: no decoder available

dissect_ssl enter frame #112 (first time)
packet_from_server: is from server - TRUE
  conversation = 0x138c52fc0, ssl_session = 0x138c54320
  record: offset = 0, reported_length_remaining = 874
dissect_ssl3_record: content_type 23 Application Data
decrypt_ssl3_record: app_data len 26, ssl state 0x97
packet_from_server: is from server - TRUE
decrypt_ssl3_record: using server decoder
decrypt_ssl3_record: no decoder available
  record: offset = 31, reported_length_remaining = 843
  need_desegmentation: offset = 31, reported_length_remaining = 843

dissect_ssl enter frame #122 (first time)
packet_from_server: is from server - TRUE
  conversation = 0x138c52fc0, ssl_session = 0x138c54320
  record: offset = 0, reported_length_remaining = 9389
dissect_ssl3_record: content_type 23 Application Data
decrypt_ssl3_record: app_data len 9384, ssl state 0x97
packet_from_server: is from server - TRUE
decrypt_ssl3_record: using server decoder
decrypt_ssl3_record: no decoder available

dissect_ssl enter frame #124 (first time)
packet_from_server: is from server - TRUE
  conversation = 0x138c46040, ssl_session = 0x138c46860
  record: offset = 0, reported_length_remaining = 45
dissect_ssl3_record: content_type 23 Application Data
decrypt_ssl3_record: app_data len 40, ssl state 0x10
packet_from_server: is from server - TRUE
decrypt_ssl3_record: using server decoder
decrypt_ssl3_record: no decoder available

dissect_ssl enter frame #128 (first time)
packet_from_server: is from server - TRUE
  conversation = 0x138c47070, ssl_session = 0x138c47710
  record: offset = 0, reported_length_remaining = 60
dissect_ssl3_record: content_type 23 Application Data
decrypt_ssl3_record: app_data len 55, ssl state 0x10
packet_from_server: is from server - TRUE
decrypt_ssl3_record: using server decoder
decrypt_ssl3_record: no decoder available

dissect_ssl enter frame #130 (first time)
packet_from_server: is from server - FALSE
  conversation = 0x138c46040, ssl_session = 0x138c46860
  record: offset = 0, reported_length_remaining = 118
dissect_ssl3_record: content_type 23 Application Data
decrypt_ssl3_record: app_data len 113, ssl state 0x10
packet_from_server: is from server - FALSE
decrypt_ssl3_record: using client decoder
decrypt_ssl3_record: no decoder available

dissect_ssl enter frame #131 (first time)
packet_from_server: is from server - TRUE
  conversation = 0x138c5d340, ssl_session = 0x138c5d9e0
  record: offset = 0, reported_length_remaining = 57
ssl_try_set_version found version 0x0303 -> state 0x10
dissect_ssl3_record: content_type 23 Application Data
decrypt_ssl3_record: app_data len 52, ssl state 0x10
packet_from_server: is from server - TRUE
decrypt_ssl3_record: using server decoder
decrypt_ssl3_record: no decoder available

dissect_ssl enter frame #134 (first time)
packet_from_server: is from server - TRUE
  conversation = 0x138c46040, ssl_session = 0x138c46860
  record: offset = 0, reported_length_remaining = 45
dissect_ssl3_record: content_type 23 Application Data
decrypt_ssl3_record: app_data len 40, ssl state 0x10
packet_from_server: is from server - TRUE
decrypt_ssl3_record: using server decoder
decrypt_ssl3_record: no decoder available

dissect_ssl enter frame #136 (first time)
packet_from_server: is from server - TRUE
  conversation = 0x138c5d340, ssl_session = 0x138c5d9e0
  record: offset = 0, reported_length_remaining = 42
dissect_ssl3_record: content_type 23 Application Data
decrypt_ssl3_record: app_data len 37, ssl state 0x10
packet_from_server: is from server - TRUE
decrypt_ssl3_record: using server decoder
decrypt_ssl3_record: no decoder available

dissect_ssl enter frame #138 (first time)
packet_from_server: is from server - TRUE
  conversation = 0x138c4a1a0, ssl_session = 0x138c4a840
  record: offset = 0, reported_length_remaining = 60
dissect_ssl3_record: content_type 23 Application Data
decrypt_ssl3_record: app_data len 55, ssl state 0x10
packet_from_server: is from server - TRUE
decrypt_ssl3_record: using server decoder
decrypt_ssl3_record: no decoder available

dissect_ssl enter frame #140 (first time)
packet_from_server: is from server - TRUE
  conversation = 0x138c5d340, ssl_session = 0x138c5d9e0
  record: offset = 0, reported_length_remaining = 42
dissect_ssl3_record: content_type 23 Application Data
decrypt_ssl3_record: app_data len 37, ssl state 0x10
packet_from_server: is from server - TRUE
decrypt_ssl3_record: using server decoder
decrypt_ssl3_record: no decoder available

dissect_ssl enter frame #142 (first time)
packet_from_server: is from server - TRUE
  conversation = 0x138c5d340, ssl_session = 0x138c5d9e0
  record: offset = 0, reported_length_remaining = 43
dissect_ssl3_record: content_type 23 Application Data
decrypt_ssl3_record: app_data len 38, ssl state 0x10
packet_from_server: is from server - TRUE
decrypt_ssl3_record: using server decoder
decrypt_ssl3_record: no decoder available

dissect_ssl enter frame #144 (first time)
packet_from_server: is from server - TRUE
  conversation = 0x138c5f780, ssl_session = 0x138c5fe20
  record: offset = 0, reported_length_remaining = 100
ssl_try_set_version found version 0x0303 -> state 0x10
dissect_ssl3_record: content_type 23 Application Data
decrypt_ssl3_record: app_data len 95, ssl state 0x10
packet_from_server: is from server - TRUE
decrypt_ssl3_record: using server decoder
decrypt_ssl3_record: no decoder available

dissect_ssl enter frame #146 (first time)
packet_from_server: is from server - FALSE
  conversation = 0x138c5f780, ssl_session = 0x138c5fe20
  record: offset = 0, reported_length_remaining = 104
dissect_ssl3_record: content_type 23 Application Data
decrypt_ssl3_record: app_data len 99, ssl state 0x10
packet_from_server: is from server - FALSE
decrypt_ssl3_record: using client decoder
decrypt_ssl3_record: no decoder available

dissect_ssl enter frame #148 (first time)
packet_from_server: is from server - FALSE
  conversation = 0x138c46040, ssl_session = 0x138c46860
  record: offset = 0, reported_length_remaining = 287
dissect_ssl3_record: content_type 23 Application Data
decrypt_ssl3_record: app_data len 282, ssl state 0x10
packet_from_server: is from server - FALSE
decrypt_ssl3_record: using client decoder
decrypt_ssl3_record: no decoder available

dissect_ssl enter frame #149 (first time)
packet_from_server: is from server - TRUE
  conversation = 0x138c4cac0, ssl_session = 0x138c4d160
  record: offset = 0, reported_length_remaining = 60
dissect_ssl3_record: content_type 23 Application Data
decrypt_ssl3_record: app_data len 55, ssl state 0x10
packet_from_server: is from server - TRUE
decrypt_ssl3_record: using server decoder
decrypt_ssl3_record: no decoder available

dissect_ssl enter frame #152 (first time)
packet_from_server: is from server - TRUE
  conversation = 0x138c46040, ssl_session = 0x138c46860
  record: offset = 0, reported_length_remaining = 45
dissect_ssl3_record: content_type 23 Application Data
decrypt_ssl3_record: app_data len 40, ssl state 0x10
packet_from_server: is from server - TRUE
decrypt_ssl3_record: using server decoder
decrypt_ssl3_record: no decoder available

dissect_ssl enter frame #154 (first time)
packet_from_server: is from server - TRUE
  conversation = 0x138c5d340, ssl_session = 0x138c5d9e0
  record: offset = 0, reported_length_remaining = 43
dissect_ssl3_record: content_type 23 Application Data
decrypt_ssl3_record: app_data len 38, ssl state 0x10
packet_from_server: is from server - TRUE
decrypt_ssl3_record: using server decoder
decrypt_ssl3_record: no decoder available

dissect_ssl enter frame #156 (first time)
packet_from_server: is from server - TRUE
  conversation = 0x138c47070, ssl_session = 0x138c47710
  record: offset = 0, reported_length_remaining = 60
dissect_ssl3_record: content_type 23 Application Data
decrypt_ssl3_record: app_data len 55, ssl state 0x10
packet_from_server: is from server - TRUE
decrypt_ssl3_record: using server decoder
decrypt_ssl3_record: no decoder available

dissect_ssl enter frame #158 (first time)
packet_from_server: is from server - TRUE
  conversation = 0x138c5d340, ssl_session = 0x138c5d9e0
  record: offset = 0, reported_length_remaining = 211
dissect_ssl3_record: content_type 23 Application Data
decrypt_ssl3_record: app_data len 206, ssl state 0x10
packet_from_server: is from server - TRUE
decrypt_ssl3_record: using server decoder
decrypt_ssl3_record: no decoder available

dissect_ssl enter frame #162 (first time)
packet_from_server: is from server - TRUE
  conversation = 0x138c5d340, ssl_session = 0x138c5d9e0
  record: offset = 0, reported_length_remaining = 43
dissect_ssl3_record: content_type 23 Application Data
decrypt_ssl3_record: app_data len 38, ssl state 0x10
packet_from_server: is from server - TRUE
decrypt_ssl3_record: using server decoder
decrypt_ssl3_record: no decoder available

dissect_ssl enter frame #164 (first time)
packet_from_server: is from server - TRUE
  conversation = 0x138c62d30, ssl_session = 0x138c633d0
  record: offset = 0, reported_length_remaining = 100
ssl_try_set_version found version 0x0303 -> state 0x10
dissect_ssl3_record: content_type 23 Application Data
decrypt_ssl3_record: app_data len 95, ssl state 0x10
packet_from_server: is from server - TRUE
decrypt_ssl3_record: using server decoder
decrypt_ssl3_record: no decoder available

dissect_ssl enter frame #166 (first time)
packet_from_server: is from server - FALSE
  conversation = 0x138c62d30, ssl_session = 0x138c633d0
  record: offset = 0, reported_length_remaining = 104
dissect_ssl3_record: content_type 23 Application Data
decrypt_ssl3_record: app_data len 99, ssl state 0x10
packet_from_server: is from server - FALSE
decrypt_ssl3_record: using client decoder
decrypt_ssl3_record: no decoder available

dissect_ssl enter frame #170 (first time)
packet_from_server: is from server - FALSE
  conversation = 0x138c46040, ssl_session = 0x138c46860
  record: offset = 0, reported_length_remaining = 207
dissect_ssl3_record: content_type 23 Application Data
decrypt_ssl3_record: app_data len 202, ssl state 0x10
packet_from_server: is from server - FALSE
decrypt_ssl3_record: using client decoder
decrypt_ssl3_record: no decoder available

dissect_ssl enter frame #171 (first time)
packet_from_server: is from server - FALSE
  conversation = 0x138c46040, ssl_session = 0x138c46860
  record: offset = 0, reported_length_remaining = 1440
dissect_ssl3_record: content_type 23 Application Data
decrypt_ssl3_record: app_data len 195, ssl state 0x10
packet_from_server: is from server - FALSE
decrypt_ssl3_record: using client decoder
decrypt_ssl3_record: no decoder available
  record: offset = 200, reported_length_remaining = 1240
dissect_ssl3_record: content_type 23 Application Data
decrypt_ssl3_record: app_data len 195, ssl state 0x10
packet_from_server: is from server - FALSE
decrypt_ssl3_record: using client decoder
decrypt_ssl3_record: no decoder available
  record: offset = 400, reported_length_remaining = 1040
dissect_ssl3_record: content_type 23 Application Data
decrypt_ssl3_record: app_data len 195, ssl state 0x10
packet_from_server: is from server - FALSE
decrypt_ssl3_record: using client decoder
decrypt_ssl3_record: no decoder available
  record: offset = 600, reported_length_remaining = 840
dissect_ssl3_record: content_type 23 Application Data
decrypt_ssl3_record: app_data len 196, ssl state 0x10
packet_from_server: is from server - FALSE
decrypt_ssl3_record: using client decoder
decrypt_ssl3_record: no decoder available
  record: offset = 801, reported_length_remaining = 639
dissect_ssl3_record: content_type 23 Application Data
decrypt_ssl3_record: app_data len 200, ssl state 0x10
packet_from_server: is from server - FALSE
decrypt_ssl3_record: using client decoder
decrypt_ssl3_record: no decoder available
  record: offset = 1006, reported_length_remaining = 434
dissect_ssl3_record: content_type 23 Application Data
decrypt_ssl3_record: app_data len 196, ssl state 0x10
packet_from_server: is from server - FALSE
decrypt_ssl3_record: using client decoder
decrypt_ssl3_record: no decoder available
  record: offset = 1207, reported_length_remaining = 233
dissect_ssl3_record: content_type 23 Application Data
decrypt_ssl3_record: app_data len 200, ssl state 0x10
packet_from_server: is from server - FALSE
decrypt_ssl3_record: using client decoder
decrypt_ssl3_record: no decoder available
  record: offset = 1412, reported_length_remaining = 28
  need_desegmentation: offset = 1412, reported_length_remaining = 28

dissect_ssl enter frame #172 (first time)
packet_from_server: is from server - FALSE
  conversation = 0x138c46040, ssl_session = 0x138c46860
  record: offset = 0, reported_length_remaining = 202
dissect_ssl3_record: content_type 23 Application Data
decrypt_ssl3_record: app_data len 197, ssl state 0x10
packet_from_server: is from server - FALSE
decrypt_ssl3_record: using client decoder
decrypt_ssl3_record: no decoder available

dissect_ssl enter frame #173 (first time)
packet_from_server: is from server - FALSE
  conversation = 0x138c46040, ssl_session = 0x138c46860
  record: offset = 0, reported_length_remaining = 1440
dissect_ssl3_record: content_type 23 Application Data
decrypt_ssl3_record: app_data len 201, ssl state 0x10
packet_from_server: is from server - FALSE
decrypt_ssl3_record: using client decoder
decrypt_ssl3_record: no decoder available
  record: offset = 206, reported_length_remaining = 1234
dissect_ssl3_record: content_type 23 Application Data
decrypt_ssl3_record: app_data len 204, ssl state 0x10
packet_from_server: is from server - FALSE
decrypt_ssl3_record: using client decoder
decrypt_ssl3_record: no decoder available
  record: offset = 415, reported_length_remaining = 1025
dissect_ssl3_record: content_type 23 Application Data
decrypt_ssl3_record: app_data len 199, ssl state 0x10
packet_from_server: is from server - FALSE
decrypt_ssl3_record: using client decoder
decrypt_ssl3_record: no decoder available
  record: offset = 619, reported_length_remaining = 821
dissect_ssl3_record: content_type 23 Application Data
decrypt_ssl3_record: app_data len 200, ssl state 0x10
packet_from_server: is from server - FALSE
decrypt_ssl3_record: using client decoder
decrypt_ssl3_record: no decoder available
  record: offset = 824, reported_length_remaining = 616
dissect_ssl3_record: content_type 23 Application Data
decrypt_ssl3_record: app_data len 207, ssl state 0x10
packet_from_server: is from server - FALSE
decrypt_ssl3_record: using client decoder
decrypt_ssl3_record: no decoder available
  record: offset = 1036, reported_length_remaining = 404
dissect_ssl3_record: content_type 23 Application Data
decrypt_ssl3_record: app_data len 200, ssl state 0x10
packet_from_server: is from server - FALSE
decrypt_ssl3_record: using client decoder
decrypt_ssl3_record: no decoder available
  record: offset = 1241, reported_length_remaining = 199
  need_desegmentation: offset = 1241, reported_length_remaining = 199

dissect_ssl enter frame #174 (first time)
packet_from_server: is from server - FALSE
  conversation = 0x138c46040, ssl_session = 0x138c46860
  record: offset = 0, reported_length_remaining = 203
dissect_ssl3_record: content_type 23 Application Data
decrypt_ssl3_record: app_data len 198, ssl state 0x10
packet_from_server: is from server - FALSE
decrypt_ssl3_record: using client decoder
decrypt_ssl3_record: no decoder available

dissect_ssl enter frame #178 (first time)
packet_from_server: is from server - FALSE
  conversation = 0x138c46040, ssl_session = 0x138c46860
  record: offset = 0, reported_length_remaining = 825
dissect_ssl3_record: content_type 23 Application Data
decrypt_ssl3_record: app_data len 198, ssl state 0x10
packet_from_server: is from server - FALSE
decrypt_ssl3_record: using client decoder
decrypt_ssl3_record: no decoder available
  record: offset = 203, reported_length_remaining = 622
dissect_ssl3_record: content_type 23 Application Data
decrypt_ssl3_record: app_data len 196, ssl state 0x10
packet_from_server: is from server - FALSE
decrypt_ssl3_record: using client decoder
decrypt_ssl3_record: no decoder available
  record: offset = 404, reported_length_remaining = 421
dissect_ssl3_record: content_type 23 Application Data
decrypt_ssl3_record: app_data len 201, ssl state 0x10
packet_from_server: is from server - FALSE
decrypt_ssl3_record: using client decoder
decrypt_ssl3_record: no decoder available
  record: offset = 610, reported_length_remaining = 215
dissect_ssl3_record: content_type 23 Application Data
decrypt_ssl3_record: app_data len 210, ssl state 0x10
packet_from_server: is from server - FALSE
decrypt_ssl3_record: using client decoder
decrypt_ssl3_record: no decoder available

dissect_ssl enter frame #185 (first time)
packet_from_server: is from server - TRUE
  conversation = 0x138c46040, ssl_session = 0x138c46860
  record: offset = 0, reported_length_remaining = 45
dissect_ssl3_record: content_type 23 Application Data
decrypt_ssl3_record: app_data len 40, ssl state 0x10
packet_from_server: is from server - TRUE
decrypt_ssl3_record: using server decoder
decrypt_ssl3_record: no decoder available

dissect_ssl enter frame #186 (first time)
packet_from_server: is from server - TRUE
  conversation = 0x138c46040, ssl_session = 0x138c46860
  record: offset = 0, reported_length_remaining = 45
dissect_ssl3_record: content_type 23 Application Data
decrypt_ssl3_record: app_data len 40, ssl state 0x10
packet_from_server: is from server - TRUE
decrypt_ssl3_record: using server decoder
decrypt_ssl3_record: no decoder available

dissect_ssl enter frame #187 (first time)
packet_from_server: is from server - TRUE
  conversation = 0x138c46040, ssl_session = 0x138c46860
  record: offset = 0, reported_length_remaining = 45
dissect_ssl3_record: content_type 23 Application Data
decrypt_ssl3_record: app_data len 40, ssl state 0x10
packet_from_server: is from server - TRUE
decrypt_ssl3_record: using server decoder
decrypt_ssl3_record: no decoder available

dissect_ssl enter frame #188 (first time)
packet_from_server: is from server - TRUE
  conversation = 0x138c46040, ssl_session = 0x138c46860
  record: offset = 0, reported_length_remaining = 45
dissect_ssl3_record: content_type 23 Application Data
decrypt_ssl3_record: app_data len 40, ssl state 0x10
packet_from_server: is from server - TRUE
decrypt_ssl3_record: using server decoder
decrypt_ssl3_record: no decoder available

dissect_ssl enter frame #189 (first time)
packet_from_server: is from server - TRUE
  conversation = 0x138c46040, ssl_session = 0x138c46860
  record: offset = 0, reported_length_remaining = 45
dissect_ssl3_record: content_type 23 Application Data
decrypt_ssl3_record: app_data len 40, ssl state 0x10
packet_from_server: is from server - TRUE
decrypt_ssl3_record: using server decoder
decrypt_ssl3_record: no decoder available

dissect_ssl enter frame #190 (first time)
packet_from_server: is from server - TRUE
  conversation = 0x138c46040, ssl_session = 0x138c46860
  record: offset = 0, reported_length_remaining = 45
dissect_ssl3_record: content_type 23 Application Data
decrypt_ssl3_record: app_data len 40, ssl state 0x10
packet_from_server: is from server - TRUE
decrypt_ssl3_record: using server decoder
decrypt_ssl3_record: no decoder available

dissect_ssl enter frame #191 (first time)
packet_from_server: is from server - TRUE
  conversation = 0x138c46040, ssl_session = 0x138c46860
  record: offset = 0, reported_length_remaining = 45
dissect_ssl3_record: content_type 23 Application Data
decrypt_ssl3_record: app_data len 40, ssl state 0x10
packet_from_server: is from server - TRUE
decrypt_ssl3_record: using server decoder
decrypt_ssl3_record: no decoder available

dissect_ssl enter frame #192 (first time)
packet_from_server: is from server - TRUE
  conversation = 0x138c46040, ssl_session = 0x138c46860
  record: offset = 0, reported_length_remaining = 45
dissect_ssl3_record: content_type 23 Application Data
decrypt_ssl3_record: app_data len 40, ssl state 0x10
packet_from_server: is from server - TRUE
decrypt_ssl3_record: using server decoder
decrypt_ssl3_record: no decoder available

dissect_ssl enter frame #193 (first time)
packet_from_server: is from server - TRUE
  conversation = 0x138c46040, ssl_session = 0x138c46860
  record: offset = 0, reported_length_remaining = 45
dissect_ssl3_record: content_type 23 Application Data
decrypt_ssl3_record: app_data len 40, ssl state 0x10
packet_from_server: is from server - TRUE
decrypt_ssl3_record: using server decoder
decrypt_ssl3_record: no decoder available

dissect_ssl enter frame #194 (first time)
packet_from_server: is from server - TRUE
  conversation = 0x138c46040, ssl_session = 0x138c46860
  record: offset = 0, reported_length_remaining = 45
dissect_ssl3_record: content_type 23 Application Data
decrypt_ssl3_record: app_data len 40, ssl state 0x10
packet_from_server: is from server - TRUE
decrypt_ssl3_record: using server decoder
decrypt_ssl3_record: no decoder available

dissect_ssl enter frame #200 (first time)
packet_from_server: is from server - FALSE
  conversation = 0x138c664f0, ssl_session = 0x138c69100
  record: offset = 0, reported_length_remaining = 517
dissect_ssl3_record: content_type 22 Handshake
decrypt_ssl3_record: app_data len 512, ssl state 0x00
packet_from_server: is from server - FALSE
decrypt_ssl3_record: using client decoder
decrypt_ssl3_record: no decoder available
dissect_ssl3_handshake iteration 1 type 1 offset 5 length 508 bytes
Calculating hash with offset 5 512
ssl_dissect_hnd_hello_common found CLIENT RANDOM -> state 0x01

dissect_ssl enter frame #202 (first time)
packet_from_server: is from server - TRUE
  conversation = 0x138c46040, ssl_session = 0x138c46860
  record: offset = 0, reported_length_remaining = 450
dissect_ssl3_record: content_type 23 Application Data
decrypt_ssl3_record: app_data len 40, ssl state 0x10
packet_from_server: is from server - TRUE
decrypt_ssl3_record: using server decoder
decrypt_ssl3_record: no decoder available
  record: offset = 45, reported_length_remaining = 405
dissect_ssl3_record: content_type 23 Application Data
decrypt_ssl3_record: app_data len 40, ssl state 0x10
packet_from_server: is from server - TRUE
decrypt_ssl3_record: using server decoder
decrypt_ssl3_record: no decoder available
  record: offset = 90, reported_length_remaining = 360
dissect_ssl3_record: content_type 23 Application Data
decrypt_ssl3_record: app_data len 40, ssl state 0x10
packet_from_server: is from server - TRUE
decrypt_ssl3_record: using server decoder
decrypt_ssl3_record: no decoder available
  record: offset = 135, reported_length_remaining = 315
dissect_ssl3_record: content_type 23 Application Data
decrypt_ssl3_record: app_data len 40, ssl state 0x10
packet_from_server: is from server - TRUE
decrypt_ssl3_record: using server decoder
decrypt_ssl3_record: no decoder available
  record: offset = 180, reported_length_remaining = 270
dissect_ssl3_record: content_type 23 Application Data
decrypt_ssl3_record: app_data len 40, ssl state 0x10
packet_from_server: is from server - TRUE
decrypt_ssl3_record: using server decoder
decrypt_ssl3_record: no decoder available
  record: offset = 225, reported_length_remaining = 225
dissect_ssl3_record: content_type 23 Application Data
decrypt_ssl3_record: app_data len 40, ssl state 0x10
packet_from_server: is from server - TRUE
decrypt_ssl3_record: using server decoder
decrypt_ssl3_record: no decoder available
  record: offset = 270, reported_length_remaining = 180
dissect_ssl3_record: content_type 23 Application Data
decrypt_ssl3_record: app_data len 40, ssl state 0x10
packet_from_server: is from server - TRUE
decrypt_ssl3_record: using server decoder
decrypt_ssl3_record: no decoder available
  record: offset = 315, reported_length_remaining = 135
dissect_ssl3_record: content_type 23 Application Data
decrypt_ssl3_record: app_data len 40, ssl state 0x10
packet_from_server: is from server - TRUE
decrypt_ssl3_record: using server decoder
decrypt_ssl3_record: no decoder available
  record: offset = 360, reported_length_remaining = 90
dissect_ssl3_record: content_type 23 Application Data
decrypt_ssl3_record: app_data len 40, ssl state 0x10
packet_from_server: is from server - TRUE
decrypt_ssl3_record: using server decoder
decrypt_ssl3_record: no decoder available
  record: offset = 405, reported_length_remaining = 45
dissect_ssl3_record: content_type 23 Application Data
decrypt_ssl3_record: app_data len 40, ssl state 0x10
packet_from_server: is from server - TRUE
decrypt_ssl3_record: using server decoder
decrypt_ssl3_record: no decoder available

dissect_ssl enter frame #205 (first time)
packet_from_server: is from server - TRUE
  conversation = 0x138c664f0, ssl_session = 0x138c69100
  record: offset = 0, reported_length_remaining = 1440
ssl_try_set_version found version 0x0303 -> state 0x91
dissect_ssl3_record: content_type 22 Handshake
decrypt_ssl3_record: app_data len 122, ssl state 0x91
packet_from_server: is from server - TRUE
decrypt_ssl3_record: using server decoder
decrypt_ssl3_record: no decoder available
dissect_ssl3_handshake iteration 1 type 2 offset 5 length 118 bytes
ssl_try_set_version found version 0x0304 -> state 0x91
ssl_dissect_hnd_hello_common found SERVER RANDOM -> state 0x93
ssl_set_cipher found CIPHER 0x1302 TLS_AES_256_GCM_SHA384 -> state 0x97
trying to use TLS keylog in /Volumes/home/projects/open/rama/.personal/key.pem
tls13_load_secret transitioning to new key, old state 0x97
tls13_load_secret Cannot find CLIENT_HANDSHAKE_TRAFFIC_SECRET, decryption impossible
tls13_load_secret transitioning to new key, old state 0x97
tls13_load_secret Cannot find SERVER_HANDSHAKE_TRAFFIC_SECRET, decryption impossible
  record: offset = 127, reported_length_remaining = 1313
dissect_ssl3_record: content_type 20 Change Cipher Spec
  record: offset = 133, reported_length_remaining = 1307
dissect_ssl3_record: content_type 23 Application Data
decrypt_ssl3_record: app_data len 42, ssl state 0x97
packet_from_server: is from server - TRUE
decrypt_ssl3_record: using server decoder
decrypt_ssl3_record: no decoder available
  record: offset = 180, reported_length_remaining = 1260
  need_desegmentation: offset = 180, reported_length_remaining = 1260

dissect_ssl enter frame #208 (first time)
packet_from_server: is from server - TRUE
  conversation = 0x138c664f0, ssl_session = 0x138c69100
  record: offset = 0, reported_length_remaining = 4437
dissect_ssl3_record: content_type 23 Application Data
decrypt_ssl3_record: app_data len 4432, ssl state 0x97
packet_from_server: is from server - TRUE
decrypt_ssl3_record: using server decoder
decrypt_ssl3_record: no decoder available

dissect_ssl enter frame #208 (first time)
packet_from_server: is from server - TRUE
  conversation = 0x138c664f0, ssl_session = 0x138c69100
  record: offset = 0, reported_length_remaining = 174
dissect_ssl3_record: content_type 23 Application Data
decrypt_ssl3_record: app_data len 95, ssl state 0x97
packet_from_server: is from server - TRUE
decrypt_ssl3_record: using server decoder
decrypt_ssl3_record: no decoder available
  record: offset = 100, reported_length_remaining = 74
dissect_ssl3_record: content_type 23 Application Data
decrypt_ssl3_record: app_data len 69, ssl state 0x97
packet_from_server: is from server - TRUE
decrypt_ssl3_record: using server decoder
decrypt_ssl3_record: no decoder available

dissect_ssl enter frame #211 (first time)
packet_from_server: is from server - FALSE
  conversation = 0x138c664f0, ssl_session = 0x138c69100
  record: offset = 0, reported_length_remaining = 80
dissect_ssl3_record: content_type 20 Change Cipher Spec
  record: offset = 6, reported_length_remaining = 74
dissect_ssl3_record: content_type 23 Application Data
decrypt_ssl3_record: app_data len 69, ssl state 0x97
packet_from_server: is from server - FALSE
decrypt_ssl3_record: using client decoder
decrypt_ssl3_record: no decoder available

dissect_ssl enter frame #212 (first time)
packet_from_server: is from server - FALSE
  conversation = 0x138c664f0, ssl_session = 0x138c69100
  record: offset = 0, reported_length_remaining = 569
dissect_ssl3_record: content_type 23 Application Data
decrypt_ssl3_record: app_data len 564, ssl state 0x97
packet_from_server: is from server - FALSE
decrypt_ssl3_record: using client decoder
decrypt_ssl3_record: no decoder available

dissect_ssl enter frame #213 (first time)
packet_from_server: is from server - FALSE
  conversation = 0x138c664f0, ssl_session = 0x138c69100
  record: offset = 0, reported_length_remaining = 99
dissect_ssl3_record: content_type 23 Application Data
decrypt_ssl3_record: app_data len 94, ssl state 0x97
packet_from_server: is from server - FALSE
decrypt_ssl3_record: using client decoder
decrypt_ssl3_record: no decoder available

dissect_ssl enter frame #214 (first time)
packet_from_server: is from server - TRUE
  conversation = 0x138c664f0, ssl_session = 0x138c69100
  record: offset = 0, reported_length_remaining = 303
dissect_ssl3_record: content_type 23 Application Data
decrypt_ssl3_record: app_data len 298, ssl state 0x97
packet_from_server: is from server - TRUE
decrypt_ssl3_record: using server decoder
decrypt_ssl3_record: no decoder available

dissect_ssl enter frame #215 (first time)
packet_from_server: is from server - TRUE
  conversation = 0x138c664f0, ssl_session = 0x138c69100
  record: offset = 0, reported_length_remaining = 303
dissect_ssl3_record: content_type 23 Application Data
decrypt_ssl3_record: app_data len 298, ssl state 0x97
packet_from_server: is from server - TRUE
decrypt_ssl3_record: using server decoder
decrypt_ssl3_record: no decoder available

dissect_ssl enter frame #220 (first time)
packet_from_server: is from server - TRUE
  conversation = 0x138c664f0, ssl_session = 0x138c69100
  record: offset = 0, reported_length_remaining = 1028
dissect_ssl3_record: content_type 23 Application Data
decrypt_ssl3_record: app_data len 1023, ssl state 0x97
packet_from_server: is from server - TRUE
decrypt_ssl3_record: using server decoder
decrypt_ssl3_record: no decoder available

dissect_ssl enter frame #223 (first time)
packet_from_server: is from server - TRUE
  conversation = 0x138c4a1a0, ssl_session = 0x138c4a840
  record: offset = 0, reported_length_remaining = 60
dissect_ssl3_record: content_type 23 Application Data
decrypt_ssl3_record: app_data len 55, ssl state 0x10
packet_from_server: is from server - TRUE
decrypt_ssl3_record: using server decoder
decrypt_ssl3_record: no decoder available

dissect_ssl enter frame #225 (first time)
packet_from_server: is from server - FALSE
  conversation = 0x138c46040, ssl_session = 0x138c46860
  record: offset = 0, reported_length_remaining = 347
dissect_ssl3_record: content_type 23 Application Data
decrypt_ssl3_record: app_data len 342, ssl state 0x10
packet_from_server: is from server - FALSE
decrypt_ssl3_record: using client decoder
decrypt_ssl3_record: no decoder available

dissect_ssl enter frame #226 (first time)
packet_from_server: is from server - FALSE
  conversation = 0x138c46040, ssl_session = 0x138c46860
  record: offset = 0, reported_length_remaining = 1440
dissect_ssl3_record: content_type 23 Application Data
decrypt_ssl3_record: app_data len 392, ssl state 0x10
packet_from_server: is from server - FALSE
decrypt_ssl3_record: using client decoder
decrypt_ssl3_record: no decoder available
  record: offset = 397, reported_length_remaining = 1043
dissect_ssl3_record: content_type 23 Application Data
decrypt_ssl3_record: app_data len 399, ssl state 0x10
packet_from_server: is from server - FALSE
decrypt_ssl3_record: using client decoder
decrypt_ssl3_record: no decoder available
  record: offset = 801, reported_length_remaining = 639
dissect_ssl3_record: content_type 23 Application Data
decrypt_ssl3_record: app_data len 391, ssl state 0x10
packet_from_server: is from server - FALSE
decrypt_ssl3_record: using client decoder
decrypt_ssl3_record: no decoder available
  record: offset = 1197, reported_length_remaining = 243
  need_desegmentation: offset = 1197, reported_length_remaining = 243

dissect_ssl enter frame #227 (first time)
packet_from_server: is from server - FALSE
  conversation = 0x138c46040, ssl_session = 0x138c46860
  record: offset = 0, reported_length_remaining = 257
dissect_ssl3_record: content_type 23 Application Data
decrypt_ssl3_record: app_data len 252, ssl state 0x10
packet_from_server: is from server - FALSE
decrypt_ssl3_record: using client decoder
decrypt_ssl3_record: no decoder available

dissect_ssl enter frame #228 (first time)
packet_from_server: is from server - FALSE
  conversation = 0x138c46040, ssl_session = 0x138c46860
  record: offset = 0, reported_length_remaining = 1440
dissect_ssl3_record: content_type 23 Application Data
decrypt_ssl3_record: app_data len 259, ssl state 0x10
packet_from_server: is from server - FALSE
decrypt_ssl3_record: using client decoder
decrypt_ssl3_record: no decoder available
  record: offset = 264, reported_length_remaining = 1176
dissect_ssl3_record: content_type 23 Application Data
decrypt_ssl3_record: app_data len 251, ssl state 0x10
packet_from_server: is from server - FALSE
decrypt_ssl3_record: using client decoder
decrypt_ssl3_record: no decoder available
  record: offset = 520, reported_length_remaining = 920
dissect_ssl3_record: content_type 23 Application Data
decrypt_ssl3_record: app_data len 390, ssl state 0x10
packet_from_server: is from server - FALSE
decrypt_ssl3_record: using client decoder
decrypt_ssl3_record: no decoder available
  record: offset = 915, reported_length_remaining = 525
dissect_ssl3_record: content_type 23 Application Data
decrypt_ssl3_record: app_data len 250, ssl state 0x10
packet_from_server: is from server - FALSE
decrypt_ssl3_record: using client decoder
decrypt_ssl3_record: no decoder available
  record: offset = 1170, reported_length_remaining = 270
  need_desegmentation: offset = 1170, reported_length_remaining = 270

dissect_ssl enter frame #229 (first time)
packet_from_server: is from server - FALSE
  conversation = 0x138c46040, ssl_session = 0x138c46860
  record: offset = 0, reported_length_remaining = 398
dissect_ssl3_record: content_type 23 Application Data
decrypt_ssl3_record: app_data len 393, ssl state 0x10
packet_from_server: is from server - FALSE
decrypt_ssl3_record: using client decoder
decrypt_ssl3_record: no decoder available

dissect_ssl enter frame #230 (first time)
packet_from_server: is from server - FALSE
  conversation = 0x138c46040, ssl_session = 0x138c46860
  record: offset = 0, reported_length_remaining = 1440
dissect_ssl3_record: content_type 23 Application Data
decrypt_ssl3_record: app_data len 393, ssl state 0x10
packet_from_server: is from server - FALSE
decrypt_ssl3_record: using client decoder
decrypt_ssl3_record: no decoder available
  record: offset = 398, reported_length_remaining = 1042
dissect_ssl3_record: content_type 23 Application Data
decrypt_ssl3_record: app_data len 253, ssl state 0x10
packet_from_server: is from server - FALSE
decrypt_ssl3_record: using client decoder
decrypt_ssl3_record: no decoder available
  record: offset = 656, reported_length_remaining = 784
dissect_ssl3_record: content_type 23 Application Data
decrypt_ssl3_record: app_data len 390, ssl state 0x10
packet_from_server: is from server - FALSE
decrypt_ssl3_record: using client decoder
decrypt_ssl3_record: no decoder available
  record: offset = 1051, reported_length_remaining = 389
dissect_ssl3_record: content_type 23 Application Data
decrypt_ssl3_record: app_data len 253, ssl state 0x10
packet_from_server: is from server - FALSE
decrypt_ssl3_record: using client decoder
decrypt_ssl3_record: no decoder available
  record: offset = 1309, reported_length_remaining = 131
  need_desegmentation: offset = 1309, reported_length_remaining = 131

dissect_ssl enter frame #231 (first time)
packet_from_server: is from server - FALSE
  conversation = 0x138c46040, ssl_session = 0x138c46860
  record: offset = 0, reported_length_remaining = 255
dissect_ssl3_record: content_type 23 Application Data
decrypt_ssl3_record: app_data len 250, ssl state 0x10
packet_from_server: is from server - FALSE
decrypt_ssl3_record: using client decoder
decrypt_ssl3_record: no decoder available

dissect_ssl enter frame #232 (first time)
packet_from_server: is from server - FALSE
  conversation = 0x138c46040, ssl_session = 0x138c46860
  record: offset = 0, reported_length_remaining = 1440
dissect_ssl3_record: content_type 23 Application Data
decrypt_ssl3_record: app_data len 388, ssl state 0x10
packet_from_server: is from server - FALSE
decrypt_ssl3_record: using client decoder
decrypt_ssl3_record: no decoder available
  record: offset = 393, reported_length_remaining = 1047
dissect_ssl3_record: content_type 23 Application Data
decrypt_ssl3_record: app_data len 248, ssl state 0x10
packet_from_server: is from server - FALSE
decrypt_ssl3_record: using client decoder
decrypt_ssl3_record: no decoder available
  record: offset = 646, reported_length_remaining = 794
dissect_ssl3_record: content_type 23 Application Data
decrypt_ssl3_record: app_data len 396, ssl state 0x10
packet_from_server: is from server - FALSE
decrypt_ssl3_record: using client decoder
decrypt_ssl3_record: no decoder available
  record: offset = 1047, reported_length_remaining = 393
dissect_ssl3_record: content_type 23 Application Data
decrypt_ssl3_record: app_data len 256, ssl state 0x10
packet_from_server: is from server - FALSE
decrypt_ssl3_record: using client decoder
decrypt_ssl3_record: no decoder available
  record: offset = 1308, reported_length_remaining = 132
  need_desegmentation: offset = 1308, reported_length_remaining = 132

dissect_ssl enter frame #233 (first time)
packet_from_server: is from server - FALSE
  conversation = 0x138c46040, ssl_session = 0x138c46860
  record: offset = 0, reported_length_remaining = 392
dissect_ssl3_record: content_type 23 Application Data
decrypt_ssl3_record: app_data len 387, ssl state 0x10
packet_from_server: is from server - FALSE
decrypt_ssl3_record: using client decoder
decrypt_ssl3_record: no decoder available

dissect_ssl enter frame #234 (first time)
packet_from_server: is from server - FALSE
  conversation = 0x138c46040, ssl_session = 0x138c46860
  record: offset = 0, reported_length_remaining = 1440
dissect_ssl3_record: content_type 23 Application Data
decrypt_ssl3_record: app_data len 389, ssl state 0x10
packet_from_server: is from server - FALSE
decrypt_ssl3_record: using client decoder
decrypt_ssl3_record: no decoder available
  record: offset = 394, reported_length_remaining = 1046
dissect_ssl3_record: content_type 23 Application Data
decrypt_ssl3_record: app_data len 387, ssl state 0x10
packet_from_server: is from server - FALSE
decrypt_ssl3_record: using client decoder
decrypt_ssl3_record: no decoder available
  record: offset = 786, reported_length_remaining = 654
dissect_ssl3_record: content_type 23 Application Data
decrypt_ssl3_record: app_data len 392, ssl state 0x10
packet_from_server: is from server - FALSE
decrypt_ssl3_record: using client decoder
decrypt_ssl3_record: no decoder available
  record: offset = 1183, reported_length_remaining = 257
dissect_ssl3_record: content_type 23 Application Data
decrypt_ssl3_record: app_data len 247, ssl state 0x10
packet_from_server: is from server - FALSE
decrypt_ssl3_record: using client decoder
decrypt_ssl3_record: no decoder available
  record: offset = 1435, reported_length_remaining = 5
  need_desegmentation: offset = 1435, reported_length_remaining = 5

dissect_ssl enter frame #235 (first time)
packet_from_server: is from server - FALSE
  conversation = 0x138c46040, ssl_session = 0x138c46860
  record: offset = 0, reported_length_remaining = 254
dissect_ssl3_record: content_type 23 Application Data
decrypt_ssl3_record: app_data len 249, ssl state 0x10
packet_from_server: is from server - FALSE
decrypt_ssl3_record: using client decoder
decrypt_ssl3_record: no decoder available

dissect_ssl enter frame #236 (first time)
packet_from_server: is from server - FALSE
  conversation = 0x138c46040, ssl_session = 0x138c46860
  record: offset = 0, reported_length_remaining = 1440
dissect_ssl3_record: content_type 23 Application Data
decrypt_ssl3_record: app_data len 387, ssl state 0x10
packet_from_server: is from server - FALSE
decrypt_ssl3_record: using client decoder
decrypt_ssl3_record: no decoder available
  record: offset = 392, reported_length_remaining = 1048
dissect_ssl3_record: content_type 23 Application Data
decrypt_ssl3_record: app_data len 392, ssl state 0x10
packet_from_server: is from server - FALSE
decrypt_ssl3_record: using client decoder
decrypt_ssl3_record: no decoder available
  record: offset = 789, reported_length_remaining = 651
dissect_ssl3_record: content_type 23 Application Data
decrypt_ssl3_record: app_data len 247, ssl state 0x10
packet_from_server: is from server - FALSE
decrypt_ssl3_record: using client decoder
decrypt_ssl3_record: no decoder available
  record: offset = 1041, reported_length_remaining = 399
dissect_ssl3_record: content_type 23 Application Data
decrypt_ssl3_record: app_data len 252, ssl state 0x10
packet_from_server: is from server - FALSE
decrypt_ssl3_record: using client decoder
decrypt_ssl3_record: no decoder available
  record: offset = 1298, reported_length_remaining = 142
  need_desegmentation: offset = 1298, reported_length_remaining = 142

dissect_ssl enter frame #237 (first time)
packet_from_server: is from server - FALSE
  conversation = 0x138c46040, ssl_session = 0x138c46860
  record: offset = 0, reported_length_remaining = 257
dissect_ssl3_record: content_type 23 Application Data
decrypt_ssl3_record: app_data len 252, ssl state 0x10
packet_from_server: is from server - FALSE
decrypt_ssl3_record: using client decoder
decrypt_ssl3_record: no decoder available

dissect_ssl enter frame #238 (first time)
packet_from_server: is from server - FALSE
  conversation = 0x138c46040, ssl_session = 0x138c46860
  record: offset = 0, reported_length_remaining = 1440
dissect_ssl3_record: content_type 23 Application Data
decrypt_ssl3_record: app_data len 247, ssl state 0x10
packet_from_server: is from server - FALSE
decrypt_ssl3_record: using client decoder
decrypt_ssl3_record: no decoder available
  record: offset = 252, reported_length_remaining = 1188
dissect_ssl3_record: content_type 23 Application Data
decrypt_ssl3_record: app_data len 389, ssl state 0x10
packet_from_server: is from server - FALSE
decrypt_ssl3_record: using client decoder
decrypt_ssl3_record: no decoder available
  record: offset = 646, reported_length_remaining = 794
dissect_ssl3_record: content_type 23 Application Data
decrypt_ssl3_record: app_data len 249, ssl state 0x10
packet_from_server: is from server - FALSE
decrypt_ssl3_record: using client decoder
decrypt_ssl3_record: no decoder available
  record: offset = 900, reported_length_remaining = 540
dissect_ssl3_record: content_type 23 Application Data
decrypt_ssl3_record: app_data len 387, ssl state 0x10
packet_from_server: is from server - FALSE
decrypt_ssl3_record: using client decoder
decrypt_ssl3_record: no decoder available
  record: offset = 1292, reported_length_remaining = 148
  need_desegmentation: offset = 1292, reported_length_remaining = 148

dissect_ssl enter frame #239 (first time)
packet_from_server: is from server - FALSE
  conversation = 0x138c46040, ssl_session = 0x138c46860
  record: offset = 0, reported_length_remaining = 252
dissect_ssl3_record: content_type 23 Application Data
decrypt_ssl3_record: app_data len 247, ssl state 0x10
packet_from_server: is from server - FALSE
decrypt_ssl3_record: using client decoder
decrypt_ssl3_record: no decoder available

dissect_ssl enter frame #240 (first time)
packet_from_server: is from server - FALSE
  conversation = 0x138c46040, ssl_session = 0x138c46860
  record: offset = 0, reported_length_remaining = 1440
dissect_ssl3_record: content_type 23 Application Data
decrypt_ssl3_record: app_data len 389, ssl state 0x10
packet_from_server: is from server - FALSE
decrypt_ssl3_record: using client decoder
decrypt_ssl3_record: no decoder available
  record: offset = 394, reported_length_remaining = 1046
dissect_ssl3_record: content_type 23 Application Data
decrypt_ssl3_record: app_data len 249, ssl state 0x10
packet_from_server: is from server - FALSE
decrypt_ssl3_record: using client decoder
decrypt_ssl3_record: no decoder available
  record: offset = 648, reported_length_remaining = 792
dissect_ssl3_record: content_type 23 Application Data
decrypt_ssl3_record: app_data len 391, ssl state 0x10
packet_from_server: is from server - FALSE
decrypt_ssl3_record: using client decoder
decrypt_ssl3_record: no decoder available
  record: offset = 1044, reported_length_remaining = 396
dissect_ssl3_record: content_type 23 Application Data
decrypt_ssl3_record: app_data len 251, ssl state 0x10
packet_from_server: is from server - FALSE
decrypt_ssl3_record: using client decoder
decrypt_ssl3_record: no decoder available
  record: offset = 1300, reported_length_remaining = 140
  need_desegmentation: offset = 1300, reported_length_remaining = 140

dissect_ssl enter frame #241 (first time)
packet_from_server: is from server - FALSE
  conversation = 0x138c46040, ssl_session = 0x138c46860
  record: offset = 0, reported_length_remaining = 397
dissect_ssl3_record: content_type 23 Application Data
decrypt_ssl3_record: app_data len 392, ssl state 0x10
packet_from_server: is from server - FALSE
decrypt_ssl3_record: using client decoder
decrypt_ssl3_record: no decoder available

dissect_ssl enter frame #242 (first time)
packet_from_server: is from server - FALSE
  conversation = 0x138c46040, ssl_session = 0x138c46860
  record: offset = 0, reported_length_remaining = 1440
dissect_ssl3_record: content_type 23 Application Data
decrypt_ssl3_record: app_data len 252, ssl state 0x10
packet_from_server: is from server - FALSE
decrypt_ssl3_record: using client decoder
decrypt_ssl3_record: no decoder available
  record: offset = 257, reported_length_remaining = 1183
dissect_ssl3_record: content_type 23 Application Data
decrypt_ssl3_record: app_data len 389, ssl state 0x10
packet_from_server: is from server - FALSE
decrypt_ssl3_record: using client decoder
decrypt_ssl3_record: no decoder available
  record: offset = 651, reported_length_remaining = 789
dissect_ssl3_record: content_type 23 Application Data
decrypt_ssl3_record: app_data len 249, ssl state 0x10
packet_from_server: is from server - FALSE
decrypt_ssl3_record: using client decoder
decrypt_ssl3_record: no decoder available
  record: offset = 905, reported_length_remaining = 535
dissect_ssl3_record: content_type 23 Application Data
decrypt_ssl3_record: app_data len 391, ssl state 0x10
packet_from_server: is from server - FALSE
decrypt_ssl3_record: using client decoder
decrypt_ssl3_record: no decoder available
  record: offset = 1301, reported_length_remaining = 139
  need_desegmentation: offset = 1301, reported_length_remaining = 139

dissect_ssl enter frame #243 (first time)
packet_from_server: is from server - FALSE
  conversation = 0x138c46040, ssl_session = 0x138c46860
  record: offset = 0, reported_length_remaining = 256
dissect_ssl3_record: content_type 23 Application Data
decrypt_ssl3_record: app_data len 251, ssl state 0x10
packet_from_server: is from server - FALSE
decrypt_ssl3_record: using client decoder
decrypt_ssl3_record: no decoder available

dissect_ssl enter frame #244 (first time)
packet_from_server: is from server - FALSE
  conversation = 0x138c46040, ssl_session = 0x138c46860
  record: offset = 0, reported_length_remaining = 1440
dissect_ssl3_record: content_type 23 Application Data
decrypt_ssl3_record: app_data len 391, ssl state 0x10
packet_from_server: is from server - FALSE
decrypt_ssl3_record: using client decoder
decrypt_ssl3_record: no decoder available
  record: offset = 396, reported_length_remaining = 1044
dissect_ssl3_record: content_type 23 Application Data
decrypt_ssl3_record: app_data len 251, ssl state 0x10
packet_from_server: is from server - FALSE
decrypt_ssl3_record: using client decoder
decrypt_ssl3_record: no decoder available
  record: offset = 652, reported_length_remaining = 788
dissect_ssl3_record: content_type 23 Application Data
decrypt_ssl3_record: app_data len 392, ssl state 0x10
packet_from_server: is from server - FALSE
decrypt_ssl3_record: using client decoder
decrypt_ssl3_record: no decoder available
  record: offset = 1049, reported_length_remaining = 391
dissect_ssl3_record: content_type 23 Application Data
decrypt_ssl3_record: app_data len 252, ssl state 0x10
packet_from_server: is from server - FALSE
decrypt_ssl3_record: using client decoder
decrypt_ssl3_record: no decoder available
  record: offset = 1306, reported_length_remaining = 134
  need_desegmentation: offset = 1306, reported_length_remaining = 134

dissect_ssl enter frame #245 (first time)
packet_from_server: is from server - FALSE
  conversation = 0x138c46040, ssl_session = 0x138c46860
  record: offset = 0, reported_length_remaining = 392
dissect_ssl3_record: content_type 23 Application Data
decrypt_ssl3_record: app_data len 387, ssl state 0x10
packet_from_server: is from server - FALSE
decrypt_ssl3_record: using client decoder
decrypt_ssl3_record: no decoder available

dissect_ssl enter frame #246 (first time)
packet_from_server: is from server - FALSE
  conversation = 0x138c46040, ssl_session = 0x138c46860
  record: offset = 0, reported_length_remaining = 1440
dissect_ssl3_record: content_type 23 Application Data
decrypt_ssl3_record: app_data len 247, ssl state 0x10
packet_from_server: is from server - FALSE
decrypt_ssl3_record: using client decoder
decrypt_ssl3_record: no decoder available
  record: offset = 252, reported_length_remaining = 1188
dissect_ssl3_record: content_type 23 Application Data
decrypt_ssl3_record: app_data len 388, ssl state 0x10
packet_from_server: is from server - FALSE
decrypt_ssl3_record: using client decoder
decrypt_ssl3_record: no decoder available
  record: offset = 645, reported_length_remaining = 795
dissect_ssl3_record: content_type 23 Application Data
decrypt_ssl3_record: app_data len 248, ssl state 0x10
packet_from_server: is from server - FALSE
decrypt_ssl3_record: using client decoder
decrypt_ssl3_record: no decoder available
  record: offset = 898, reported_length_remaining = 542
dissect_ssl3_record: content_type 23 Application Data
decrypt_ssl3_record: app_data len 388, ssl state 0x10
packet_from_server: is from server - FALSE
decrypt_ssl3_record: using client decoder
decrypt_ssl3_record: no decoder available
  record: offset = 1291, reported_length_remaining = 149
  need_desegmentation: offset = 1291, reported_length_remaining = 149

dissect_ssl enter frame #247 (first time)
packet_from_server: is from server - FALSE
  conversation = 0x138c46040, ssl_session = 0x138c46860
  record: offset = 0, reported_length_remaining = 253
dissect_ssl3_record: content_type 23 Application Data
decrypt_ssl3_record: app_data len 248, ssl state 0x10
packet_from_server: is from server - FALSE
decrypt_ssl3_record: using client decoder
decrypt_ssl3_record: no decoder available

dissect_ssl enter frame #248 (first time)
packet_from_server: is from server - FALSE
  conversation = 0x138c46040, ssl_session = 0x138c46860
  record: offset = 0, reported_length_remaining = 1440
dissect_ssl3_record: content_type 23 Application Data
decrypt_ssl3_record: app_data len 394, ssl state 0x10
packet_from_server: is from server - FALSE
decrypt_ssl3_record: using client decoder
decrypt_ssl3_record: no decoder available
  record: offset = 399, reported_length_remaining = 1041
dissect_ssl3_record: content_type 23 Application Data
decrypt_ssl3_record: app_data len 254, ssl state 0x10
packet_from_server: is from server - FALSE
decrypt_ssl3_record: using client decoder
decrypt_ssl3_record: no decoder available
  record: offset = 658, reported_length_remaining = 782
dissect_ssl3_record: content_type 23 Application Data
decrypt_ssl3_record: app_data len 389, ssl state 0x10
packet_from_server: is from server - FALSE
decrypt_ssl3_record: using client decoder
decrypt_ssl3_record: no decoder available
  record: offset = 1052, reported_length_remaining = 388
dissect_ssl3_record: content_type 23 Application Data
decrypt_ssl3_record: app_data len 249, ssl state 0x10
packet_from_server: is from server - FALSE
decrypt_ssl3_record: using client decoder
decrypt_ssl3_record: no decoder available
  record: offset = 1306, reported_length_remaining = 134
  need_desegmentation: offset = 1306, reported_length_remaining = 134

dissect_ssl enter frame #249 (first time)
packet_from_server: is from server - FALSE
  conversation = 0x138c46040, ssl_session = 0x138c46860
  record: offset = 0, reported_length_remaining = 372
dissect_ssl3_record: content_type 23 Application Data
decrypt_ssl3_record: app_data len 367, ssl state 0x10
packet_from_server: is from server - FALSE
decrypt_ssl3_record: using client decoder
decrypt_ssl3_record: no decoder available

dissect_ssl enter frame #250 (first time)
packet_from_server: is from server - FALSE
  conversation = 0x138c46040, ssl_session = 0x138c46860
  record: offset = 0, reported_length_remaining = 1440
dissect_ssl3_record: content_type 23 Application Data
decrypt_ssl3_record: app_data len 349, ssl state 0x10
packet_from_server: is from server - FALSE
decrypt_ssl3_record: using client decoder
decrypt_ssl3_record: no decoder available
  record: offset = 354, reported_length_remaining = 1086
dissect_ssl3_record: content_type 23 Application Data
decrypt_ssl3_record: app_data len 336, ssl state 0x10
packet_from_server: is from server - FALSE
decrypt_ssl3_record: using client decoder
decrypt_ssl3_record: no decoder available
  record: offset = 695, reported_length_remaining = 745
dissect_ssl3_record: content_type 23 Application Data
decrypt_ssl3_record: app_data len 373, ssl state 0x10
packet_from_server: is from server - FALSE
decrypt_ssl3_record: using client decoder
decrypt_ssl3_record: no decoder available
  record: offset = 1073, reported_length_remaining = 367
  need_desegmentation: offset = 1073, reported_length_remaining = 367

dissect_ssl enter frame #251 (first time)
packet_from_server: is from server - FALSE
  conversation = 0x138c46040, ssl_session = 0x138c46860
  record: offset = 0, reported_length_remaining = 399
dissect_ssl3_record: content_type 23 Application Data
decrypt_ssl3_record: app_data len 394, ssl state 0x10
packet_from_server: is from server - FALSE
decrypt_ssl3_record: using client decoder
decrypt_ssl3_record: no decoder available

dissect_ssl enter frame #253 (first time)
packet_from_server: is from server - FALSE
  conversation = 0x138c46040, ssl_session = 0x138c46860
  record: offset = 0, reported_length_remaining = 1440
dissect_ssl3_record: content_type 23 Application Data
decrypt_ssl3_record: app_data len 254, ssl state 0x10
packet_from_server: is from server - FALSE
decrypt_ssl3_record: using client decoder
decrypt_ssl3_record: no decoder available
  record: offset = 259, reported_length_remaining = 1181
dissect_ssl3_record: content_type 23 Application Data
decrypt_ssl3_record: app_data len 391, ssl state 0x10
packet_from_server: is from server - FALSE
decrypt_ssl3_record: using client decoder
decrypt_ssl3_record: no decoder available
  record: offset = 655, reported_length_remaining = 785
dissect_ssl3_record: content_type 23 Application Data
decrypt_ssl3_record: app_data len 251, ssl state 0x10
packet_from_server: is from server - FALSE
decrypt_ssl3_record: using client decoder
decrypt_ssl3_record: no decoder available
  record: offset = 911, reported_length_remaining = 529
dissect_ssl3_record: content_type 23 Application Data
decrypt_ssl3_record: app_data len 393, ssl state 0x10
packet_from_server: is from server - FALSE
decrypt_ssl3_record: using client decoder
decrypt_ssl3_record: no decoder available
  record: offset = 1309, reported_length_remaining = 131
  need_desegmentation: offset = 1309, reported_length_remaining = 131

dissect_ssl enter frame #254 (first time)
packet_from_server: is from server - FALSE
  conversation = 0x138c46040, ssl_session = 0x138c46860
  record: offset = 0, reported_length_remaining = 258
dissect_ssl3_record: content_type 23 Application Data
decrypt_ssl3_record: app_data len 253, ssl state 0x10
packet_from_server: is from server - FALSE
decrypt_ssl3_record: using client decoder
decrypt_ssl3_record: no decoder available

dissect_ssl enter frame #262 (first time)
packet_from_server: is from server - FALSE
  conversation = 0x138c46040, ssl_session = 0x138c46860
  record: offset = 0, reported_length_remaining = 337
dissect_ssl3_record: content_type 23 Application Data
decrypt_ssl3_record: app_data len 332, ssl state 0x10
packet_from_server: is from server - FALSE
decrypt_ssl3_record: using client decoder
decrypt_ssl3_record: no decoder available

dissect_ssl enter frame #263 (first time)
packet_from_server: is from server - TRUE
  conversation = 0x138c46040, ssl_session = 0x138c46860
  record: offset = 0, reported_length_remaining = 45
dissect_ssl3_record: content_type 23 Application Data
decrypt_ssl3_record: app_data len 40, ssl state 0x10
packet_from_server: is from server - TRUE
decrypt_ssl3_record: using server decoder
decrypt_ssl3_record: no decoder available

dissect_ssl enter frame #264 (first time)
packet_from_server: is from server - TRUE
  conversation = 0x138c46040, ssl_session = 0x138c46860
  record: offset = 0, reported_length_remaining = 45
dissect_ssl3_record: content_type 23 Application Data
decrypt_ssl3_record: app_data len 40, ssl state 0x10
packet_from_server: is from server - TRUE
decrypt_ssl3_record: using server decoder
decrypt_ssl3_record: no decoder available

dissect_ssl enter frame #265 (first time)
packet_from_server: is from server - TRUE
  conversation = 0x138c46040, ssl_session = 0x138c46860
  record: offset = 0, reported_length_remaining = 90
dissect_ssl3_record: content_type 23 Application Data
decrypt_ssl3_record: app_data len 40, ssl state 0x10
packet_from_server: is from server - TRUE
decrypt_ssl3_record: using server decoder
decrypt_ssl3_record: no decoder available
  record: offset = 45, reported_length_remaining = 45
dissect_ssl3_record: content_type 23 Application Data
decrypt_ssl3_record: app_data len 40, ssl state 0x10
packet_from_server: is from server - TRUE
decrypt_ssl3_record: using server decoder
decrypt_ssl3_record: no decoder available

dissect_ssl enter frame #266 (first time)
packet_from_server: is from server - TRUE
  conversation = 0x138c46040, ssl_session = 0x138c46860
  record: offset = 0, reported_length_remaining = 45
dissect_ssl3_record: content_type 23 Application Data
decrypt_ssl3_record: app_data len 40, ssl state 0x10
packet_from_server: is from server - TRUE
decrypt_ssl3_record: using server decoder
decrypt_ssl3_record: no decoder available

dissect_ssl enter frame #267 (first time)
packet_from_server: is from server - TRUE
  conversation = 0x138c46040, ssl_session = 0x138c46860
  record: offset = 0, reported_length_remaining = 45
dissect_ssl3_record: content_type 23 Application Data
decrypt_ssl3_record: app_data len 40, ssl state 0x10
packet_from_server: is from server - TRUE
decrypt_ssl3_record: using server decoder
decrypt_ssl3_record: no decoder available

dissect_ssl enter frame #268 (first time)
packet_from_server: is from server - TRUE
  conversation = 0x138c46040, ssl_session = 0x138c46860
  record: offset = 0, reported_length_remaining = 90
dissect_ssl3_record: content_type 23 Application Data
decrypt_ssl3_record: app_data len 40, ssl state 0x10
packet_from_server: is from server - TRUE
decrypt_ssl3_record: using server decoder
decrypt_ssl3_record: no decoder available
  record: offset = 45, reported_length_remaining = 45
dissect_ssl3_record: content_type 23 Application Data
decrypt_ssl3_record: app_data len 40, ssl state 0x10
packet_from_server: is from server - TRUE
decrypt_ssl3_record: using server decoder
decrypt_ssl3_record: no decoder available

dissect_ssl enter frame #269 (first time)
packet_from_server: is from server - TRUE
  conversation = 0x138c46040, ssl_session = 0x138c46860
  record: offset = 0, reported_length_remaining = 90
dissect_ssl3_record: content_type 23 Application Data
decrypt_ssl3_record: app_data len 40, ssl state 0x10
packet_from_server: is from server - TRUE
decrypt_ssl3_record: using server decoder
decrypt_ssl3_record: no decoder available
  record: offset = 45, reported_length_remaining = 45
dissect_ssl3_record: content_type 23 Application Data
decrypt_ssl3_record: app_data len 40, ssl state 0x10
packet_from_server: is from server - TRUE
decrypt_ssl3_record: using server decoder
decrypt_ssl3_record: no decoder available

dissect_ssl enter frame #270 (first time)
packet_from_server: is from server - TRUE
  conversation = 0x138c46040, ssl_session = 0x138c46860
  record: offset = 0, reported_length_remaining = 90
dissect_ssl3_record: content_type 23 Application Data
decrypt_ssl3_record: app_data len 40, ssl state 0x10
packet_from_server: is from server - TRUE
decrypt_ssl3_record: using server decoder
decrypt_ssl3_record: no decoder available
  record: offset = 45, reported_length_remaining = 45
dissect_ssl3_record: content_type 23 Application Data
decrypt_ssl3_record: app_data len 40, ssl state 0x10
packet_from_server: is from server - TRUE
decrypt_ssl3_record: using server decoder
decrypt_ssl3_record: no decoder available

dissect_ssl enter frame #271 (first time)
packet_from_server: is from server - TRUE
  conversation = 0x138c46040, ssl_session = 0x138c46860
  record: offset = 0, reported_length_remaining = 45
dissect_ssl3_record: content_type 23 Application Data
decrypt_ssl3_record: app_data len 40, ssl state 0x10
packet_from_server: is from server - TRUE
decrypt_ssl3_record: using server decoder
decrypt_ssl3_record: no decoder available

dissect_ssl enter frame #272 (first time)
packet_from_server: is from server - TRUE
  conversation = 0x138c46040, ssl_session = 0x138c46860
  record: offset = 0, reported_length_remaining = 45
dissect_ssl3_record: content_type 23 Application Data
decrypt_ssl3_record: app_data len 40, ssl state 0x10
packet_from_server: is from server - TRUE
decrypt_ssl3_record: using server decoder
decrypt_ssl3_record: no decoder available

dissect_ssl enter frame #273 (first time)
packet_from_server: is from server - TRUE
  conversation = 0x138c46040, ssl_session = 0x138c46860
  record: offset = 0, reported_length_remaining = 90
dissect_ssl3_record: content_type 23 Application Data
decrypt_ssl3_record: app_data len 40, ssl state 0x10
packet_from_server: is from server - TRUE
decrypt_ssl3_record: using server decoder
decrypt_ssl3_record: no decoder available
  record: offset = 45, reported_length_remaining = 45
dissect_ssl3_record: content_type 23 Application Data
decrypt_ssl3_record: app_data len 40, ssl state 0x10
packet_from_server: is from server - TRUE
decrypt_ssl3_record: using server decoder
decrypt_ssl3_record: no decoder available

dissect_ssl enter frame #274 (first time)
packet_from_server: is from server - TRUE
  conversation = 0x138c46040, ssl_session = 0x138c46860
  record: offset = 0, reported_length_remaining = 90
dissect_ssl3_record: content_type 23 Application Data
decrypt_ssl3_record: app_data len 40, ssl state 0x10
packet_from_server: is from server - TRUE
decrypt_ssl3_record: using server decoder
decrypt_ssl3_record: no decoder available
  record: offset = 45, reported_length_remaining = 45
dissect_ssl3_record: content_type 23 Application Data
decrypt_ssl3_record: app_data len 40, ssl state 0x10
packet_from_server: is from server - TRUE
decrypt_ssl3_record: using server decoder
decrypt_ssl3_record: no decoder available

dissect_ssl enter frame #275 (first time)
packet_from_server: is from server - TRUE
  conversation = 0x138c46040, ssl_session = 0x138c46860
  record: offset = 0, reported_length_remaining = 90
dissect_ssl3_record: content_type 23 Application Data
decrypt_ssl3_record: app_data len 40, ssl state 0x10
packet_from_server: is from server - TRUE
decrypt_ssl3_record: using server decoder
decrypt_ssl3_record: no decoder available
  record: offset = 45, reported_length_remaining = 45
dissect_ssl3_record: content_type 23 Application Data
decrypt_ssl3_record: app_data len 40, ssl state 0x10
packet_from_server: is from server - TRUE
decrypt_ssl3_record: using server decoder
decrypt_ssl3_record: no decoder available

dissect_ssl enter frame #280 (first time)
packet_from_server: is from server - TRUE
  conversation = 0x138c46040, ssl_session = 0x138c46860
  record: offset = 0, reported_length_remaining = 45
dissect_ssl3_record: content_type 23 Application Data
decrypt_ssl3_record: app_data len 40, ssl state 0x10
packet_from_server: is from server - TRUE
decrypt_ssl3_record: using server decoder
decrypt_ssl3_record: no decoder available

dissect_ssl enter frame #281 (first time)
packet_from_server: is from server - TRUE
  conversation = 0x138c46040, ssl_session = 0x138c46860
  record: offset = 0, reported_length_remaining = 90
dissect_ssl3_record: content_type 23 Application Data
decrypt_ssl3_record: app_data len 40, ssl state 0x10
packet_from_server: is from server - TRUE
decrypt_ssl3_record: using server decoder
decrypt_ssl3_record: no decoder available
  record: offset = 45, reported_length_remaining = 45
dissect_ssl3_record: content_type 23 Application Data
decrypt_ssl3_record: app_data len 40, ssl state 0x10
packet_from_server: is from server - TRUE
decrypt_ssl3_record: using server decoder
decrypt_ssl3_record: no decoder available

dissect_ssl enter frame #282 (first time)
packet_from_server: is from server - TRUE
  conversation = 0x138c46040, ssl_session = 0x138c46860
  record: offset = 0, reported_length_remaining = 135
dissect_ssl3_record: content_type 23 Application Data
decrypt_ssl3_record: app_data len 40, ssl state 0x10
packet_from_server: is from server - TRUE
decrypt_ssl3_record: using server decoder
decrypt_ssl3_record: no decoder available
  record: offset = 45, reported_length_remaining = 90
dissect_ssl3_record: content_type 23 Application Data
decrypt_ssl3_record: app_data len 40, ssl state 0x10
packet_from_server: is from server - TRUE
decrypt_ssl3_record: using server decoder
decrypt_ssl3_record: no decoder available
  record: offset = 90, reported_length_remaining = 45
dissect_ssl3_record: content_type 23 Application Data
decrypt_ssl3_record: app_data len 40, ssl state 0x10
packet_from_server: is from server - TRUE
decrypt_ssl3_record: using server decoder
decrypt_ssl3_record: no decoder available

dissect_ssl enter frame #283 (first time)
packet_from_server: is from server - TRUE
  conversation = 0x138c46040, ssl_session = 0x138c46860
  record: offset = 0, reported_length_remaining = 90
dissect_ssl3_record: content_type 23 Application Data
decrypt_ssl3_record: app_data len 40, ssl state 0x10
packet_from_server: is from server - TRUE
decrypt_ssl3_record: using server decoder
decrypt_ssl3_record: no decoder available
  record: offset = 45, reported_length_remaining = 45
dissect_ssl3_record: content_type 23 Application Data
decrypt_ssl3_record: app_data len 40, ssl state 0x10
packet_from_server: is from server - TRUE
decrypt_ssl3_record: using server decoder
decrypt_ssl3_record: no decoder available

dissect_ssl enter frame #284 (first time)
packet_from_server: is from server - TRUE
  conversation = 0x138c46040, ssl_session = 0x138c46860
  record: offset = 0, reported_length_remaining = 135
dissect_ssl3_record: content_type 23 Application Data
decrypt_ssl3_record: app_data len 40, ssl state 0x10
packet_from_server: is from server - TRUE
decrypt_ssl3_record: using server decoder
decrypt_ssl3_record: no decoder available
  record: offset = 45, reported_length_remaining = 90
dissect_ssl3_record: content_type 23 Application Data
decrypt_ssl3_record: app_data len 40, ssl state 0x10
packet_from_server: is from server - TRUE
decrypt_ssl3_record: using server decoder
decrypt_ssl3_record: no decoder available
  record: offset = 90, reported_length_remaining = 45
dissect_ssl3_record: content_type 23 Application Data
decrypt_ssl3_record: app_data len 40, ssl state 0x10
packet_from_server: is from server - TRUE
decrypt_ssl3_record: using server decoder
decrypt_ssl3_record: no decoder available

dissect_ssl enter frame #285 (first time)
packet_from_server: is from server - TRUE
  conversation = 0x138c46040, ssl_session = 0x138c46860
  record: offset = 0, reported_length_remaining = 45
dissect_ssl3_record: content_type 23 Application Data
decrypt_ssl3_record: app_data len 40, ssl state 0x10
packet_from_server: is from server - TRUE
decrypt_ssl3_record: using server decoder
decrypt_ssl3_record: no decoder available

dissect_ssl enter frame #286 (first time)
packet_from_server: is from server - TRUE
  conversation = 0x138c46040, ssl_session = 0x138c46860
  record: offset = 0, reported_length_remaining = 90
dissect_ssl3_record: content_type 23 Application Data
decrypt_ssl3_record: app_data len 40, ssl state 0x10
packet_from_server: is from server - TRUE
decrypt_ssl3_record: using server decoder
decrypt_ssl3_record: no decoder available
  record: offset = 45, reported_length_remaining = 45
dissect_ssl3_record: content_type 23 Application Data
decrypt_ssl3_record: app_data len 40, ssl state 0x10
packet_from_server: is from server - TRUE
decrypt_ssl3_record: using server decoder
decrypt_ssl3_record: no decoder available

dissect_ssl enter frame #294 (first time)
packet_from_server: is from server - TRUE
  conversation = 0x138c46040, ssl_session = 0x138c46860
  record: offset = 0, reported_length_remaining = 1170
dissect_ssl3_record: content_type 23 Application Data
decrypt_ssl3_record: app_data len 40, ssl state 0x10
packet_from_server: is from server - TRUE
decrypt_ssl3_record: using server decoder
decrypt_ssl3_record: no decoder available
  record: offset = 45, reported_length_remaining = 1125
dissect_ssl3_record: content_type 23 Application Data
decrypt_ssl3_record: app_data len 40, ssl state 0x10
packet_from_server: is from server - TRUE
decrypt_ssl3_record: using server decoder
decrypt_ssl3_record: no decoder available
  record: offset = 90, reported_length_remaining = 1080
dissect_ssl3_record: content_type 23 Application Data
decrypt_ssl3_record: app_data len 40, ssl state 0x10
packet_from_server: is from server - TRUE
decrypt_ssl3_record: using server decoder
decrypt_ssl3_record: no decoder available
  record: offset = 135, reported_length_remaining = 1035
dissect_ssl3_record: content_type 23 Application Data
decrypt_ssl3_record: app_data len 40, ssl state 0x10
packet_from_server: is from server - TRUE
decrypt_ssl3_record: using server decoder
decrypt_ssl3_record: no decoder available
  record: offset = 180, reported_length_remaining = 990
dissect_ssl3_record: content_type 23 Application Data
decrypt_ssl3_record: app_data len 40, ssl state 0x10
packet_from_server: is from server - TRUE
decrypt_ssl3_record: using server decoder
decrypt_ssl3_record: no decoder available
  record: offset = 225, reported_length_remaining = 945
dissect_ssl3_record: content_type 23 Application Data
decrypt_ssl3_record: app_data len 40, ssl state 0x10
packet_from_server: is from server - TRUE
decrypt_ssl3_record: using server decoder
decrypt_ssl3_record: no decoder available
  record: offset = 270, reported_length_remaining = 900
dissect_ssl3_record: content_type 23 Application Data
decrypt_ssl3_record: app_data len 40, ssl state 0x10
packet_from_server: is from server - TRUE
decrypt_ssl3_record: using server decoder
decrypt_ssl3_record: no decoder available
  record: offset = 315, reported_length_remaining = 855
dissect_ssl3_record: content_type 23 Application Data
decrypt_ssl3_record: app_data len 40, ssl state 0x10
packet_from_server: is from server - TRUE
decrypt_ssl3_record: using server decoder
decrypt_ssl3_record: no decoder available
  record: offset = 360, reported_length_remaining = 810
dissect_ssl3_record: content_type 23 Application Data
decrypt_ssl3_record: app_data len 40, ssl state 0x10
packet_from_server: is from server - TRUE
decrypt_ssl3_record: using server decoder
decrypt_ssl3_record: no decoder available
  record: offset = 405, reported_length_remaining = 765
dissect_ssl3_record: content_type 23 Application Data
decrypt_ssl3_record: app_data len 40, ssl state 0x10
packet_from_server: is from server - TRUE
decrypt_ssl3_record: using server decoder
decrypt_ssl3_record: no decoder available
  record: offset = 450, reported_length_remaining = 720
dissect_ssl3_record: content_type 23 Application Data
decrypt_ssl3_record: app_data len 40, ssl state 0x10
packet_from_server: is from server - TRUE
decrypt_ssl3_record: using server decoder
decrypt_ssl3_record: no decoder available
  record: offset = 495, reported_length_remaining = 675
dissect_ssl3_record: content_type 23 Application Data
decrypt_ssl3_record: app_data len 40, ssl state 0x10
packet_from_server: is from server - TRUE
decrypt_ssl3_record: using server decoder
decrypt_ssl3_record: no decoder available
  record: offset = 540, reported_length_remaining = 630
dissect_ssl3_record: content_type 23 Application Data
decrypt_ssl3_record: app_data len 40, ssl state 0x10
packet_from_server: is from server - TRUE
decrypt_ssl3_record: using server decoder
decrypt_ssl3_record: no decoder available
  record: offset = 585, reported_length_remaining = 585
dissect_ssl3_record: content_type 23 Application Data
decrypt_ssl3_record: app_data len 40, ssl state 0x10
packet_from_server: is from server - TRUE
decrypt_ssl3_record: using server decoder
decrypt_ssl3_record: no decoder available
  record: offset = 630, reported_length_remaining = 540
dissect_ssl3_record: content_type 23 Application Data
decrypt_ssl3_record: app_data len 40, ssl state 0x10
packet_from_server: is from server - TRUE
decrypt_ssl3_record: using server decoder
decrypt_ssl3_record: no decoder available
  record: offset = 675, reported_length_remaining = 495
dissect_ssl3_record: content_type 23 Application Data
decrypt_ssl3_record: app_data len 40, ssl state 0x10
packet_from_server: is from server - TRUE
decrypt_ssl3_record: using server decoder
decrypt_ssl3_record: no decoder available
  record: offset = 720, reported_length_remaining = 450
dissect_ssl3_record: content_type 23 Application Data
decrypt_ssl3_record: app_data len 40, ssl state 0x10
packet_from_server: is from server - TRUE
decrypt_ssl3_record: using server decoder
decrypt_ssl3_record: no decoder available
  record: offset = 765, reported_length_remaining = 405
dissect_ssl3_record: content_type 23 Application Data
decrypt_ssl3_record: app_data len 40, ssl state 0x10
packet_from_server: is from server - TRUE
decrypt_ssl3_record: using server decoder
decrypt_ssl3_record: no decoder available
  record: offset = 810, reported_length_remaining = 360
dissect_ssl3_record: content_type 23 Application Data
decrypt_ssl3_record: app_data len 40, ssl state 0x10
packet_from_server: is from server - TRUE
decrypt_ssl3_record: using server decoder
decrypt_ssl3_record: no decoder available
  record: offset = 855, reported_length_remaining = 315
dissect_ssl3_record: content_type 23 Application Data
decrypt_ssl3_record: app_data len 40, ssl state 0x10
packet_from_server: is from server - TRUE
decrypt_ssl3_record: using server decoder
decrypt_ssl3_record: no decoder available
  record: offset = 900, reported_length_remaining = 270
dissect_ssl3_record: content_type 23 Application Data
decrypt_ssl3_record: app_data len 40, ssl state 0x10
packet_from_server: is from server - TRUE
decrypt_ssl3_record: using server decoder
decrypt_ssl3_record: no decoder available
  record: offset = 945, reported_length_remaining = 225
dissect_ssl3_record: content_type 23 Application Data
decrypt_ssl3_record: app_data len 40, ssl state 0x10
packet_from_server: is from server - TRUE
decrypt_ssl3_record: using server decoder
decrypt_ssl3_record: no decoder available
  record: offset = 990, reported_length_remaining = 180
dissect_ssl3_record: content_type 23 Application Data
decrypt_ssl3_record: app_data len 40, ssl state 0x10
packet_from_server: is from server - TRUE
decrypt_ssl3_record: using server decoder
decrypt_ssl3_record: no decoder available
  record: offset = 1035, reported_length_remaining = 135
dissect_ssl3_record: content_type 23 Application Data
decrypt_ssl3_record: app_data len 40, ssl state 0x10
packet_from_server: is from server - TRUE
decrypt_ssl3_record: using server decoder
decrypt_ssl3_record: no decoder available
  record: offset = 1080, reported_length_remaining = 90
dissect_ssl3_record: content_type 23 Application Data
decrypt_ssl3_record: app_data len 40, ssl state 0x10
packet_from_server: is from server - TRUE
decrypt_ssl3_record: using server decoder
decrypt_ssl3_record: no decoder available
  record: offset = 1125, reported_length_remaining = 45
dissect_ssl3_record: content_type 23 Application Data
decrypt_ssl3_record: app_data len 40, ssl state 0x10
packet_from_server: is from server - TRUE
decrypt_ssl3_record: using server decoder
decrypt_ssl3_record: no decoder available

dissect_ssl enter frame #296 (first time)
packet_from_server: is from server - TRUE
  conversation = 0x138c46040, ssl_session = 0x138c46860
  record: offset = 0, reported_length_remaining = 45
dissect_ssl3_record: content_type 23 Application Data
decrypt_ssl3_record: app_data len 40, ssl state 0x10
packet_from_server: is from server - TRUE
decrypt_ssl3_record: using server decoder
decrypt_ssl3_record: no decoder available

dissect_ssl enter frame #297 (first time)
packet_from_server: is from server - TRUE
  conversation = 0x138c46040, ssl_session = 0x138c46860
  record: offset = 0, reported_length_remaining = 90
dissect_ssl3_record: content_type 23 Application Data
decrypt_ssl3_record: app_data len 40, ssl state 0x10
packet_from_server: is from server - TRUE
decrypt_ssl3_record: using server decoder
decrypt_ssl3_record: no decoder available
  record: offset = 45, reported_length_remaining = 45
dissect_ssl3_record: content_type 23 Application Data
decrypt_ssl3_record: app_data len 40, ssl state 0x10
packet_from_server: is from server - TRUE
decrypt_ssl3_record: using server decoder
decrypt_ssl3_record: no decoder available

dissect_ssl enter frame #298 (first time)
packet_from_server: is from server - TRUE
  conversation = 0x138c46040, ssl_session = 0x138c46860
  record: offset = 0, reported_length_remaining = 45
dissect_ssl3_record: content_type 23 Application Data
decrypt_ssl3_record: app_data len 40, ssl state 0x10
packet_from_server: is from server - TRUE
decrypt_ssl3_record: using server decoder
decrypt_ssl3_record: no decoder available

dissect_ssl enter frame #299 (first time)
packet_from_server: is from server - TRUE
  conversation = 0x138c46040, ssl_session = 0x138c46860
  record: offset = 0, reported_length_remaining = 45
dissect_ssl3_record: content_type 23 Application Data
decrypt_ssl3_record: app_data len 40, ssl state 0x10
packet_from_server: is from server - TRUE
decrypt_ssl3_record: using server decoder
decrypt_ssl3_record: no decoder available

dissect_ssl enter frame #300 (first time)
packet_from_server: is from server - TRUE
  conversation = 0x138c46040, ssl_session = 0x138c46860
  record: offset = 0, reported_length_remaining = 45
dissect_ssl3_record: content_type 23 Application Data
decrypt_ssl3_record: app_data len 40, ssl state 0x10
packet_from_server: is from server - TRUE
decrypt_ssl3_record: using server decoder
decrypt_ssl3_record: no decoder available

dissect_ssl enter frame #301 (first time)
packet_from_server: is from server - TRUE
  conversation = 0x138c46040, ssl_session = 0x138c46860
  record: offset = 0, reported_length_remaining = 45
dissect_ssl3_record: content_type 23 Application Data
decrypt_ssl3_record: app_data len 40, ssl state 0x10
packet_from_server: is from server - TRUE
decrypt_ssl3_record: using server decoder
decrypt_ssl3_record: no decoder available

dissect_ssl enter frame #302 (first time)
packet_from_server: is from server - TRUE
  conversation = 0x138c46040, ssl_session = 0x138c46860
  record: offset = 0, reported_length_remaining = 45
dissect_ssl3_record: content_type 23 Application Data
decrypt_ssl3_record: app_data len 40, ssl state 0x10
packet_from_server: is from server - TRUE
decrypt_ssl3_record: using server decoder
decrypt_ssl3_record: no decoder available

dissect_ssl enter frame #303 (first time)
packet_from_server: is from server - TRUE
  conversation = 0x138c46040, ssl_session = 0x138c46860
  record: offset = 0, reported_length_remaining = 45
dissect_ssl3_record: content_type 23 Application Data
decrypt_ssl3_record: app_data len 40, ssl state 0x10
packet_from_server: is from server - TRUE
decrypt_ssl3_record: using server decoder
decrypt_ssl3_record: no decoder available

dissect_ssl enter frame #304 (first time)
packet_from_server: is from server - TRUE
  conversation = 0x138c46040, ssl_session = 0x138c46860
  record: offset = 0, reported_length_remaining = 45
dissect_ssl3_record: content_type 23 Application Data
decrypt_ssl3_record: app_data len 40, ssl state 0x10
packet_from_server: is from server - TRUE
decrypt_ssl3_record: using server decoder
decrypt_ssl3_record: no decoder available

dissect_ssl enter frame #306 (first time)
packet_from_server: is from server - TRUE
  conversation = 0x138c5d340, ssl_session = 0x138c5d9e0
  record: offset = 0, reported_length_remaining = 193
dissect_ssl3_record: content_type 23 Application Data
decrypt_ssl3_record: app_data len 188, ssl state 0x10
packet_from_server: is from server - TRUE
decrypt_ssl3_record: using server decoder
decrypt_ssl3_record: no decoder available

dissect_ssl enter frame #308 (first time)
packet_from_server: is from server - TRUE
  conversation = 0x138c5d340, ssl_session = 0x138c5d9e0
  record: offset = 0, reported_length_remaining = 43
dissect_ssl3_record: content_type 23 Application Data
decrypt_ssl3_record: app_data len 38, ssl state 0x10
packet_from_server: is from server - TRUE
decrypt_ssl3_record: using server decoder
decrypt_ssl3_record: no decoder available

dissect_ssl enter frame #310 (first time)
packet_from_server: is from server - TRUE
  conversation = 0x138c5d340, ssl_session = 0x138c5d9e0
  record: offset = 0, reported_length_remaining = 58
dissect_ssl3_record: content_type 23 Application Data
decrypt_ssl3_record: app_data len 53, ssl state 0x10
packet_from_server: is from server - TRUE
decrypt_ssl3_record: using server decoder
decrypt_ssl3_record: no decoder available

dissect_ssl enter frame #312 (first time)
packet_from_server: is from server - FALSE
  conversation = 0x138c46040, ssl_session = 0x138c46860
  record: offset = 0, reported_length_remaining = 251
dissect_ssl3_record: content_type 23 Application Data
decrypt_ssl3_record: app_data len 246, ssl state 0x10
packet_from_server: is from server - FALSE
decrypt_ssl3_record: using client decoder
decrypt_ssl3_record: no decoder available

dissect_ssl enter frame #313 (first time)
packet_from_server: is from server - TRUE
  conversation = 0x138c4cac0, ssl_session = 0x138c4d160
  record: offset = 0, reported_length_remaining = 60
dissect_ssl3_record: content_type 23 Application Data
decrypt_ssl3_record: app_data len 55, ssl state 0x10
packet_from_server: is from server - TRUE
decrypt_ssl3_record: using server decoder
decrypt_ssl3_record: no decoder available

dissect_ssl enter frame #316 (first time)
packet_from_server: is from server - TRUE
  conversation = 0x138c46040, ssl_session = 0x138c46860
  record: offset = 0, reported_length_remaining = 45
dissect_ssl3_record: content_type 23 Application Data
decrypt_ssl3_record: app_data len 40, ssl state 0x10
packet_from_server: is from server - TRUE
decrypt_ssl3_record: using server decoder
decrypt_ssl3_record: no decoder available

dissect_ssl enter frame #318 (first time)
packet_from_server: is from server - FALSE
  conversation = 0x138c46040, ssl_session = 0x138c46860
  record: offset = 0, reported_length_remaining = 331
dissect_ssl3_record: content_type 23 Application Data
decrypt_ssl3_record: app_data len 326, ssl state 0x10
packet_from_server: is from server - FALSE
decrypt_ssl3_record: using client decoder
decrypt_ssl3_record: no decoder available

dissect_ssl enter frame #320 (first time)
packet_from_server: is from server - TRUE
  conversation = 0x138c46040, ssl_session = 0x138c46860
  record: offset = 0, reported_length_remaining = 45
dissect_ssl3_record: content_type 23 Application Data
decrypt_ssl3_record: app_data len 40, ssl state 0x10
packet_from_server: is from server - TRUE
decrypt_ssl3_record: using server decoder
decrypt_ssl3_record: no decoder available

dissect_ssl enter frame #322 (first time)
packet_from_server: is from server - FALSE
  conversation = 0x138c46040, ssl_session = 0x138c46860
  record: offset = 0, reported_length_remaining = 362
dissect_ssl3_record: content_type 23 Application Data
decrypt_ssl3_record: app_data len 357, ssl state 0x10
packet_from_server: is from server - FALSE
decrypt_ssl3_record: using client decoder
decrypt_ssl3_record: no decoder available

dissect_ssl enter frame #324 (first time)
packet_from_server: is from server - FALSE
  conversation = 0x138c46040, ssl_session = 0x138c46860
  record: offset = 0, reported_length_remaining = 380
dissect_ssl3_record: content_type 23 Application Data
decrypt_ssl3_record: app_data len 375, ssl state 0x10
packet_from_server: is from server - FALSE
decrypt_ssl3_record: using client decoder
decrypt_ssl3_record: no decoder available

dissect_ssl enter frame #326 (first time)
packet_from_server: is from server - TRUE
  conversation = 0x138c46040, ssl_session = 0x138c46860
  record: offset = 0, reported_length_remaining = 45
dissect_ssl3_record: content_type 23 Application Data
decrypt_ssl3_record: app_data len 40, ssl state 0x10
packet_from_server: is from server - TRUE
decrypt_ssl3_record: using server decoder
decrypt_ssl3_record: no decoder available

dissect_ssl enter frame #328 (first time)
packet_from_server: is from server - FALSE
  conversation = 0x138c46040, ssl_session = 0x138c46860
  record: offset = 0, reported_length_remaining = 381
dissect_ssl3_record: content_type 23 Application Data
decrypt_ssl3_record: app_data len 376, ssl state 0x10
packet_from_server: is from server - FALSE
decrypt_ssl3_record: using client decoder
decrypt_ssl3_record: no decoder available

dissect_ssl enter frame #330 (first time)
packet_from_server: is from server - TRUE
  conversation = 0x138c5d340, ssl_session = 0x138c5d9e0
  record: offset = 0, reported_length_remaining = 172
dissect_ssl3_record: content_type 23 Application Data
decrypt_ssl3_record: app_data len 167, ssl state 0x10
packet_from_server: is from server - TRUE
decrypt_ssl3_record: using server decoder
decrypt_ssl3_record: no decoder available

dissect_ssl enter frame #332 (first time)
packet_from_server: is from server - FALSE
  conversation = 0x138c4b820, ssl_session = 0x138c4bec0
  record: offset = 0, reported_length_remaining = 54
dissect_ssl3_record: content_type 23 Application Data
decrypt_ssl3_record: app_data len 49, ssl state 0x10
packet_from_server: is from server - FALSE
decrypt_ssl3_record: using client decoder
decrypt_ssl3_record: no decoder available

dissect_ssl enter frame #333 (first time)
packet_from_server: is from server - TRUE
  conversation = 0x138c4b820, ssl_session = 0x138c4bec0
  record: offset = 0, reported_length_remaining = 56
dissect_ssl3_record: content_type 23 Application Data
decrypt_ssl3_record: app_data len 51, ssl state 0x10
packet_from_server: is from server - TRUE
decrypt_ssl3_record: using server decoder
decrypt_ssl3_record: no decoder available

dissect_ssl enter frame #335 (first time)
packet_from_server: is from server - FALSE
  conversation = 0x138c46040, ssl_session = 0x138c46860
  record: offset = 0, reported_length_remaining = 378
dissect_ssl3_record: content_type 23 Application Data
decrypt_ssl3_record: app_data len 373, ssl state 0x10
packet_from_server: is from server - FALSE
decrypt_ssl3_record: using client decoder
decrypt_ssl3_record: no decoder available

dissect_ssl enter frame #336 (first time)
packet_from_server: is from server - TRUE
  conversation = 0x138c47070, ssl_session = 0x138c47710
  record: offset = 0, reported_length_remaining = 60
dissect_ssl3_record: content_type 23 Application Data
decrypt_ssl3_record: app_data len 55, ssl state 0x10
packet_from_server: is from server - TRUE
decrypt_ssl3_record: using server decoder
decrypt_ssl3_record: no decoder available

dissect_ssl enter frame #338 (first time)
packet_from_server: is from server - FALSE
  conversation = 0x138c46040, ssl_session = 0x138c46860
  record: offset = 0, reported_length_remaining = 1440
dissect_ssl3_record: content_type 23 Application Data
decrypt_ssl3_record: app_data len 382, ssl state 0x10
packet_from_server: is from server - FALSE
decrypt_ssl3_record: using client decoder
decrypt_ssl3_record: no decoder available
  record: offset = 387, reported_length_remaining = 1053
  need_desegmentation: offset = 387, reported_length_remaining = 1053

dissect_ssl enter frame #350 (first time)
packet_from_server: is from server - FALSE
  conversation = 0x138c46040, ssl_session = 0x138c46860
  record: offset = 0, reported_length_remaining = 16413
dissect_ssl3_record: content_type 23 Application Data
decrypt_ssl3_record: app_data len 16408, ssl state 0x10
packet_from_server: is from server - FALSE
decrypt_ssl3_record: using client decoder
decrypt_ssl3_record: no decoder available

dissect_ssl enter frame #350 (first time)
packet_from_server: is from server - FALSE
  conversation = 0x138c46040, ssl_session = 0x138c46860
  record: offset = 0, reported_length_remaining = 1411
  need_desegmentation: offset = 0, reported_length_remaining = 1411

dissect_ssl enter frame #362 (first time)
packet_from_server: is from server - FALSE
  conversation = 0x138c46040, ssl_session = 0x138c46860
  record: offset = 0, reported_length_remaining = 16413
dissect_ssl3_record: content_type 23 Application Data
decrypt_ssl3_record: app_data len 16408, ssl state 0x10
packet_from_server: is from server - FALSE
decrypt_ssl3_record: using client decoder
decrypt_ssl3_record: no decoder available

dissect_ssl enter frame #362 (first time)
packet_from_server: is from server - FALSE
  conversation = 0x138c46040, ssl_session = 0x138c46860
  record: offset = 0, reported_length_remaining = 1411
dissect_ssl3_record: content_type 23 Application Data
decrypt_ssl3_record: app_data len 120, ssl state 0x10
packet_from_server: is from server - FALSE
decrypt_ssl3_record: using client decoder
decrypt_ssl3_record: no decoder available
  record: offset = 125, reported_length_remaining = 1286
  need_desegmentation: offset = 125, reported_length_remaining = 1286

dissect_ssl enter frame #371 (first time)
packet_from_server: is from server - FALSE
  conversation = 0x138c46040, ssl_session = 0x138c46860
  record: offset = 0, reported_length_remaining = 13985
dissect_ssl3_record: content_type 23 Application Data
decrypt_ssl3_record: app_data len 13980, ssl state 0x10
packet_from_server: is from server - FALSE
decrypt_ssl3_record: using client decoder
decrypt_ssl3_record: no decoder available

dissect_ssl enter frame #372 (first time)
packet_from_server: is from server - FALSE
  conversation = 0x138c46040, ssl_session = 0x138c46860
  record: offset = 0, reported_length_remaining = 1440
dissect_ssl3_record: content_type 23 Application Data
decrypt_ssl3_record: app_data len 258, ssl state 0x10
packet_from_server: is from server - FALSE
decrypt_ssl3_record: using client decoder
decrypt_ssl3_record: no decoder available
  record: offset = 263, reported_length_remaining = 1177
  need_desegmentation: offset = 263, reported_length_remaining = 1177

dissect_ssl enter frame #384 (first time)
packet_from_server: is from server - FALSE
  conversation = 0x138c46040, ssl_session = 0x138c46860
  record: offset = 0, reported_length_remaining = 16413
dissect_ssl3_record: content_type 23 Application Data
decrypt_ssl3_record: app_data len 16408, ssl state 0x10
packet_from_server: is from server - FALSE
decrypt_ssl3_record: using client decoder
decrypt_ssl3_record: no decoder available

dissect_ssl enter frame #384 (first time)
packet_from_server: is from server - FALSE
  conversation = 0x138c46040, ssl_session = 0x138c46860
  record: offset = 0, reported_length_remaining = 1411
  need_desegmentation: offset = 0, reported_length_remaining = 1411

dissect_ssl enter frame #396 (first time)
packet_from_server: is from server - FALSE
  conversation = 0x138c46040, ssl_session = 0x138c46860
  record: offset = 0, reported_length_remaining = 16413
dissect_ssl3_record: content_type 23 Application Data
decrypt_ssl3_record: app_data len 16408, ssl state 0x10
packet_from_server: is from server - FALSE
decrypt_ssl3_record: using client decoder
decrypt_ssl3_record: no decoder available

dissect_ssl enter frame #396 (first time)
packet_from_server: is from server - FALSE
  conversation = 0x138c46040, ssl_session = 0x138c46860
  record: offset = 0, reported_length_remaining = 1411
  need_desegmentation: offset = 0, reported_length_remaining = 1411

dissect_ssl enter frame #400 (first time)
packet_from_server: is from server - FALSE
  conversation = 0x138c46040, ssl_session = 0x138c46860
  record: offset = 0, reported_length_remaining = 6666
dissect_ssl3_record: content_type 23 Application Data
decrypt_ssl3_record: app_data len 6661, ssl state 0x10
packet_from_server: is from server - FALSE
decrypt_ssl3_record: using client decoder
decrypt_ssl3_record: no decoder available

dissect_ssl enter frame #416 (first time)
packet_from_server: is from server - TRUE
  conversation = 0x138c5d340, ssl_session = 0x138c5d9e0
  record: offset = 0, reported_length_remaining = 43
dissect_ssl3_record: content_type 23 Application Data
decrypt_ssl3_record: app_data len 38, ssl state 0x10
packet_from_server: is from server - TRUE
decrypt_ssl3_record: using server decoder
decrypt_ssl3_record: no decoder available

dissect_ssl enter frame #426 (first time)
packet_from_server: is from server - TRUE
  conversation = 0x138c46040, ssl_session = 0x138c46860
  record: offset = 0, reported_length_remaining = 45
dissect_ssl3_record: content_type 23 Application Data
decrypt_ssl3_record: app_data len 40, ssl state 0x10
packet_from_server: is from server - TRUE
decrypt_ssl3_record: using server decoder
decrypt_ssl3_record: no decoder available

dissect_ssl enter frame #427 (first time)
packet_from_server: is from server - TRUE
  conversation = 0x138c46040, ssl_session = 0x138c46860
  record: offset = 0, reported_length_remaining = 45
dissect_ssl3_record: content_type 23 Application Data
decrypt_ssl3_record: app_data len 40, ssl state 0x10
packet_from_server: is from server - TRUE
decrypt_ssl3_record: using server decoder
decrypt_ssl3_record: no decoder available

dissect_ssl enter frame #429 (first time)
packet_from_server: is from server - TRUE
  conversation = 0x138c5d340, ssl_session = 0x138c5d9e0
  record: offset = 0, reported_length_remaining = 179
dissect_ssl3_record: content_type 23 Application Data
decrypt_ssl3_record: app_data len 174, ssl state 0x10
packet_from_server: is from server - TRUE
decrypt_ssl3_record: using server decoder
decrypt_ssl3_record: no decoder available

dissect_ssl enter frame #431 (first time)
packet_from_server: is from server - TRUE
  conversation = 0x138c86760, ssl_session = 0x138c86e00
  record: offset = 0, reported_length_remaining = 26
ssl_try_set_version found version 0x0303 -> state 0x10
dissect_ssl3_record: content_type 23 Application Data
decrypt_ssl3_record: app_data len 21, ssl state 0x10
packet_from_server: is from server - TRUE
decrypt_ssl3_record: using server decoder
decrypt_ssl3_record: no decoder available

dissect_ssl enter frame #433 (first time)
packet_from_server: is from server - FALSE
  conversation = 0x138c86760, ssl_session = 0x138c86e00
  record: offset = 0, reported_length_remaining = 30
dissect_ssl3_record: content_type 23 Application Data
decrypt_ssl3_record: app_data len 25, ssl state 0x10
packet_from_server: is from server - FALSE
decrypt_ssl3_record: using client decoder
decrypt_ssl3_record: no decoder available

dissect_ssl enter frame #437 (first time)
packet_from_server: is from server - TRUE
  conversation = 0x138c5d340, ssl_session = 0x138c5d9e0
  record: offset = 0, reported_length_remaining = 43
dissect_ssl3_record: content_type 23 Application Data
decrypt_ssl3_record: app_data len 38, ssl state 0x10
packet_from_server: is from server - TRUE
decrypt_ssl3_record: using server decoder
decrypt_ssl3_record: no decoder available

dissect_ssl enter frame #439 (first time)
packet_from_server: is from server - TRUE
  conversation = 0x138c5d340, ssl_session = 0x138c5d9e0
  record: offset = 0, reported_length_remaining = 178
dissect_ssl3_record: content_type 23 Application Data
decrypt_ssl3_record: app_data len 173, ssl state 0x10
packet_from_server: is from server - TRUE
decrypt_ssl3_record: using server decoder
decrypt_ssl3_record: no decoder available

dissect_ssl enter frame #441 (first time)
packet_from_server: is from server - TRUE
  conversation = 0x138c46040, ssl_session = 0x138c46860
  record: offset = 0, reported_length_remaining = 45
dissect_ssl3_record: content_type 23 Application Data
decrypt_ssl3_record: app_data len 40, ssl state 0x10
packet_from_server: is from server - TRUE
decrypt_ssl3_record: using server decoder
decrypt_ssl3_record: no decoder available

dissect_ssl enter frame #442 (first time)
packet_from_server: is from server - TRUE
  conversation = 0x138c46040, ssl_session = 0x138c46860
  record: offset = 0, reported_length_remaining = 90
dissect_ssl3_record: content_type 23 Application Data
decrypt_ssl3_record: app_data len 40, ssl state 0x10
packet_from_server: is from server - TRUE
decrypt_ssl3_record: using server decoder
decrypt_ssl3_record: no decoder available
  record: offset = 45, reported_length_remaining = 45
dissect_ssl3_record: content_type 23 Application Data
decrypt_ssl3_record: app_data len 40, ssl state 0x10
packet_from_server: is from server - TRUE
decrypt_ssl3_record: using server decoder
decrypt_ssl3_record: no decoder available

dissect_ssl enter frame #443 (first time)
packet_from_server: is from server - TRUE
  conversation = 0x138c46040, ssl_session = 0x138c46860
  record: offset = 0, reported_length_remaining = 90
dissect_ssl3_record: content_type 23 Application Data
decrypt_ssl3_record: app_data len 40, ssl state 0x10
packet_from_server: is from server - TRUE
decrypt_ssl3_record: using server decoder
decrypt_ssl3_record: no decoder available
  record: offset = 45, reported_length_remaining = 45
dissect_ssl3_record: content_type 23 Application Data
decrypt_ssl3_record: app_data len 40, ssl state 0x10
packet_from_server: is from server - TRUE
decrypt_ssl3_record: using server decoder
decrypt_ssl3_record: no decoder available

dissect_ssl enter frame #444 (first time)
packet_from_server: is from server - TRUE
  conversation = 0x138c46040, ssl_session = 0x138c46860
  record: offset = 0, reported_length_remaining = 45
dissect_ssl3_record: content_type 23 Application Data
decrypt_ssl3_record: app_data len 40, ssl state 0x10
packet_from_server: is from server - TRUE
decrypt_ssl3_record: using server decoder
decrypt_ssl3_record: no decoder available

dissect_ssl enter frame #448 (first time)
packet_from_server: is from server - TRUE
  conversation = 0x138c5d340, ssl_session = 0x138c5d9e0
  record: offset = 0, reported_length_remaining = 43
dissect_ssl3_record: content_type 23 Application Data
decrypt_ssl3_record: app_data len 38, ssl state 0x10
packet_from_server: is from server - TRUE
decrypt_ssl3_record: using server decoder
decrypt_ssl3_record: no decoder available

dissect_ssl enter frame #450 (first time)
packet_from_server: is from server - TRUE
  conversation = 0x138c5d340, ssl_session = 0x138c5d9e0
  record: offset = 0, reported_length_remaining = 55
dissect_ssl3_record: content_type 23 Application Data
decrypt_ssl3_record: app_data len 50, ssl state 0x10
packet_from_server: is from server - TRUE
decrypt_ssl3_record: using server decoder
decrypt_ssl3_record: no decoder available

dissect_ssl enter frame #452 (first time)
packet_from_server: is from server - TRUE
  conversation = 0x138c5d340, ssl_session = 0x138c5d9e0
  record: offset = 0, reported_length_remaining = 42
dissect_ssl3_record: content_type 23 Application Data
decrypt_ssl3_record: app_data len 37, ssl state 0x10
packet_from_server: is from server - TRUE
decrypt_ssl3_record: using server decoder
decrypt_ssl3_record: no decoder available

dissect_ssl enter frame #454 (first time)
packet_from_server: is from server - TRUE
  conversation = 0x138c5d340, ssl_session = 0x138c5d9e0
  record: offset = 0, reported_length_remaining = 42
dissect_ssl3_record: content_type 23 Application Data
decrypt_ssl3_record: app_data len 37, ssl state 0x10
packet_from_server: is from server - TRUE
decrypt_ssl3_record: using server decoder
decrypt_ssl3_record: no decoder available

dissect_ssl enter frame #456 (first time)
packet_from_server: is from server - TRUE
  conversation = 0x138c4a1a0, ssl_session = 0x138c4a840
  record: offset = 0, reported_length_remaining = 60
dissect_ssl3_record: content_type 23 Application Data
decrypt_ssl3_record: app_data len 55, ssl state 0x10
packet_from_server: is from server - TRUE
decrypt_ssl3_record: using server decoder
decrypt_ssl3_record: no decoder available

dissect_ssl enter frame #458 (first time)
packet_from_server: is from server - TRUE
  conversation = 0x138c4cac0, ssl_session = 0x138c4d160
  record: offset = 0, reported_length_remaining = 60
dissect_ssl3_record: content_type 23 Application Data
decrypt_ssl3_record: app_data len 55, ssl state 0x10
packet_from_server: is from server - TRUE
decrypt_ssl3_record: using server decoder
decrypt_ssl3_record: no decoder available

dissect_ssl enter frame #459 (first time)
packet_from_server: is from server - TRUE
  conversation = 0x138c5d340, ssl_session = 0x138c5d9e0
  record: offset = 0, reported_length_remaining = 43
dissect_ssl3_record: content_type 23 Application Data
decrypt_ssl3_record: app_data len 38, ssl state 0x10
packet_from_server: is from server - TRUE
decrypt_ssl3_record: using server decoder
decrypt_ssl3_record: no decoder available

dissect_ssl enter frame #462 (first time)
packet_from_server: is from server - FALSE
  conversation = 0x138c46040, ssl_session = 0x138c46860
  record: offset = 0, reported_length_remaining = 1440
  need_desegmentation: offset = 0, reported_length_remaining = 1440

dissect_ssl enter frame #474 (first time)
packet_from_server: is from server - FALSE
  conversation = 0x138c46040, ssl_session = 0x138c46860
  record: offset = 0, reported_length_remaining = 16413
dissect_ssl3_record: content_type 23 Application Data
decrypt_ssl3_record: app_data len 16408, ssl state 0x10
packet_from_server: is from server - FALSE
decrypt_ssl3_record: using client decoder
decrypt_ssl3_record: no decoder available

dissect_ssl enter frame #474 (first time)
packet_from_server: is from server - FALSE
  conversation = 0x138c46040, ssl_session = 0x138c46860
  record: offset = 0, reported_length_remaining = 1411
  need_desegmentation: offset = 0, reported_length_remaining = 1411

dissect_ssl enter frame #486 (first time)
packet_from_server: is from server - FALSE
  conversation = 0x138c46040, ssl_session = 0x138c46860
  record: offset = 0, reported_length_remaining = 16413
dissect_ssl3_record: content_type 23 Application Data
decrypt_ssl3_record: app_data len 16408, ssl state 0x10
packet_from_server: is from server - FALSE
decrypt_ssl3_record: using client decoder
decrypt_ssl3_record: no decoder available

dissect_ssl enter frame #486 (first time)
packet_from_server: is from server - FALSE
  conversation = 0x138c46040, ssl_session = 0x138c46860
  record: offset = 0, reported_length_remaining = 1411
dissect_ssl3_record: content_type 23 Application Data
decrypt_ssl3_record: app_data len 201, ssl state 0x10
packet_from_server: is from server - FALSE
decrypt_ssl3_record: using client decoder
decrypt_ssl3_record: no decoder available
  record: offset = 206, reported_length_remaining = 1205
  need_desegmentation: offset = 206, reported_length_remaining = 1205

dissect_ssl enter frame #495 (first time)
packet_from_server: is from server - FALSE
  conversation = 0x138c46040, ssl_session = 0x138c46860
  record: offset = 0, reported_length_remaining = 14156
dissect_ssl3_record: content_type 23 Application Data
decrypt_ssl3_record: app_data len 14151, ssl state 0x10
packet_from_server: is from server - FALSE
decrypt_ssl3_record: using client decoder
decrypt_ssl3_record: no decoder available

dissect_ssl enter frame #496 (first time)
packet_from_server: is from server - FALSE
  conversation = 0x138c46040, ssl_session = 0x138c46860
  record: offset = 0, reported_length_remaining = 1440
  need_desegmentation: offset = 0, reported_length_remaining = 1440

dissect_ssl enter frame #508 (first time)
packet_from_server: is from server - FALSE
  conversation = 0x138c46040, ssl_session = 0x138c46860
  record: offset = 0, reported_length_remaining = 16413
dissect_ssl3_record: content_type 23 Application Data
decrypt_ssl3_record: app_data len 16408, ssl state 0x10
packet_from_server: is from server - FALSE
decrypt_ssl3_record: using client decoder
decrypt_ssl3_record: no decoder available

dissect_ssl enter frame #508 (first time)
packet_from_server: is from server - FALSE
  conversation = 0x138c46040, ssl_session = 0x138c46860
  record: offset = 0, reported_length_remaining = 1411
  need_desegmentation: offset = 0, reported_length_remaining = 1411

dissect_ssl enter frame #520 (first time)
packet_from_server: is from server - FALSE
  conversation = 0x138c46040, ssl_session = 0x138c46860
  record: offset = 0, reported_length_remaining = 16413
dissect_ssl3_record: content_type 23 Application Data
decrypt_ssl3_record: app_data len 16408, ssl state 0x10
packet_from_server: is from server - FALSE
decrypt_ssl3_record: using client decoder
decrypt_ssl3_record: no decoder available

dissect_ssl enter frame #520 (first time)
packet_from_server: is from server - FALSE
  conversation = 0x138c46040, ssl_session = 0x138c46860
  record: offset = 0, reported_length_remaining = 1411
  need_desegmentation: offset = 0, reported_length_remaining = 1411

dissect_ssl enter frame #524 (first time)
packet_from_server: is from server - FALSE
  conversation = 0x138c46040, ssl_session = 0x138c46860
  record: offset = 0, reported_length_remaining = 7020
dissect_ssl3_record: content_type 23 Application Data
decrypt_ssl3_record: app_data len 7015, ssl state 0x10
packet_from_server: is from server - FALSE
decrypt_ssl3_record: using client decoder
decrypt_ssl3_record: no decoder available

dissect_ssl enter frame #548 (first time)
packet_from_server: is from server - TRUE
  conversation = 0x138c5d340, ssl_session = 0x138c5d9e0
  record: offset = 0, reported_length_remaining = 43
dissect_ssl3_record: content_type 23 Application Data
decrypt_ssl3_record: app_data len 38, ssl state 0x10
packet_from_server: is from server - TRUE
decrypt_ssl3_record: using server decoder
decrypt_ssl3_record: no decoder available

dissect_ssl enter frame #550 (first time)
packet_from_server: is from server - TRUE
  conversation = 0x138c46040, ssl_session = 0x138c46860
  record: offset = 0, reported_length_remaining = 45
dissect_ssl3_record: content_type 23 Application Data
decrypt_ssl3_record: app_data len 40, ssl state 0x10
packet_from_server: is from server - TRUE
decrypt_ssl3_record: using server decoder
decrypt_ssl3_record: no decoder available

dissect_ssl enter frame #551 (first time)
packet_from_server: is from server - TRUE
  conversation = 0x138c46040, ssl_session = 0x138c46860
  record: offset = 0, reported_length_remaining = 45
dissect_ssl3_record: content_type 23 Application Data
decrypt_ssl3_record: app_data len 40, ssl state 0x10
packet_from_server: is from server - TRUE
decrypt_ssl3_record: using server decoder
decrypt_ssl3_record: no decoder available

dissect_ssl enter frame #552 (first time)
packet_from_server: is from server - TRUE
  conversation = 0x138c46040, ssl_session = 0x138c46860
  record: offset = 0, reported_length_remaining = 45
dissect_ssl3_record: content_type 23 Application Data
decrypt_ssl3_record: app_data len 40, ssl state 0x10
packet_from_server: is from server - TRUE
decrypt_ssl3_record: using server decoder
decrypt_ssl3_record: no decoder available

dissect_ssl enter frame #554 (first time)
packet_from_server: is from server - FALSE
  conversation = 0x138c46040, ssl_session = 0x138c46860
  record: offset = 0, reported_length_remaining = 1440
  need_desegmentation: offset = 0, reported_length_remaining = 1440

dissect_ssl enter frame #566 (first time)
packet_from_server: is from server - FALSE
  conversation = 0x138c46040, ssl_session = 0x138c46860
  record: offset = 0, reported_length_remaining = 16413
dissect_ssl3_record: content_type 23 Application Data
decrypt_ssl3_record: app_data len 16408, ssl state 0x10
packet_from_server: is from server - FALSE
decrypt_ssl3_record: using client decoder
decrypt_ssl3_record: no decoder available

dissect_ssl enter frame #566 (first time)
packet_from_server: is from server - FALSE
  conversation = 0x138c46040, ssl_session = 0x138c46860
  record: offset = 0, reported_length_remaining = 1411
  need_desegmentation: offset = 0, reported_length_remaining = 1411

dissect_ssl enter frame #578 (first time)
packet_from_server: is from server - FALSE
  conversation = 0x138c46040, ssl_session = 0x138c46860
  record: offset = 0, reported_length_remaining = 16413
dissect_ssl3_record: content_type 23 Application Data
decrypt_ssl3_record: app_data len 16408, ssl state 0x10
packet_from_server: is from server - FALSE
decrypt_ssl3_record: using client decoder
decrypt_ssl3_record: no decoder available

dissect_ssl enter frame #578 (first time)
packet_from_server: is from server - FALSE
  conversation = 0x138c46040, ssl_session = 0x138c46860
  record: offset = 0, reported_length_remaining = 1411
dissect_ssl3_record: content_type 23 Application Data
decrypt_ssl3_record: app_data len 198, ssl state 0x10
packet_from_server: is from server - FALSE
decrypt_ssl3_record: using client decoder
decrypt_ssl3_record: no decoder available
  record: offset = 203, reported_length_remaining = 1208
  need_desegmentation: offset = 203, reported_length_remaining = 1208

dissect_ssl enter frame #588 (first time)
packet_from_server: is from server - FALSE
  conversation = 0x138c46040, ssl_session = 0x138c46860
  record: offset = 0, reported_length_remaining = 14451
dissect_ssl3_record: content_type 23 Application Data
decrypt_ssl3_record: app_data len 14446, ssl state 0x10
packet_from_server: is from server - FALSE
decrypt_ssl3_record: using client decoder
decrypt_ssl3_record: no decoder available

dissect_ssl enter frame #589 (first time)
packet_from_server: is from server - FALSE
  conversation = 0x138c46040, ssl_session = 0x138c46860
  record: offset = 0, reported_length_remaining = 1440
  need_desegmentation: offset = 0, reported_length_remaining = 1440

dissect_ssl enter frame #601 (first time)
packet_from_server: is from server - FALSE
  conversation = 0x138c46040, ssl_session = 0x138c46860
  record: offset = 0, reported_length_remaining = 16413
dissect_ssl3_record: content_type 23 Application Data
decrypt_ssl3_record: app_data len 16408, ssl state 0x10
packet_from_server: is from server - FALSE
decrypt_ssl3_record: using client decoder
decrypt_ssl3_record: no decoder available

dissect_ssl enter frame #601 (first time)
packet_from_server: is from server - FALSE
  conversation = 0x138c46040, ssl_session = 0x138c46860
  record: offset = 0, reported_length_remaining = 1411
  need_desegmentation: offset = 0, reported_length_remaining = 1411

dissect_ssl enter frame #613 (first time)
packet_from_server: is from server - FALSE
  conversation = 0x138c46040, ssl_session = 0x138c46860
  record: offset = 0, reported_length_remaining = 16413
dissect_ssl3_record: content_type 23 Application Data
decrypt_ssl3_record: app_data len 16408, ssl state 0x10
packet_from_server: is from server - FALSE
decrypt_ssl3_record: using client decoder
decrypt_ssl3_record: no decoder available

dissect_ssl enter frame #613 (first time)
packet_from_server: is from server - FALSE
  conversation = 0x138c46040, ssl_session = 0x138c46860
  record: offset = 0, reported_length_remaining = 1411
  need_desegmentation: offset = 0, reported_length_remaining = 1411

dissect_ssl enter frame #617 (first time)
packet_from_server: is from server - FALSE
  conversation = 0x138c46040, ssl_session = 0x138c46860
  record: offset = 0, reported_length_remaining = 7024
dissect_ssl3_record: content_type 23 Application Data
decrypt_ssl3_record: app_data len 7019, ssl state 0x10
packet_from_server: is from server - FALSE
decrypt_ssl3_record: using client decoder
decrypt_ssl3_record: no decoder available

dissect_ssl enter frame #645 (first time)
packet_from_server: is from server - TRUE
  conversation = 0x138c46040, ssl_session = 0x138c46860
  record: offset = 0, reported_length_remaining = 45
dissect_ssl3_record: content_type 23 Application Data
decrypt_ssl3_record: app_data len 40, ssl state 0x10
packet_from_server: is from server - TRUE
decrypt_ssl3_record: using server decoder
decrypt_ssl3_record: no decoder available

dissect_ssl enter frame #646 (first time)
packet_from_server: is from server - TRUE
  conversation = 0x138c46040, ssl_session = 0x138c46860
  record: offset = 0, reported_length_remaining = 45
dissect_ssl3_record: content_type 23 Application Data
decrypt_ssl3_record: app_data len 40, ssl state 0x10
packet_from_server: is from server - TRUE
decrypt_ssl3_record: using server decoder
decrypt_ssl3_record: no decoder available

dissect_ssl enter frame #647 (first time)
packet_from_server: is from server - TRUE
  conversation = 0x138c46040, ssl_session = 0x138c46860
  record: offset = 0, reported_length_remaining = 45
dissect_ssl3_record: content_type 23 Application Data
decrypt_ssl3_record: app_data len 40, ssl state 0x10
packet_from_server: is from server - TRUE
decrypt_ssl3_record: using server decoder
decrypt_ssl3_record: no decoder available

dissect_ssl enter frame #649 (first time)
packet_from_server: is from server - TRUE
  conversation = 0x138c47070, ssl_session = 0x138c47710
  record: offset = 0, reported_length_remaining = 60
dissect_ssl3_record: content_type 23 Application Data
decrypt_ssl3_record: app_data len 55, ssl state 0x10
packet_from_server: is from server - TRUE
decrypt_ssl3_record: using server decoder
decrypt_ssl3_record: no decoder available

dissect_ssl enter frame #650 (first time)
packet_from_server: is from server - TRUE
  conversation = 0x138c5d340, ssl_session = 0x138c5d9e0
  record: offset = 0, reported_length_remaining = 192
dissect_ssl3_record: content_type 23 Application Data
decrypt_ssl3_record: app_data len 187, ssl state 0x10
packet_from_server: is from server - TRUE
decrypt_ssl3_record: using server decoder
decrypt_ssl3_record: no decoder available

dissect_ssl enter frame #653 (first time)
packet_from_server: is from server - TRUE
  conversation = 0x138c5d340, ssl_session = 0x138c5d9e0
  record: offset = 0, reported_length_remaining = 43
dissect_ssl3_record: content_type 23 Application Data
decrypt_ssl3_record: app_data len 38, ssl state 0x10
packet_from_server: is from server - TRUE
decrypt_ssl3_record: using server decoder
decrypt_ssl3_record: no decoder available

dissect_ssl enter frame #655 (first time)
packet_from_server: is from server - FALSE
  conversation = 0x138c46040, ssl_session = 0x138c46860
  record: offset = 0, reported_length_remaining = 198
dissect_ssl3_record: content_type 23 Application Data
decrypt_ssl3_record: app_data len 193, ssl state 0x10
packet_from_server: is from server - FALSE
decrypt_ssl3_record: using client decoder
decrypt_ssl3_record: no decoder available

dissect_ssl enter frame #657 (first time)
packet_from_server: is from server - TRUE
  conversation = 0x138c5d340, ssl_session = 0x138c5d9e0
  record: offset = 0, reported_length_remaining = 56
dissect_ssl3_record: content_type 23 Application Data
decrypt_ssl3_record: app_data len 51, ssl state 0x10
packet_from_server: is from server - TRUE
decrypt_ssl3_record: using server decoder
decrypt_ssl3_record: no decoder available

dissect_ssl enter frame #659 (first time)
packet_from_server: is from server - TRUE
  conversation = 0x138c46040, ssl_session = 0x138c46860
  record: offset = 0, reported_length_remaining = 45
dissect_ssl3_record: content_type 23 Application Data
decrypt_ssl3_record: app_data len 40, ssl state 0x10
packet_from_server: is from server - TRUE
decrypt_ssl3_record: using server decoder
decrypt_ssl3_record: no decoder available

dissect_ssl enter frame #663 (first time)
packet_from_server: is from server - FALSE
  conversation = 0x138c46040, ssl_session = 0x138c46860
  record: offset = 0, reported_length_remaining = 180
dissect_ssl3_record: content_type 23 Application Data
decrypt_ssl3_record: app_data len 175, ssl state 0x10
packet_from_server: is from server - FALSE
decrypt_ssl3_record: using client decoder
decrypt_ssl3_record: no decoder available

dissect_ssl enter frame #665 (first time)
packet_from_server: is from server - FALSE
  conversation = 0x138c46040, ssl_session = 0x138c46860
  record: offset = 0, reported_length_remaining = 370
dissect_ssl3_record: content_type 23 Application Data
decrypt_ssl3_record: app_data len 365, ssl state 0x10
packet_from_server: is from server - FALSE
decrypt_ssl3_record: using client decoder
decrypt_ssl3_record: no decoder available

dissect_ssl enter frame #667 (first time)
packet_from_server: is from server - FALSE
  conversation = 0x138c46040, ssl_session = 0x138c46860
  record: offset = 0, reported_length_remaining = 230
dissect_ssl3_record: content_type 23 Application Data
decrypt_ssl3_record: app_data len 225, ssl state 0x10
packet_from_server: is from server - FALSE
decrypt_ssl3_record: using client decoder
decrypt_ssl3_record: no decoder available

dissect_ssl enter frame #669 (first time)
packet_from_server: is from server - FALSE
  conversation = 0x138c46040, ssl_session = 0x138c46860
  record: offset = 0, reported_length_remaining = 379
dissect_ssl3_record: content_type 23 Application Data
decrypt_ssl3_record: app_data len 374, ssl state 0x10
packet_from_server: is from server - FALSE
decrypt_ssl3_record: using client decoder
decrypt_ssl3_record: no decoder available

dissect_ssl enter frame #670 (first time)
packet_from_server: is from server - TRUE
  conversation = 0x138c46040, ssl_session = 0x138c46860
  record: offset = 0, reported_length_remaining = 45
dissect_ssl3_record: content_type 23 Application Data
decrypt_ssl3_record: app_data len 40, ssl state 0x10
packet_from_server: is from server - TRUE
decrypt_ssl3_record: using server decoder
decrypt_ssl3_record: no decoder available

dissect_ssl enter frame #671 (first time)
packet_from_server: is from server - TRUE
  conversation = 0x138c46040, ssl_session = 0x138c46860
  record: offset = 0, reported_length_remaining = 90
dissect_ssl3_record: content_type 23 Application Data
decrypt_ssl3_record: app_data len 40, ssl state 0x10
packet_from_server: is from server - TRUE
decrypt_ssl3_record: using server decoder
decrypt_ssl3_record: no decoder available
  record: offset = 45, reported_length_remaining = 45
dissect_ssl3_record: content_type 23 Application Data
decrypt_ssl3_record: app_data len 40, ssl state 0x10
packet_from_server: is from server - TRUE
decrypt_ssl3_record: using server decoder
decrypt_ssl3_record: no decoder available

dissect_ssl enter frame #672 (first time)
packet_from_server: is from server - FALSE
  conversation = 0x138c46040, ssl_session = 0x138c46860
  record: offset = 0, reported_length_remaining = 239
dissect_ssl3_record: content_type 23 Application Data
decrypt_ssl3_record: app_data len 234, ssl state 0x10
packet_from_server: is from server - FALSE
decrypt_ssl3_record: using client decoder
decrypt_ssl3_record: no decoder available

dissect_ssl enter frame #673 (first time)
packet_from_server: is from server - FALSE
  conversation = 0x138c664f0, ssl_session = 0x138c69100
  record: offset = 0, reported_length_remaining = 569
dissect_ssl3_record: content_type 23 Application Data
decrypt_ssl3_record: app_data len 564, ssl state 0x97
packet_from_server: is from server - FALSE
decrypt_ssl3_record: using client decoder
decrypt_ssl3_record: no decoder available

dissect_ssl enter frame #674 (first time)
packet_from_server: is from server - FALSE
  conversation = 0x138c664f0, ssl_session = 0x138c69100
  record: offset = 0, reported_length_remaining = 99
dissect_ssl3_record: content_type 23 Application Data
decrypt_ssl3_record: app_data len 94, ssl state 0x97
packet_from_server: is from server - FALSE
decrypt_ssl3_record: using client decoder
decrypt_ssl3_record: no decoder available

dissect_ssl enter frame #678 (first time)
packet_from_server: is from server - TRUE
  conversation = 0x138c664f0, ssl_session = 0x138c69100
  record: offset = 0, reported_length_remaining = 1028
dissect_ssl3_record: content_type 23 Application Data
decrypt_ssl3_record: app_data len 1023, ssl state 0x97
packet_from_server: is from server - TRUE
decrypt_ssl3_record: using server decoder
decrypt_ssl3_record: no decoder available

dissect_ssl enter frame #682 (first time)
packet_from_server: is from server - FALSE
  conversation = 0x138c46040, ssl_session = 0x138c46860
  record: offset = 0, reported_length_remaining = 355
dissect_ssl3_record: content_type 23 Application Data
decrypt_ssl3_record: app_data len 350, ssl state 0x10
packet_from_server: is from server - FALSE
decrypt_ssl3_record: using client decoder
decrypt_ssl3_record: no decoder available

dissect_ssl enter frame #683 (first time)
packet_from_server: is from server - TRUE
  conversation = 0x138c46040, ssl_session = 0x138c46860
  record: offset = 0, reported_length_remaining = 45
dissect_ssl3_record: content_type 23 Application Data
decrypt_ssl3_record: app_data len 40, ssl state 0x10
packet_from_server: is from server - TRUE
decrypt_ssl3_record: using server decoder
decrypt_ssl3_record: no decoder available

dissect_ssl enter frame #684 (first time)
packet_from_server: is from server - TRUE
  conversation = 0x138c46040, ssl_session = 0x138c46860
  record: offset = 0, reported_length_remaining = 90
dissect_ssl3_record: content_type 23 Application Data
decrypt_ssl3_record: app_data len 40, ssl state 0x10
packet_from_server: is from server - TRUE
decrypt_ssl3_record: using server decoder
decrypt_ssl3_record: no decoder available
  record: offset = 45, reported_length_remaining = 45
dissect_ssl3_record: content_type 23 Application Data
decrypt_ssl3_record: app_data len 40, ssl state 0x10
packet_from_server: is from server - TRUE
decrypt_ssl3_record: using server decoder
decrypt_ssl3_record: no decoder available

dissect_ssl enter frame #685 (first time)
packet_from_server: is from server - FALSE
  conversation = 0x138c46040, ssl_session = 0x138c46860
  record: offset = 0, reported_length_remaining = 1065
dissect_ssl3_record: content_type 23 Application Data
decrypt_ssl3_record: app_data len 345, ssl state 0x10
packet_from_server: is from server - FALSE
decrypt_ssl3_record: using client decoder
decrypt_ssl3_record: no decoder available
  record: offset = 350, reported_length_remaining = 715
dissect_ssl3_record: content_type 23 Application Data
decrypt_ssl3_record: app_data len 354, ssl state 0x10
packet_from_server: is from server - FALSE
decrypt_ssl3_record: using client decoder
decrypt_ssl3_record: no decoder available
  record: offset = 709, reported_length_remaining = 356
dissect_ssl3_record: content_type 23 Application Data
decrypt_ssl3_record: app_data len 351, ssl state 0x10
packet_from_server: is from server - FALSE
decrypt_ssl3_record: using client decoder
decrypt_ssl3_record: no decoder available

dissect_ssl enter frame #687 (first time)
packet_from_server: is from server - TRUE
  conversation = 0x138c46040, ssl_session = 0x138c46860
  record: offset = 0, reported_length_remaining = 45
dissect_ssl3_record: content_type 23 Application Data
decrypt_ssl3_record: app_data len 40, ssl state 0x10
packet_from_server: is from server - TRUE
decrypt_ssl3_record: using server decoder
decrypt_ssl3_record: no decoder available

dissect_ssl enter frame #688 (first time)
packet_from_server: is from server - TRUE
  conversation = 0x138c46040, ssl_session = 0x138c46860
  record: offset = 0, reported_length_remaining = 45
dissect_ssl3_record: content_type 23 Application Data
decrypt_ssl3_record: app_data len 40, ssl state 0x10
packet_from_server: is from server - TRUE
decrypt_ssl3_record: using server decoder
decrypt_ssl3_record: no decoder available

dissect_ssl enter frame #689 (first time)
packet_from_server: is from server - TRUE
  conversation = 0x138c46040, ssl_session = 0x138c46860
  record: offset = 0, reported_length_remaining = 45
dissect_ssl3_record: content_type 23 Application Data
decrypt_ssl3_record: app_data len 40, ssl state 0x10
packet_from_server: is from server - TRUE
decrypt_ssl3_record: using server decoder
decrypt_ssl3_record: no decoder available

dissect_ssl enter frame #691 (first time)
packet_from_server: is from server - TRUE
  conversation = 0x138c5d340, ssl_session = 0x138c5d9e0
  record: offset = 0, reported_length_remaining = 170
dissect_ssl3_record: content_type 23 Application Data
decrypt_ssl3_record: app_data len 165, ssl state 0x10
packet_from_server: is from server - TRUE
decrypt_ssl3_record: using server decoder
decrypt_ssl3_record: no decoder available

dissect_ssl enter frame #693 (first time)
packet_from_server: is from server - TRUE
  conversation = 0x138c5d340, ssl_session = 0x138c5d9e0
  record: offset = 0, reported_length_remaining = 43
dissect_ssl3_record: content_type 23 Application Data
decrypt_ssl3_record: app_data len 38, ssl state 0x10
packet_from_server: is from server - TRUE
decrypt_ssl3_record: using server decoder
decrypt_ssl3_record: no decoder available

dissect_ssl enter frame #695 (first time)
packet_from_server: is from server - FALSE
  conversation = 0x138c46040, ssl_session = 0x138c46860
  record: offset = 0, reported_length_remaining = 302
dissect_ssl3_record: content_type 23 Application Data
decrypt_ssl3_record: app_data len 297, ssl state 0x10
packet_from_server: is from server - FALSE
decrypt_ssl3_record: using client decoder
decrypt_ssl3_record: no decoder available

dissect_ssl enter frame #697 (first time)
packet_from_server: is from server - TRUE
  conversation = 0x138c4a1a0, ssl_session = 0x138c4a840
  record: offset = 0, reported_length_remaining = 60
dissect_ssl3_record: content_type 23 Application Data
decrypt_ssl3_record: app_data len 55, ssl state 0x10
packet_from_server: is from server - TRUE
decrypt_ssl3_record: using server decoder
decrypt_ssl3_record: no decoder available

dissect_ssl enter frame #699 (first time)
packet_from_server: is from server - TRUE
  conversation = 0x138c46040, ssl_session = 0x138c46860
  record: offset = 0, reported_length_remaining = 45
dissect_ssl3_record: content_type 23 Application Data
decrypt_ssl3_record: app_data len 40, ssl state 0x10
packet_from_server: is from server - TRUE
decrypt_ssl3_record: using server decoder
decrypt_ssl3_record: no decoder available

dissect_ssl enter frame #701 (first time)
packet_from_server: is from server - FALSE
  conversation = 0x138c46040, ssl_session = 0x138c46860
  record: offset = 0, reported_length_remaining = 198
dissect_ssl3_record: content_type 23 Application Data
decrypt_ssl3_record: app_data len 193, ssl state 0x10
packet_from_server: is from server - FALSE
decrypt_ssl3_record: using client decoder
decrypt_ssl3_record: no decoder available

dissect_ssl enter frame #703 (first time)
packet_from_server: is from server - FALSE
  conversation = 0x138c46040, ssl_session = 0x138c46860
  record: offset = 0, reported_length_remaining = 198
dissect_ssl3_record: content_type 23 Application Data
decrypt_ssl3_record: app_data len 193, ssl state 0x10
packet_from_server: is from server - FALSE
decrypt_ssl3_record: using client decoder
decrypt_ssl3_record: no decoder available

dissect_ssl enter frame #705 (first time)
packet_from_server: is from server - TRUE
  conversation = 0x138c46040, ssl_session = 0x138c46860
  record: offset = 0, reported_length_remaining = 45
dissect_ssl3_record: content_type 23 Application Data
decrypt_ssl3_record: app_data len 40, ssl state 0x10
packet_from_server: is from server - TRUE
decrypt_ssl3_record: using server decoder
decrypt_ssl3_record: no decoder available

dissect_ssl enter frame #706 (first time)
packet_from_server: is from server - TRUE
  conversation = 0x138c46040, ssl_session = 0x138c46860
  record: offset = 0, reported_length_remaining = 45
dissect_ssl3_record: content_type 23 Application Data
decrypt_ssl3_record: app_data len 40, ssl state 0x10
packet_from_server: is from server - TRUE
decrypt_ssl3_record: using server decoder
decrypt_ssl3_record: no decoder available

dissect_ssl enter frame #708 (first time)
packet_from_server: is from server - FALSE
  conversation = 0x138c68510, ssl_session = 0x138ca9510
  record: offset = 0, reported_length_remaining = 119
ssl_try_set_version found version 0x0303 -> state 0x10
dissect_ssl3_record: content_type 23 Application Data
decrypt_ssl3_record: app_data len 114, ssl state 0x10
packet_from_server: is from server - FALSE
decrypt_ssl3_record: using client decoder
decrypt_ssl3_record: no decoder available

dissect_ssl enter frame #709 (first time)
packet_from_server: is from server - FALSE
  conversation = 0x138c68510, ssl_session = 0x138ca9510
  record: offset = 0, reported_length_remaining = 39
dissect_ssl3_record: content_type 23 Application Data
decrypt_ssl3_record: app_data len 34, ssl state 0x10
packet_from_server: is from server - FALSE
decrypt_ssl3_record: using client decoder
decrypt_ssl3_record: no decoder available

dissect_ssl enter frame #710 (first time)
packet_from_server: is from server - FALSE
  conversation = 0x138c68510, ssl_session = 0x138ca9510
  record: offset = 0, reported_length_remaining = 642
dissect_ssl3_record: content_type 23 Application Data
decrypt_ssl3_record: app_data len 637, ssl state 0x10
packet_from_server: is from server - FALSE
decrypt_ssl3_record: using client decoder
decrypt_ssl3_record: no decoder available

dissect_ssl enter frame #717 (first time)
packet_from_server: is from server - TRUE
  conversation = 0x138c68510, ssl_session = 0x138ca9510
  record: offset = 0, reported_length_remaining = 39
dissect_ssl3_record: content_type 23 Application Data
decrypt_ssl3_record: app_data len 34, ssl state 0x10
packet_from_server: is from server - TRUE
decrypt_ssl3_record: using server decoder
decrypt_ssl3_record: no decoder available

dissect_ssl enter frame #720 (first time)
packet_from_server: is from server - TRUE
  conversation = 0x138c68510, ssl_session = 0x138ca9510
  record: offset = 0, reported_length_remaining = 234
dissect_ssl3_record: content_type 23 Application Data
decrypt_ssl3_record: app_data len 229, ssl state 0x10
packet_from_server: is from server - TRUE
decrypt_ssl3_record: using server decoder
decrypt_ssl3_record: no decoder available

dissect_ssl enter frame #722 (first time)
packet_from_server: is from server - FALSE
  conversation = 0x138c68510, ssl_session = 0x138ca9510
  record: offset = 0, reported_length_remaining = 35
dissect_ssl3_record: content_type 23 Application Data
decrypt_ssl3_record: app_data len 30, ssl state 0x10
packet_from_server: is from server - FALSE
decrypt_ssl3_record: using client decoder
decrypt_ssl3_record: no decoder available

dissect_ssl enter frame #723 (first time)
packet_from_server: is from server - TRUE
  conversation = 0x138c4cac0, ssl_session = 0x138c4d160
  record: offset = 0, reported_length_remaining = 60
dissect_ssl3_record: content_type 23 Application Data
decrypt_ssl3_record: app_data len 55, ssl state 0x10
packet_from_server: is from server - TRUE
decrypt_ssl3_record: using server decoder
decrypt_ssl3_record: no decoder available

dissect_ssl enter frame #726 (first time)
packet_from_server: is from server - TRUE
  conversation = 0x138c5d340, ssl_session = 0x138c5d9e0
  record: offset = 0, reported_length_remaining = 176
dissect_ssl3_record: content_type 23 Application Data
decrypt_ssl3_record: app_data len 171, ssl state 0x10
packet_from_server: is from server - TRUE
decrypt_ssl3_record: using server decoder
decrypt_ssl3_record: no decoder available

dissect_ssl enter frame #728 (first time)
packet_from_server: is from server - TRUE
  conversation = 0x138c5d340, ssl_session = 0x138c5d9e0
  record: offset = 0, reported_length_remaining = 45
dissect_ssl3_record: content_type 23 Application Data
decrypt_ssl3_record: app_data len 40, ssl state 0x10
packet_from_server: is from server - TRUE
decrypt_ssl3_record: using server decoder
decrypt_ssl3_record: no decoder available

dissect_ssl enter frame #733 (first time)
packet_from_server: is from server - TRUE
  conversation = 0x138c5d340, ssl_session = 0x138c5d9e0
  record: offset = 0, reported_length_remaining = 176
dissect_ssl3_record: content_type 23 Application Data
decrypt_ssl3_record: app_data len 171, ssl state 0x10
packet_from_server: is from server - TRUE
decrypt_ssl3_record: using server decoder
decrypt_ssl3_record: no decoder available

dissect_ssl enter frame #736 (first time)
packet_from_server: is from server - TRUE
  conversation = 0x138c5d340, ssl_session = 0x138c5d9e0
  record: offset = 0, reported_length_remaining = 43
dissect_ssl3_record: content_type 23 Application Data
decrypt_ssl3_record: app_data len 38, ssl state 0x10
packet_from_server: is from server - TRUE
decrypt_ssl3_record: using server decoder
decrypt_ssl3_record: no decoder available

dissect_ssl enter frame #740 (first time)
packet_from_server: is from server - TRUE
  conversation = 0x138c5d340, ssl_session = 0x138c5d9e0
  record: offset = 0, reported_length_remaining = 179
dissect_ssl3_record: content_type 23 Application Data
decrypt_ssl3_record: app_data len 174, ssl state 0x10
packet_from_server: is from server - TRUE
decrypt_ssl3_record: using server decoder
decrypt_ssl3_record: no decoder available

dissect_ssl enter frame #741 (first time)
packet_from_server: is from server - TRUE
  conversation = 0x138c47070, ssl_session = 0x138c47710
  record: offset = 0, reported_length_remaining = 60
dissect_ssl3_record: content_type 23 Application Data
decrypt_ssl3_record: app_data len 55, ssl state 0x10
packet_from_server: is from server - TRUE
decrypt_ssl3_record: using server decoder
decrypt_ssl3_record: no decoder available

dissect_ssl enter frame #744 (first time)
packet_from_server: is from server - TRUE
  conversation = 0x138c5d340, ssl_session = 0x138c5d9e0
  record: offset = 0, reported_length_remaining = 44
dissect_ssl3_record: content_type 23 Application Data
decrypt_ssl3_record: app_data len 39, ssl state 0x10
packet_from_server: is from server - TRUE
decrypt_ssl3_record: using server decoder
decrypt_ssl3_record: no decoder available

dissect_ssl enter frame #746 (first time)
packet_from_server: is from server - TRUE
  conversation = 0x138cae540, ssl_session = 0x138caecf0
  record: offset = 0, reported_length_remaining = 26
ssl_try_set_version found version 0x0303 -> state 0x10
dissect_ssl3_record: content_type 23 Application Data
decrypt_ssl3_record: app_data len 21, ssl state 0x10
packet_from_server: is from server - TRUE
decrypt_ssl3_record: using server decoder
decrypt_ssl3_record: no decoder available

dissect_ssl enter frame #748 (first time)
packet_from_server: is from server - FALSE
  conversation = 0x138cae540, ssl_session = 0x138caecf0
  record: offset = 0, reported_length_remaining = 30
dissect_ssl3_record: content_type 23 Application Data
decrypt_ssl3_record: app_data len 25, ssl state 0x10
packet_from_server: is from server - FALSE
decrypt_ssl3_record: using client decoder
decrypt_ssl3_record: no decoder available

dissect_ssl enter frame #750 (first time)
packet_from_server: is from server - TRUE
  conversation = 0x138c5d340, ssl_session = 0x138c5d9e0
  record: offset = 0, reported_length_remaining = 54
dissect_ssl3_record: content_type 23 Application Data
decrypt_ssl3_record: app_data len 49, ssl state 0x10
packet_from_server: is from server - TRUE
decrypt_ssl3_record: using server decoder
decrypt_ssl3_record: no decoder available

dissect_ssl enter frame #752 (first time)
packet_from_server: is from server - TRUE
  conversation = 0x138c5d340, ssl_session = 0x138c5d9e0
  record: offset = 0, reported_length_remaining = 44
dissect_ssl3_record: content_type 23 Application Data
decrypt_ssl3_record: app_data len 39, ssl state 0x10
packet_from_server: is from server - TRUE
decrypt_ssl3_record: using server decoder
decrypt_ssl3_record: no decoder available

dissect_ssl enter frame #754 (first time)
packet_from_server: is from server - TRUE
  conversation = 0x138c5d340, ssl_session = 0x138c5d9e0
  record: offset = 0, reported_length_remaining = 42
dissect_ssl3_record: content_type 23 Application Data
decrypt_ssl3_record: app_data len 37, ssl state 0x10
packet_from_server: is from server - TRUE
decrypt_ssl3_record: using server decoder
decrypt_ssl3_record: no decoder available

dissect_ssl enter frame #760 (first time)
packet_from_server: is from server - FALSE
  conversation = 0x138c5d340, ssl_session = 0x138c5d9e0
  record: offset = 0, reported_length_remaining = 54
dissect_ssl3_record: content_type 23 Application Data
decrypt_ssl3_record: app_data len 49, ssl state 0x10
packet_from_server: is from server - FALSE
decrypt_ssl3_record: using client decoder
decrypt_ssl3_record: no decoder available

dissect_ssl enter frame #762 (first time)
packet_from_server: is from server - TRUE
  conversation = 0x138c5d340, ssl_session = 0x138c5d9e0
  record: offset = 0, reported_length_remaining = 40
dissect_ssl3_record: content_type 23 Application Data
decrypt_ssl3_record: app_data len 35, ssl state 0x10
packet_from_server: is from server - TRUE
decrypt_ssl3_record: using server decoder
decrypt_ssl3_record: no decoder available

dissect_ssl enter frame #764 (first time)
packet_from_server: is from server - TRUE
  conversation = 0x138c4a1a0, ssl_session = 0x138c4a840
  record: offset = 0, reported_length_remaining = 60
dissect_ssl3_record: content_type 23 Application Data
decrypt_ssl3_record: app_data len 55, ssl state 0x10
packet_from_server: is from server - TRUE
decrypt_ssl3_record: using server decoder
decrypt_ssl3_record: no decoder available

dissect_ssl enter frame #766 (first time)
packet_from_server: is from server - TRUE
  conversation = 0x138c5d340, ssl_session = 0x138c5d9e0
  record: offset = 0, reported_length_remaining = 44
dissect_ssl3_record: content_type 23 Application Data
decrypt_ssl3_record: app_data len 39, ssl state 0x10
packet_from_server: is from server - TRUE
decrypt_ssl3_record: using server decoder
decrypt_ssl3_record: no decoder available

dissect_ssl enter frame #768 (first time)
packet_from_server: is from server - TRUE
  conversation = 0x138c5d340, ssl_session = 0x138c5d9e0
  record: offset = 0, reported_length_remaining = 61
dissect_ssl3_record: content_type 23 Application Data
decrypt_ssl3_record: app_data len 56, ssl state 0x10
packet_from_server: is from server - TRUE
decrypt_ssl3_record: using server decoder
decrypt_ssl3_record: no decoder available

dissect_ssl enter frame #770 (first time)
packet_from_server: is from server - FALSE
  conversation = 0x138c4b820, ssl_session = 0x138c4bec0
  record: offset = 0, reported_length_remaining = 56
dissect_ssl3_record: content_type 23 Application Data
decrypt_ssl3_record: app_data len 51, ssl state 0x10
packet_from_server: is from server - FALSE
decrypt_ssl3_record: using client decoder
decrypt_ssl3_record: no decoder available

dissect_ssl enter frame #771 (first time)
packet_from_server: is from server - TRUE
  conversation = 0x138c5d340, ssl_session = 0x138c5d9e0
  record: offset = 0, reported_length_remaining = 44
dissect_ssl3_record: content_type 23 Application Data
decrypt_ssl3_record: app_data len 39, ssl state 0x10
packet_from_server: is from server - TRUE
decrypt_ssl3_record: using server decoder
decrypt_ssl3_record: no decoder available

dissect_ssl enter frame #774 (first time)
packet_from_server: is from server - FALSE
  conversation = 0x138c52090, ssl_session = 0x138cb3300
  record: offset = 0, reported_length_remaining = 737
ssl_try_set_version found version 0x0303 -> state 0x10
dissect_ssl3_record: content_type 23 Application Data
decrypt_ssl3_record: app_data len 732, ssl state 0x10
packet_from_server: is from server - FALSE
decrypt_ssl3_record: using client decoder
decrypt_ssl3_record: no decoder available

dissect_ssl enter frame #775 (first time)
packet_from_server: is from server - FALSE
  conversation = 0x138c50610, ssl_session = 0x138cb38d0
  record: offset = 0, reported_length_remaining = 1388
  need_desegmentation: offset = 0, reported_length_remaining = 1388

dissect_ssl enter frame #776 (first time)
packet_from_server: is from server - FALSE
  conversation = 0x138c50610, ssl_session = 0x138cb38d0
  record: offset = 0, reported_length_remaining = 2258
ssl_try_set_version found version 0x0303 -> state 0x10
dissect_ssl3_record: content_type 23 Application Data
decrypt_ssl3_record: app_data len 2253, ssl state 0x10
packet_from_server: is from server - FALSE
decrypt_ssl3_record: using client decoder
decrypt_ssl3_record: no decoder available

dissect_ssl enter frame #777 (first time)
packet_from_server: is from server - FALSE
  conversation = 0x138c50610, ssl_session = 0x138cb38d0
  record: offset = 0, reported_length_remaining = 39
dissect_ssl3_record: content_type 23 Application Data
decrypt_ssl3_record: app_data len 34, ssl state 0x10
packet_from_server: is from server - FALSE
decrypt_ssl3_record: using client decoder
decrypt_ssl3_record: no decoder available

dissect_tls13_handshake enter frame #780 (first time)
packet_from_server: is from server - FALSE
  conversation = 0x138cb4fd0, ssl_session = 0x138cb5a60, from_server = 0
packet_from_server: is from server - FALSE
packet_from_server: is from server - FALSE

dissect_tls13_handshake enter frame #781 (first time)
packet_from_server: is from server - FALSE
  conversation = 0x138cb4fd0, ssl_session = 0x138cb5a60, from_server = 0
packet_from_server: is from server - FALSE
packet_from_server: is from server - FALSE
dissect_ssl3_handshake iteration 1 type 1 offset 0 length 2027 bytes
ssl_dissect_hnd_hello_common found CLIENT RANDOM -> state 0x2011
ssl_dissect_hnd_hello_ext_early_data found early_data extension
dissect_tls_handshake_full forcing version 0x0304 -> state 0x2011
tls13_get_quic_secret frame 782 is_quic=1
trying to use TLS keylog in /Volumes/home/projects/open/rama/.personal/key.pem
tls13_get_quic_secret Cannot find QUIC CLIENT_EARLY_TRAFFIC_SECRET of size 32..48, found bad size 0!

dissect_ssl enter frame #787 (first time)
packet_from_server: is from server - TRUE
  conversation = 0x138c50610, ssl_session = 0x138cb38d0
  record: offset = 0, reported_length_remaining = 39
dissect_ssl3_record: content_type 23 Application Data
decrypt_ssl3_record: app_data len 34, ssl state 0x10
packet_from_server: is from server - TRUE
decrypt_ssl3_record: using server decoder
decrypt_ssl3_record: no decoder available

dissect_tls13_handshake enter frame #791 (first time)
packet_from_server: is from server - TRUE
  conversation = 0x138cb4fd0, ssl_session = 0x138cb5a60, from_server = 1
dissect_ssl3_handshake iteration 1 type 2 offset 0 length 1180 bytes
ssl_try_set_version found version 0x0304 -> state 0x2011
ssl_dissect_hnd_hello_common found SERVER RANDOM -> state 0x2013
ssl_set_cipher found CIPHER 0x1301 TLS_AES_128_GCM_SHA256 -> state 0x2017
trying to use TLS keylog in /Volumes/home/projects/open/rama/.personal/key.pem
tls13_get_quic_secret frame 792 is_quic=1
trying to use TLS keylog in /Volumes/home/projects/open/rama/.personal/key.pem
tls13_get_quic_secret Cannot find QUIC SERVER_HANDSHAKE_TRAFFIC_SECRET of size 32..32, found bad size 0!
tls13_get_quic_secret frame 792 is_quic=1
trying to use TLS keylog in /Volumes/home/projects/open/rama/.personal/key.pem
tls13_get_quic_secret Cannot find QUIC CLIENT_TRAFFIC_SECRET_0 of size 32..32, found bad size 0!
tls13_get_quic_secret frame 794 is_quic=1
trying to use TLS keylog in /Volumes/home/projects/open/rama/.personal/key.pem
tls13_get_quic_secret Cannot find QUIC CLIENT_HANDSHAKE_TRAFFIC_SECRET of size 32..32, found bad size 0!

dissect_tls13_handshake enter frame #817 (first time)
packet_from_server: is from server - FALSE
  conversation = 0x138cba190, ssl_session = 0x138cbaa00, from_server = 0
packet_from_server: is from server - FALSE
packet_from_server: is from server - FALSE

dissect_tls13_handshake enter frame #818 (first time)
packet_from_server: is from server - FALSE
  conversation = 0x138cba190, ssl_session = 0x138cbaa00, from_server = 0
packet_from_server: is from server - FALSE
packet_from_server: is from server - FALSE

dissect_tls13_handshake enter frame #818 (first time)
packet_from_server: is from server - FALSE
  conversation = 0x138cba190, ssl_session = 0x138cbaa00, from_server = 0
packet_from_server: is from server - FALSE
packet_from_server: is from server - FALSE
dissect_ssl3_handshake iteration 1 type 1 offset 0 length 2208 bytes
ssl_dissect_hnd_hello_common found CLIENT RANDOM -> state 0x2011
ssl_dissect_hnd_hello_ext_early_data found early_data extension
dissect_tls_handshake_full forcing version 0x0304 -> state 0x2011
tls13_get_quic_secret frame 819 is_quic=1
trying to use TLS keylog in /Volumes/home/projects/open/rama/.personal/key.pem
tls13_get_quic_secret Cannot find QUIC CLIENT_EARLY_TRAFFIC_SECRET of size 32..48, found bad size 0!

dissect_tls13_handshake enter frame #820 (first time)
packet_from_server: is from server - FALSE
  conversation = 0x138cbbf70, ssl_session = 0x138cbc7e0, from_server = 0
packet_from_server: is from server - FALSE
packet_from_server: is from server - FALSE

dissect_tls13_handshake enter frame #821 (first time)
packet_from_server: is from server - FALSE
  conversation = 0x138cbbf70, ssl_session = 0x138cbc7e0, from_server = 0
packet_from_server: is from server - FALSE
packet_from_server: is from server - FALSE
dissect_ssl3_handshake iteration 1 type 1 offset 0 length 2085 bytes
ssl_dissect_hnd_hello_common found CLIENT RANDOM -> state 0x2011
ssl_dissect_hnd_hello_ext_early_data found early_data extension
dissect_tls_handshake_full forcing version 0x0304 -> state 0x2011
tls13_get_quic_secret frame 822 is_quic=1
trying to use TLS keylog in /Volumes/home/projects/open/rama/.personal/key.pem
tls13_get_quic_secret Cannot find QUIC CLIENT_EARLY_TRAFFIC_SECRET of size 32..48, found bad size 0!

dissect_tls13_handshake enter frame #825 (first time)
packet_from_server: is from server - TRUE
  conversation = 0x138cba190, ssl_session = 0x138cbaa00, from_server = 1
dissect_ssl3_handshake iteration 1 type 2 offset 0 length 1180 bytes
ssl_try_set_version found version 0x0304 -> state 0x2011
ssl_dissect_hnd_hello_common found SERVER RANDOM -> state 0x2013
ssl_set_cipher found CIPHER 0x1301 TLS_AES_128_GCM_SHA256 -> state 0x2017
trying to use TLS keylog in /Volumes/home/projects/open/rama/.personal/key.pem
tls13_get_quic_secret frame 826 is_quic=1
trying to use TLS keylog in /Volumes/home/projects/open/rama/.personal/key.pem
tls13_get_quic_secret Cannot find QUIC SERVER_HANDSHAKE_TRAFFIC_SECRET of size 32..32, found bad size 0!
tls13_get_quic_secret frame 826 is_quic=1
trying to use TLS keylog in /Volumes/home/projects/open/rama/.personal/key.pem
tls13_get_quic_secret Cannot find QUIC CLIENT_TRAFFIC_SECRET_0 of size 32..32, found bad size 0!

dissect_ssl enter frame #829 (first time)
packet_from_server: is from server - TRUE
  conversation = 0x138c50610, ssl_session = 0x138cb38d0
  record: offset = 0, reported_length_remaining = 86
dissect_ssl3_record: content_type 23 Application Data
decrypt_ssl3_record: app_data len 81, ssl state 0x10
packet_from_server: is from server - TRUE
decrypt_ssl3_record: using server decoder
decrypt_ssl3_record: no decoder available
tls13_get_quic_secret frame 831 is_quic=1
trying to use TLS keylog in /Volumes/home/projects/open/rama/.personal/key.pem
tls13_get_quic_secret Cannot find QUIC CLIENT_HANDSHAKE_TRAFFIC_SECRET of size 32..32, found bad size 0!

dissect_tls13_handshake enter frame #842 (first time)
packet_from_server: is from server - TRUE
  conversation = 0x138cbbf70, ssl_session = 0x138cbc7e0, from_server = 1
dissect_ssl3_handshake iteration 1 type 2 offset 0 length 1180 bytes
ssl_try_set_version found version 0x0304 -> state 0x2011
ssl_dissect_hnd_hello_common found SERVER RANDOM -> state 0x2013
ssl_set_cipher found CIPHER 0x1301 TLS_AES_128_GCM_SHA256 -> state 0x2017
trying to use TLS keylog in /Volumes/home/projects/open/rama/.personal/key.pem
tls13_get_quic_secret frame 843 is_quic=1
trying to use TLS keylog in /Volumes/home/projects/open/rama/.personal/key.pem
tls13_get_quic_secret Cannot find QUIC SERVER_HANDSHAKE_TRAFFIC_SECRET of size 32..32, found bad size 0!
tls13_get_quic_secret frame 843 is_quic=1
trying to use TLS keylog in /Volumes/home/projects/open/rama/.personal/key.pem
tls13_get_quic_secret Cannot find QUIC CLIENT_TRAFFIC_SECRET_0 of size 32..32, found bad size 0!
tls13_get_quic_secret frame 845 is_quic=1
trying to use TLS keylog in /Volumes/home/projects/open/rama/.personal/key.pem
tls13_get_quic_secret Cannot find QUIC CLIENT_HANDSHAKE_TRAFFIC_SECRET of size 32..32, found bad size 0!

dissect_ssl enter frame #871 (first time)
packet_from_server: is from server - TRUE
  conversation = 0x138c52090, ssl_session = 0x138cb3300
  record: offset = 0, reported_length_remaining = 100
dissect_ssl3_record: content_type 23 Application Data
decrypt_ssl3_record: app_data len 95, ssl state 0x10
packet_from_server: is from server - TRUE
decrypt_ssl3_record: using server decoder
decrypt_ssl3_record: no decoder available

dissect_ssl enter frame #876 (first time)
packet_from_server: is from server - TRUE
  conversation = 0x138c4cac0, ssl_session = 0x138c4d160
  record: offset = 0, reported_length_remaining = 60
dissect_ssl3_record: content_type 23 Application Data
decrypt_ssl3_record: app_data len 55, ssl state 0x10
packet_from_server: is from server - TRUE
decrypt_ssl3_record: using server decoder
decrypt_ssl3_record: no decoder available

dissect_ssl enter frame #878 (first time)
packet_from_server: is from server - TRUE
  conversation = 0x138c5d340, ssl_session = 0x138c5d9e0
  record: offset = 0, reported_length_remaining = 202
dissect_ssl3_record: content_type 23 Application Data
decrypt_ssl3_record: app_data len 197, ssl state 0x10
packet_from_server: is from server - TRUE
decrypt_ssl3_record: using server decoder
decrypt_ssl3_record: no decoder available

dissect_ssl enter frame #880 (first time)
packet_from_server: is from server - TRUE
  conversation = 0x138c5d340, ssl_session = 0x138c5d9e0
  record: offset = 0, reported_length_remaining = 45
dissect_ssl3_record: content_type 23 Application Data
decrypt_ssl3_record: app_data len 40, ssl state 0x10
packet_from_server: is from server - TRUE
decrypt_ssl3_record: using server decoder
decrypt_ssl3_record: no decoder available

dissect_ssl enter frame #882 (first time)
packet_from_server: is from server - TRUE
  conversation = 0x138c47070, ssl_session = 0x138c47710
  record: offset = 0, reported_length_remaining = 60
dissect_ssl3_record: content_type 23 Application Data
decrypt_ssl3_record: app_data len 55, ssl state 0x10
packet_from_server: is from server - TRUE
decrypt_ssl3_record: using server decoder
decrypt_ssl3_record: no decoder available

dissect_ssl enter frame #884 (first time)
packet_from_server: is from server - TRUE
  conversation = 0x138c5d340, ssl_session = 0x138c5d9e0
  record: offset = 0, reported_length_remaining = 185
dissect_ssl3_record: content_type 23 Application Data
decrypt_ssl3_record: app_data len 180, ssl state 0x10
packet_from_server: is from server - TRUE
decrypt_ssl3_record: using server decoder
decrypt_ssl3_record: no decoder available

dissect_ssl enter frame #886 (first time)
packet_from_server: is from server - TRUE
  conversation = 0x138c5d340, ssl_session = 0x138c5d9e0
  record: offset = 0, reported_length_remaining = 43
dissect_ssl3_record: content_type 23 Application Data
decrypt_ssl3_record: app_data len 38, ssl state 0x10
packet_from_server: is from server - TRUE
decrypt_ssl3_record: using server decoder
decrypt_ssl3_record: no decoder available

dissect_ssl enter frame #888 (first time)
packet_from_server: is from server - FALSE
  conversation = 0x138c4b820, ssl_session = 0x138c4bec0
  record: offset = 0, reported_length_remaining = 54
dissect_ssl3_record: content_type 23 Application Data
decrypt_ssl3_record: app_data len 49, ssl state 0x10
packet_from_server: is from server - FALSE
decrypt_ssl3_record: using client decoder
decrypt_ssl3_record: no decoder available

dissect_ssl enter frame #889 (first time)
packet_from_server: is from server - FALSE
  conversation = 0x138c52090, ssl_session = 0x138cb3300
  record: offset = 0, reported_length_remaining = 72
dissect_ssl3_record: content_type 23 Application Data
decrypt_ssl3_record: app_data len 67, ssl state 0x10
packet_from_server: is from server - FALSE
decrypt_ssl3_record: using client decoder
decrypt_ssl3_record: no decoder available

dissect_ssl enter frame #891 (first time)
packet_from_server: is from server - TRUE
  conversation = 0x138c4b820, ssl_session = 0x138c4bec0
  record: offset = 0, reported_length_remaining = 56
dissect_ssl3_record: content_type 23 Application Data
decrypt_ssl3_record: app_data len 51, ssl state 0x10
packet_from_server: is from server - TRUE
decrypt_ssl3_record: using server decoder
decrypt_ssl3_record: no decoder available

dissect_ssl enter frame #896 (first time)
packet_from_server: is from server - TRUE
  conversation = 0x138c52090, ssl_session = 0x138cb3300
  record: offset = 0, reported_length_remaining = 95
dissect_ssl3_record: content_type 23 Application Data
decrypt_ssl3_record: app_data len 90, ssl state 0x10
packet_from_server: is from server - TRUE
decrypt_ssl3_record: using server decoder
decrypt_ssl3_record: no decoder available

dissect_ssl enter frame #904 (first time)
packet_from_server: is from server - TRUE
  conversation = 0x138c4a1a0, ssl_session = 0x138c4a840
  record: offset = 0, reported_length_remaining = 60
dissect_ssl3_record: content_type 23 Application Data
decrypt_ssl3_record: app_data len 55, ssl state 0x10
packet_from_server: is from server - TRUE
decrypt_ssl3_record: using server decoder
decrypt_ssl3_record: no decoder available

dissect_ssl enter frame #908 (first time)
packet_from_server: is from server - TRUE
  conversation = 0x138c5d340, ssl_session = 0x138c5d9e0
  record: offset = 0, reported_length_remaining = 179
dissect_ssl3_record: content_type 23 Application Data
decrypt_ssl3_record: app_data len 174, ssl state 0x10
packet_from_server: is from server - TRUE
decrypt_ssl3_record: using server decoder
decrypt_ssl3_record: no decoder available

dissect_ssl enter frame #910 (first time)
packet_from_server: is from server - TRUE
  conversation = 0x138c5d340, ssl_session = 0x138c5d9e0
  record: offset = 0, reported_length_remaining = 43
dissect_ssl3_record: content_type 23 Application Data
decrypt_ssl3_record: app_data len 38, ssl state 0x10
packet_from_server: is from server - TRUE
decrypt_ssl3_record: using server decoder
decrypt_ssl3_record: no decoder available

dissect_ssl enter frame #915 (first time)
packet_from_server: is from server - TRUE
  conversation = 0x138c5d340, ssl_session = 0x138c5d9e0
  record: offset = 0, reported_length_remaining = 177
dissect_ssl3_record: content_type 23 Application Data
decrypt_ssl3_record: app_data len 172, ssl state 0x10
packet_from_server: is from server - TRUE
decrypt_ssl3_record: using server decoder
decrypt_ssl3_record: no decoder available

dissect_ssl enter frame #921 (first time)
packet_from_server: is from server - FALSE
  conversation = 0x138cc70e0, ssl_session = 0x138cc7c30
  record: offset = 0, reported_length_remaining = 1400
  need_desegmentation: offset = 0, reported_length_remaining = 1400

dissect_ssl enter frame #922 (first time)
packet_from_server: is from server - FALSE
  conversation = 0x138cc70e0, ssl_session = 0x138cc7c30
  record: offset = 0, reported_length_remaining = 2065
dissect_ssl3_record: content_type 22 Handshake
decrypt_ssl3_record: app_data len 2060, ssl state 0x00
packet_from_server: is from server - FALSE
decrypt_ssl3_record: using client decoder
decrypt_ssl3_record: no decoder available
dissect_ssl3_handshake iteration 1 type 1 offset 5 length 2056 bytes
Calculating hash with offset 5 2060
ssl_dissect_hnd_hello_common found CLIENT RANDOM -> state 0x01

dissect_ssl enter frame #925 (first time)
packet_from_server: is from server - TRUE
  conversation = 0x138cc70e0, ssl_session = 0x138cc7c30
  record: offset = 0, reported_length_remaining = 218
ssl_try_set_version found version 0x0303 -> state 0x91
dissect_ssl3_record: content_type 22 Handshake
decrypt_ssl3_record: app_data len 128, ssl state 0x91
packet_from_server: is from server - TRUE
decrypt_ssl3_record: using server decoder
decrypt_ssl3_record: no decoder available
dissect_ssl3_handshake iteration 1 type 2 offset 5 length 124 bytes
ssl_try_set_version found version 0x0304 -> state 0x91
ssl_dissect_hnd_hello_common found SERVER RANDOM -> state 0x93
ssl_set_cipher found CIPHER 0x1301 TLS_AES_128_GCM_SHA256 -> state 0x97
trying to use TLS keylog in /Volumes/home/projects/open/rama/.personal/key.pem
tls13_load_secret transitioning to new key, old state 0x97
tls13_load_secret Cannot find CLIENT_HANDSHAKE_TRAFFIC_SECRET, decryption impossible
tls13_load_secret transitioning to new key, old state 0x97
tls13_load_secret Cannot find SERVER_HANDSHAKE_TRAFFIC_SECRET, decryption impossible
  record: offset = 133, reported_length_remaining = 85
dissect_ssl3_record: content_type 20 Change Cipher Spec
  record: offset = 139, reported_length_remaining = 79
dissect_ssl3_record: content_type 23 Application Data
decrypt_ssl3_record: app_data len 74, ssl state 0x97
packet_from_server: is from server - TRUE
decrypt_ssl3_record: using server decoder
decrypt_ssl3_record: no decoder available

dissect_ssl enter frame #927 (first time)
packet_from_server: is from server - FALSE
  conversation = 0x138cc70e0, ssl_session = 0x138cc7c30
  record: offset = 0, reported_length_remaining = 64
dissect_ssl3_record: content_type 20 Change Cipher Spec
  record: offset = 6, reported_length_remaining = 58
dissect_ssl3_record: content_type 23 Application Data
decrypt_ssl3_record: app_data len 53, ssl state 0x97
packet_from_server: is from server - FALSE
decrypt_ssl3_record: using client decoder
decrypt_ssl3_record: no decoder available

dissect_ssl enter frame #928 (first time)
packet_from_server: is from server - FALSE
  conversation = 0x138cc70e0, ssl_session = 0x138cc7c30
  record: offset = 0, reported_length_remaining = 1400
  need_desegmentation: offset = 0, reported_length_remaining = 1400

dissect_ssl enter frame #930 (first time)
packet_from_server: is from server - FALSE
  conversation = 0x138cc70e0, ssl_session = 0x138cc7c30
  record: offset = 0, reported_length_remaining = 3474
dissect_ssl3_record: content_type 23 Application Data
decrypt_ssl3_record: app_data len 3469, ssl state 0x97
packet_from_server: is from server - FALSE
decrypt_ssl3_record: using client decoder
decrypt_ssl3_record: no decoder available

dissect_ssl enter frame #936 (first time)
packet_from_server: is from server - TRUE
  conversation = 0x138c5d340, ssl_session = 0x138c5d9e0
  record: offset = 0, reported_length_remaining = 43
dissect_ssl3_record: content_type 23 Application Data
decrypt_ssl3_record: app_data len 38, ssl state 0x10
packet_from_server: is from server - TRUE
decrypt_ssl3_record: using server decoder
decrypt_ssl3_record: no decoder available

dissect_ssl enter frame #938 (first time)
packet_from_server: is from server - TRUE
  conversation = 0x138cc70e0, ssl_session = 0x138cc7c30
  record: offset = 0, reported_length_remaining = 832
dissect_ssl3_record: content_type 23 Application Data
decrypt_ssl3_record: app_data len 565, ssl state 0x97
packet_from_server: is from server - TRUE
decrypt_ssl3_record: using server decoder
decrypt_ssl3_record: no decoder available
  record: offset = 570, reported_length_remaining = 262
dissect_ssl3_record: content_type 23 Application Data
decrypt_ssl3_record: app_data len 257, ssl state 0x97
packet_from_server: is from server - TRUE
decrypt_ssl3_record: using server decoder
decrypt_ssl3_record: no decoder available

dissect_ssl enter frame #940 (first time)
packet_from_server: is from server - FALSE
  conversation = 0x138cc70e0, ssl_session = 0x138cc7c30
  record: offset = 0, reported_length_remaining = 164
dissect_ssl3_record: content_type 23 Application Data
decrypt_ssl3_record: app_data len 159, ssl state 0x97
packet_from_server: is from server - FALSE
decrypt_ssl3_record: using client decoder
decrypt_ssl3_record: no decoder available

dissect_ssl enter frame #941 (first time)
packet_from_server: is from server - TRUE
  conversation = 0x138c4cac0, ssl_session = 0x138c4d160
  record: offset = 0, reported_length_remaining = 60
dissect_ssl3_record: content_type 23 Application Data
decrypt_ssl3_record: app_data len 55, ssl state 0x10
packet_from_server: is from server - TRUE
decrypt_ssl3_record: using server decoder
decrypt_ssl3_record: no decoder available

dissect_ssl enter frame #945 (first time)
packet_from_server: is from server - TRUE
  conversation = 0x138cc70e0, ssl_session = 0x138cc7c30
  record: offset = 0, reported_length_remaining = 117
dissect_ssl3_record: content_type 23 Application Data
decrypt_ssl3_record: app_data len 112, ssl state 0x97
packet_from_server: is from server - TRUE
decrypt_ssl3_record: using server decoder
decrypt_ssl3_record: no decoder available

dissect_ssl enter frame #947 (first time)
packet_from_server: is from server - TRUE
  conversation = 0x138cc70e0, ssl_session = 0x138cc7c30
  record: offset = 0, reported_length_remaining = 50
dissect_ssl3_record: content_type 23 Application Data
decrypt_ssl3_record: app_data len 45, ssl state 0x97
packet_from_server: is from server - TRUE
decrypt_ssl3_record: using server decoder
decrypt_ssl3_record: no decoder available

dissect_ssl enter frame #948 (first time)
packet_from_server: is from server - TRUE
  conversation = 0x138cc70e0, ssl_session = 0x138cc7c30
  record: offset = 0, reported_length_remaining = 186
dissect_ssl3_record: content_type 23 Application Data
decrypt_ssl3_record: app_data len 181, ssl state 0x97
packet_from_server: is from server - TRUE
decrypt_ssl3_record: using server decoder
decrypt_ssl3_record: no decoder available

dissect_ssl enter frame #952 (first time)
packet_from_server: is from server - FALSE
  conversation = 0x138ccb4c0, ssl_session = 0x138ccc9e0
  record: offset = 0, reported_length_remaining = 1400
  need_desegmentation: offset = 0, reported_length_remaining = 1400

dissect_ssl enter frame #953 (first time)
packet_from_server: is from server - FALSE
  conversation = 0x138ccb4c0, ssl_session = 0x138ccc9e0
  record: offset = 0, reported_length_remaining = 2065
dissect_ssl3_record: content_type 22 Handshake
decrypt_ssl3_record: app_data len 2060, ssl state 0x00
packet_from_server: is from server - FALSE
decrypt_ssl3_record: using client decoder
decrypt_ssl3_record: no decoder available
dissect_ssl3_handshake iteration 1 type 1 offset 5 length 2056 bytes
Calculating hash with offset 5 2060
ssl_dissect_hnd_hello_common found CLIENT RANDOM -> state 0x01

dissect_ssl enter frame #957 (first time)
packet_from_server: is from server - TRUE
  conversation = 0x138ccb4c0, ssl_session = 0x138ccc9e0
  record: offset = 0, reported_length_remaining = 218
ssl_try_set_version found version 0x0303 -> state 0x91
dissect_ssl3_record: content_type 22 Handshake
decrypt_ssl3_record: app_data len 128, ssl state 0x91
packet_from_server: is from server - TRUE
decrypt_ssl3_record: using server decoder
decrypt_ssl3_record: no decoder available
dissect_ssl3_handshake iteration 1 type 2 offset 5 length 124 bytes
ssl_try_set_version found version 0x0304 -> state 0x91
ssl_dissect_hnd_hello_common found SERVER RANDOM -> state 0x93
ssl_set_cipher found CIPHER 0x1301 TLS_AES_128_GCM_SHA256 -> state 0x97
trying to use TLS keylog in /Volumes/home/projects/open/rama/.personal/key.pem
tls13_load_secret transitioning to new key, old state 0x97
tls13_load_secret Cannot find CLIENT_HANDSHAKE_TRAFFIC_SECRET, decryption impossible
tls13_load_secret transitioning to new key, old state 0x97
tls13_load_secret Cannot find SERVER_HANDSHAKE_TRAFFIC_SECRET, decryption impossible
  record: offset = 133, reported_length_remaining = 85
dissect_ssl3_record: content_type 20 Change Cipher Spec
  record: offset = 139, reported_length_remaining = 79
dissect_ssl3_record: content_type 23 Application Data
decrypt_ssl3_record: app_data len 74, ssl state 0x97
packet_from_server: is from server - TRUE
decrypt_ssl3_record: using server decoder
decrypt_ssl3_record: no decoder available

dissect_ssl enter frame #959 (first time)
packet_from_server: is from server - FALSE
  conversation = 0x138ccb4c0, ssl_session = 0x138ccc9e0
  record: offset = 0, reported_length_remaining = 64
dissect_ssl3_record: content_type 20 Change Cipher Spec
  record: offset = 6, reported_length_remaining = 58
dissect_ssl3_record: content_type 23 Application Data
decrypt_ssl3_record: app_data len 53, ssl state 0x97
packet_from_server: is from server - FALSE
decrypt_ssl3_record: using client decoder
decrypt_ssl3_record: no decoder available

dissect_ssl enter frame #960 (first time)
packet_from_server: is from server - FALSE
  conversation = 0x138ccb4c0, ssl_session = 0x138ccc9e0
  record: offset = 0, reported_length_remaining = 1400
  need_desegmentation: offset = 0, reported_length_remaining = 1400

dissect_ssl enter frame #965 (first time)
packet_from_server: is from server - FALSE
  conversation = 0x138ccb4c0, ssl_session = 0x138ccc9e0
  record: offset = 0, reported_length_remaining = 3474
dissect_ssl3_record: content_type 23 Application Data
decrypt_ssl3_record: app_data len 3469, ssl state 0x97
packet_from_server: is from server - FALSE
decrypt_ssl3_record: using client decoder
decrypt_ssl3_record: no decoder available

dissect_ssl enter frame #970 (first time)
packet_from_server: is from server - TRUE
  conversation = 0x138ccb4c0, ssl_session = 0x138ccc9e0
  record: offset = 0, reported_length_remaining = 832
dissect_ssl3_record: content_type 23 Application Data
decrypt_ssl3_record: app_data len 565, ssl state 0x97
packet_from_server: is from server - TRUE
decrypt_ssl3_record: using server decoder
decrypt_ssl3_record: no decoder available
  record: offset = 570, reported_length_remaining = 262
dissect_ssl3_record: content_type 23 Application Data
decrypt_ssl3_record: app_data len 257, ssl state 0x97
packet_from_server: is from server - TRUE
decrypt_ssl3_record: using server decoder
decrypt_ssl3_record: no decoder available

dissect_ssl enter frame #972 (first time)
packet_from_server: is from server - FALSE
  conversation = 0x138ccb4c0, ssl_session = 0x138ccc9e0
  record: offset = 0, reported_length_remaining = 135
dissect_ssl3_record: content_type 23 Application Data
decrypt_ssl3_record: app_data len 130, ssl state 0x97
packet_from_server: is from server - FALSE
decrypt_ssl3_record: using client decoder
decrypt_ssl3_record: no decoder available

dissect_ssl enter frame #973 (first time)
packet_from_server: is from server - TRUE
  conversation = 0x138ccb4c0, ssl_session = 0x138ccc9e0
  record: offset = 0, reported_length_remaining = 117
dissect_ssl3_record: content_type 23 Application Data
decrypt_ssl3_record: app_data len 112, ssl state 0x97
packet_from_server: is from server - TRUE
decrypt_ssl3_record: using server decoder
decrypt_ssl3_record: no decoder available

dissect_ssl enter frame #975 (first time)
packet_from_server: is from server - TRUE
  conversation = 0x138ccb4c0, ssl_session = 0x138ccc9e0
  record: offset = 0, reported_length_remaining = 187
dissect_ssl3_record: content_type 23 Application Data
decrypt_ssl3_record: app_data len 182, ssl state 0x97
packet_from_server: is from server - TRUE
decrypt_ssl3_record: using server decoder
decrypt_ssl3_record: no decoder available

dissect_ssl enter frame #977 (first time)
packet_from_server: is from server - TRUE
  conversation = 0x138c5d340, ssl_session = 0x138c5d9e0
  record: offset = 0, reported_length_remaining = 176
dissect_ssl3_record: content_type 23 Application Data
decrypt_ssl3_record: app_data len 171, ssl state 0x10
packet_from_server: is from server - TRUE
decrypt_ssl3_record: using server decoder
decrypt_ssl3_record: no decoder available

dissect_ssl enter frame #979 (first time)
packet_from_server: is from server - TRUE
  conversation = 0x138c5d340, ssl_session = 0x138c5d9e0
  record: offset = 0, reported_length_remaining = 43
dissect_ssl3_record: content_type 23 Application Data
decrypt_ssl3_record: app_data len 38, ssl state 0x10
packet_from_server: is from server - TRUE
decrypt_ssl3_record: using server decoder
decrypt_ssl3_record: no decoder available

dissect_ssl enter frame #981 (first time)
packet_from_server: is from server - TRUE
  conversation = 0x138c5d340, ssl_session = 0x138c5d9e0
  record: offset = 0, reported_length_remaining = 54
dissect_ssl3_record: content_type 23 Application Data
decrypt_ssl3_record: app_data len 49, ssl state 0x10
packet_from_server: is from server - TRUE
decrypt_ssl3_record: using server decoder
decrypt_ssl3_record: no decoder available

dissect_ssl enter frame #983 (first time)
packet_from_server: is from server - TRUE
  conversation = 0x138c5d340, ssl_session = 0x138c5d9e0
  record: offset = 0, reported_length_remaining = 61
dissect_ssl3_record: content_type 23 Application Data
decrypt_ssl3_record: app_data len 56, ssl state 0x10
packet_from_server: is from server - TRUE
decrypt_ssl3_record: using server decoder
decrypt_ssl3_record: no decoder available

dissect_ssl enter frame #985 (first time)
packet_from_server: is from server - TRUE
  conversation = 0x138c5d340, ssl_session = 0x138c5d9e0
  record: offset = 0, reported_length_remaining = 43
dissect_ssl3_record: content_type 23 Application Data
decrypt_ssl3_record: app_data len 38, ssl state 0x10
packet_from_server: is from server - TRUE
decrypt_ssl3_record: using server decoder
decrypt_ssl3_record: no decoder available

dissect_ssl enter frame #987 (first time)
packet_from_server: is from server - TRUE
  conversation = 0x138c47070, ssl_session = 0x138c47710
  record: offset = 0, reported_length_remaining = 60
dissect_ssl3_record: content_type 23 Application Data
decrypt_ssl3_record: app_data len 55, ssl state 0x10
packet_from_server: is from server - TRUE
decrypt_ssl3_record: using server decoder
decrypt_ssl3_record: no decoder available

dissect_ssl enter frame #989 (first time)
packet_from_server: is from server - TRUE
  conversation = 0x138c5d340, ssl_session = 0x138c5d9e0
  record: offset = 0, reported_length_remaining = 44
dissect_ssl3_record: content_type 23 Application Data
decrypt_ssl3_record: app_data len 39, ssl state 0x10
packet_from_server: is from server - TRUE
decrypt_ssl3_record: using server decoder
decrypt_ssl3_record: no decoder available

dissect_ssl enter frame #991 (first time)
packet_from_server: is from server - FALSE
  conversation = 0x138cd2400, ssl_session = 0x138cd2aa0
  record: offset = 0, reported_length_remaining = 72
ssl_try_set_version found version 0x0303 -> state 0x10
dissect_ssl3_record: content_type 23 Application Data
decrypt_ssl3_record: app_data len 67, ssl state 0x10
packet_from_server: is from server - FALSE
decrypt_ssl3_record: using client decoder
decrypt_ssl3_record: no decoder available

dissect_ssl enter frame #992 (first time)
packet_from_server: is from server - TRUE
  conversation = 0x138cd2400, ssl_session = 0x138cd2aa0
  record: offset = 0, reported_length_remaining = 95
dissect_ssl3_record: content_type 23 Application Data
decrypt_ssl3_record: app_data len 90, ssl state 0x10
packet_from_server: is from server - TRUE
decrypt_ssl3_record: using server decoder
decrypt_ssl3_record: no decoder available

dissect_ssl enter frame #994 (first time)
packet_from_server: is from server - TRUE
  conversation = 0x138c5d340, ssl_session = 0x138c5d9e0
  record: offset = 0, reported_length_remaining = 43
dissect_ssl3_record: content_type 23 Application Data
decrypt_ssl3_record: app_data len 38, ssl state 0x10
packet_from_server: is from server - TRUE
decrypt_ssl3_record: using server decoder
decrypt_ssl3_record: no decoder available

dissect_ssl enter frame #996 (first time)
packet_from_server: is from server - TRUE
  conversation = 0x138c5d340, ssl_session = 0x138c5d9e0
  record: offset = 0, reported_length_remaining = 43
dissect_ssl3_record: content_type 23 Application Data
decrypt_ssl3_record: app_data len 38, ssl state 0x10
packet_from_server: is from server - TRUE
decrypt_ssl3_record: using server decoder
decrypt_ssl3_record: no decoder available

dissect_ssl enter frame #998 (first time)
packet_from_server: is from server - TRUE
  conversation = 0x138c4a1a0, ssl_session = 0x138c4a840
  record: offset = 0, reported_length_remaining = 60
dissect_ssl3_record: content_type 23 Application Data
decrypt_ssl3_record: app_data len 55, ssl state 0x10
packet_from_server: is from server - TRUE
decrypt_ssl3_record: using server decoder
decrypt_ssl3_record: no decoder available

dissect_ssl enter frame #1001 (first time)
packet_from_server: is from server - TRUE
  conversation = 0x138c5d340, ssl_session = 0x138c5d9e0
  record: offset = 0, reported_length_remaining = 191
dissect_ssl3_record: content_type 23 Application Data
decrypt_ssl3_record: app_data len 186, ssl state 0x10
packet_from_server: is from server - TRUE
decrypt_ssl3_record: using server decoder
decrypt_ssl3_record: no decoder available

dissect_ssl enter frame #1004 (first time)
packet_from_server: is from server - TRUE
  conversation = 0x138c5d340, ssl_session = 0x138c5d9e0
  record: offset = 0, reported_length_remaining = 43
dissect_ssl3_record: content_type 23 Application Data
decrypt_ssl3_record: app_data len 38, ssl state 0x10
packet_from_server: is from server - TRUE
decrypt_ssl3_record: using server decoder
decrypt_ssl3_record: no decoder available

dissect_ssl enter frame #1006 (first time)
packet_from_server: is from server - TRUE
  conversation = 0x138c4cac0, ssl_session = 0x138c4d160
  record: offset = 0, reported_length_remaining = 60
dissect_ssl3_record: content_type 23 Application Data
decrypt_ssl3_record: app_data len 55, ssl state 0x10
packet_from_server: is from server - TRUE
decrypt_ssl3_record: using server decoder
decrypt_ssl3_record: no decoder available

dissect_ssl enter frame #1009 (first time)
packet_from_server: is from server - TRUE
  conversation = 0x138c5d340, ssl_session = 0x138c5d9e0
  record: offset = 0, reported_length_remaining = 180
dissect_ssl3_record: content_type 23 Application Data
decrypt_ssl3_record: app_data len 175, ssl state 0x10
packet_from_server: is from server - TRUE
decrypt_ssl3_record: using server decoder
decrypt_ssl3_record: no decoder available

dissect_ssl enter frame #1012 (first time)
packet_from_server: is from server - TRUE
  conversation = 0x138c47070, ssl_session = 0x138c47710
  record: offset = 0, reported_length_remaining = 60
dissect_ssl3_record: content_type 23 Application Data
decrypt_ssl3_record: app_data len 55, ssl state 0x10
packet_from_server: is from server - TRUE
decrypt_ssl3_record: using server decoder
decrypt_ssl3_record: no decoder available

dissect_ssl enter frame #1014 (first time)
packet_from_server: is from server - TRUE
  conversation = 0x138c5d340, ssl_session = 0x138c5d9e0
  record: offset = 0, reported_length_remaining = 43
dissect_ssl3_record: content_type 23 Application Data
decrypt_ssl3_record: app_data len 38, ssl state 0x10
packet_from_server: is from server - TRUE
decrypt_ssl3_record: using server decoder
decrypt_ssl3_record: no decoder available

dissect_ssl enter frame #1016 (first time)
packet_from_server: is from server - TRUE
  conversation = 0x138c5f780, ssl_session = 0x138c5fe20
  record: offset = 0, reported_length_remaining = 100
dissect_ssl3_record: content_type 23 Application Data
decrypt_ssl3_record: app_data len 95, ssl state 0x10
packet_from_server: is from server - TRUE
decrypt_ssl3_record: using server decoder
decrypt_ssl3_record: no decoder available

dissect_ssl enter frame #1018 (first time)
packet_from_server: is from server - FALSE
  conversation = 0x138c5f780, ssl_session = 0x138c5fe20
  record: offset = 0, reported_length_remaining = 104
dissect_ssl3_record: content_type 23 Application Data
decrypt_ssl3_record: app_data len 99, ssl state 0x10
packet_from_server: is from server - FALSE
decrypt_ssl3_record: using client decoder
decrypt_ssl3_record: no decoder available

dissect_ssl enter frame #1019 (first time)
packet_from_server: is from server - TRUE
  conversation = 0x138c5d340, ssl_session = 0x138c5d9e0
  record: offset = 0, reported_length_remaining = 178
dissect_ssl3_record: content_type 23 Application Data
decrypt_ssl3_record: app_data len 173, ssl state 0x10
packet_from_server: is from server - TRUE
decrypt_ssl3_record: using server decoder
decrypt_ssl3_record: no decoder available

dissect_ssl enter frame #1022 (first time)
packet_from_server: is from server - TRUE
  conversation = 0x138c5d340, ssl_session = 0x138c5d9e0
  record: offset = 0, reported_length_remaining = 53
dissect_ssl3_record: content_type 23 Application Data
decrypt_ssl3_record: app_data len 48, ssl state 0x10
packet_from_server: is from server - TRUE
decrypt_ssl3_record: using server decoder
decrypt_ssl3_record: no decoder available

dissect_ssl enter frame #1024 (first time)
packet_from_server: is from server - TRUE
  conversation = 0x138c5d340, ssl_session = 0x138c5d9e0
  record: offset = 0, reported_length_remaining = 44
dissect_ssl3_record: content_type 23 Application Data
decrypt_ssl3_record: app_data len 39, ssl state 0x10
packet_from_server: is from server - TRUE
decrypt_ssl3_record: using server decoder
decrypt_ssl3_record: no decoder available

dissect_ssl enter frame #1026 (first time)
packet_from_server: is from server - TRUE
  conversation = 0x138c5d340, ssl_session = 0x138c5d9e0
  record: offset = 0, reported_length_remaining = 177
dissect_ssl3_record: content_type 23 Application Data
decrypt_ssl3_record: app_data len 172, ssl state 0x10
packet_from_server: is from server - TRUE
decrypt_ssl3_record: using server decoder
decrypt_ssl3_record: no decoder available

dissect_ssl enter frame #1028 (first time)
packet_from_server: is from server - TRUE
  conversation = 0x138c5d340, ssl_session = 0x138c5d9e0
  record: offset = 0, reported_length_remaining = 44
dissect_ssl3_record: content_type 23 Application Data
decrypt_ssl3_record: app_data len 39, ssl state 0x10
packet_from_server: is from server - TRUE
decrypt_ssl3_record: using server decoder
decrypt_ssl3_record: no decoder available

dissect_ssl enter frame #1030 (first time)
packet_from_server: is from server - TRUE
  conversation = 0x138c4a1a0, ssl_session = 0x138c4a840
  record: offset = 0, reported_length_remaining = 60
dissect_ssl3_record: content_type 23 Application Data
decrypt_ssl3_record: app_data len 55, ssl state 0x10
packet_from_server: is from server - TRUE
decrypt_ssl3_record: using server decoder
decrypt_ssl3_record: no decoder available

dissect_ssl enter frame #1032 (first time)
packet_from_server: is from server - TRUE
  conversation = 0x138c5d340, ssl_session = 0x138c5d9e0
  record: offset = 0, reported_length_remaining = 171
dissect_ssl3_record: content_type 23 Application Data
decrypt_ssl3_record: app_data len 166, ssl state 0x10
packet_from_server: is from server - TRUE
decrypt_ssl3_record: using server decoder
decrypt_ssl3_record: no decoder available

dissect_ssl enter frame #1035 (first time)
packet_from_server: is from server - TRUE
  conversation = 0x138c5d340, ssl_session = 0x138c5d9e0
  record: offset = 0, reported_length_remaining = 43
dissect_ssl3_record: content_type 23 Application Data
decrypt_ssl3_record: app_data len 38, ssl state 0x10
packet_from_server: is from server - TRUE
decrypt_ssl3_record: using server decoder
decrypt_ssl3_record: no decoder available

dissect_ssl enter frame #1040 (first time)
packet_from_server: is from server - TRUE
  conversation = 0x138c5d340, ssl_session = 0x138c5d9e0
  record: offset = 0, reported_length_remaining = 55
dissect_ssl3_record: content_type 23 Application Data
decrypt_ssl3_record: app_data len 50, ssl state 0x10
packet_from_server: is from server - TRUE
decrypt_ssl3_record: using server decoder
decrypt_ssl3_record: no decoder available

dissect_ssl enter frame #1049 (first time)
packet_from_server: is from server - TRUE
  conversation = 0x138c5d340, ssl_session = 0x138c5d9e0
  record: offset = 0, reported_length_remaining = 44
dissect_ssl3_record: content_type 23 Application Data
decrypt_ssl3_record: app_data len 39, ssl state 0x10
packet_from_server: is from server - TRUE
decrypt_ssl3_record: using server decoder
decrypt_ssl3_record: no decoder available

dissect_ssl enter frame #1051 (first time)
packet_from_server: is from server - TRUE
  conversation = 0x138c4cac0, ssl_session = 0x138c4d160
  record: offset = 0, reported_length_remaining = 60
dissect_ssl3_record: content_type 23 Application Data
decrypt_ssl3_record: app_data len 55, ssl state 0x10
packet_from_server: is from server - TRUE
decrypt_ssl3_record: using server decoder
decrypt_ssl3_record: no decoder available

dissect_ssl enter frame #1053 (first time)
packet_from_server: is from server - TRUE
  conversation = 0x138c5d340, ssl_session = 0x138c5d9e0
  record: offset = 0, reported_length_remaining = 42
dissect_ssl3_record: content_type 23 Application Data
decrypt_ssl3_record: app_data len 37, ssl state 0x10
packet_from_server: is from server - TRUE
decrypt_ssl3_record: using server decoder
decrypt_ssl3_record: no decoder available

dissect_ssl enter frame #1055 (first time)
packet_from_server: is from server - TRUE
  conversation = 0x138c62d30, ssl_session = 0x138c633d0
  record: offset = 0, reported_length_remaining = 100
dissect_ssl3_record: content_type 23 Application Data
decrypt_ssl3_record: app_data len 95, ssl state 0x10
packet_from_server: is from server - TRUE
decrypt_ssl3_record: using server decoder
decrypt_ssl3_record: no decoder available

dissect_ssl enter frame #1057 (first time)
packet_from_server: is from server - FALSE
  conversation = 0x138c62d30, ssl_session = 0x138c633d0
  record: offset = 0, reported_length_remaining = 104
dissect_ssl3_record: content_type 23 Application Data
decrypt_ssl3_record: app_data len 99, ssl state 0x10
packet_from_server: is from server - FALSE
decrypt_ssl3_record: using client decoder
decrypt_ssl3_record: no decoder available

dissect_ssl enter frame #1058 (first time)
packet_from_server: is from server - TRUE
  conversation = 0x138c47070, ssl_session = 0x138c47710
  record: offset = 0, reported_length_remaining = 60
dissect_ssl3_record: content_type 23 Application Data
decrypt_ssl3_record: app_data len 55, ssl state 0x10
packet_from_server: is from server - TRUE
decrypt_ssl3_record: using server decoder
decrypt_ssl3_record: no decoder available

dissect_ssl enter frame #1063 (first time)
packet_from_server: is from server - TRUE
  conversation = 0x138c5d340, ssl_session = 0x138c5d9e0
  record: offset = 0, reported_length_remaining = 43
dissect_ssl3_record: content_type 23 Application Data
decrypt_ssl3_record: app_data len 38, ssl state 0x10
packet_from_server: is from server - TRUE
decrypt_ssl3_record: using server decoder
decrypt_ssl3_record: no decoder available

dissect_ssl enter frame #1065 (first time)
packet_from_server: is from server - TRUE
  conversation = 0x138c5d340, ssl_session = 0x138c5d9e0
  record: offset = 0, reported_length_remaining = 43
dissect_ssl3_record: content_type 23 Application Data
decrypt_ssl3_record: app_data len 38, ssl state 0x10
packet_from_server: is from server - TRUE
decrypt_ssl3_record: using server decoder
decrypt_ssl3_record: no decoder available

dissect_ssl enter frame #1070 (first time)
packet_from_server: is from server - TRUE
  conversation = 0x138c5d340, ssl_session = 0x138c5d9e0
  record: offset = 0, reported_length_remaining = 172
dissect_ssl3_record: content_type 23 Application Data
decrypt_ssl3_record: app_data len 167, ssl state 0x10
packet_from_server: is from server - TRUE
decrypt_ssl3_record: using server decoder
decrypt_ssl3_record: no decoder available

dissect_ssl enter frame #1072 (first time)
packet_from_server: is from server - TRUE
  conversation = 0x138c5d340, ssl_session = 0x138c5d9e0
  record: offset = 0, reported_length_remaining = 42
dissect_ssl3_record: content_type 23 Application Data
decrypt_ssl3_record: app_data len 37, ssl state 0x10
packet_from_server: is from server - TRUE
decrypt_ssl3_record: using server decoder
decrypt_ssl3_record: no decoder available
